Archive member included to satisfy reference by file (symbol)

C:/ST/STM32CubeCLT_1.19.0/GNU-tools-for-STM32/bin/../lib/gcc/arm-none-eabi/13.3.1/../../../../arm-none-eabi/lib/thumb/v8-m.main+fp/hard\libg_nano.a(libc_a-exit.o)
                              C:/ST/STM32CubeCLT_1.19.0/GNU-tools-for-STM32/bin/../lib/gcc/arm-none-eabi/13.3.1/../../../../arm-none-eabi/lib/thumb/v8-m.main+fp/hard/crt0.o (exit)
C:/ST/STM32CubeCLT_1.19.0/GNU-tools-for-STM32/bin/../lib/gcc/arm-none-eabi/13.3.1/../../../../arm-none-eabi/lib/thumb/v8-m.main+fp/hard\libg_nano.a(libc_a-findfp.o)
                              C:/ST/STM32CubeCLT_1.19.0/GNU-tools-for-STM32/bin/../lib/gcc/arm-none-eabi/13.3.1/../../../../arm-none-eabi/lib/thumb/v8-m.main+fp/hard\libg_nano.a(libc_a-exit.o) (__stdio_exit_handler)
C:/ST/STM32CubeCLT_1.19.0/GNU-tools-for-STM32/bin/../lib/gcc/arm-none-eabi/13.3.1/../../../../arm-none-eabi/lib/thumb/v8-m.main+fp/hard\libg_nano.a(libc_a-fwalk.o)
                              C:/ST/STM32CubeCLT_1.19.0/GNU-tools-for-STM32/bin/../lib/gcc/arm-none-eabi/13.3.1/../../../../arm-none-eabi/lib/thumb/v8-m.main+fp/hard\libg_nano.a(libc_a-findfp.o) (_fwalk_sglue)
C:/ST/STM32CubeCLT_1.19.0/GNU-tools-for-STM32/bin/../lib/gcc/arm-none-eabi/13.3.1/../../../../arm-none-eabi/lib/thumb/v8-m.main+fp/hard\libg_nano.a(libc_a-stdio.o)
                              C:/ST/STM32CubeCLT_1.19.0/GNU-tools-for-STM32/bin/../lib/gcc/arm-none-eabi/13.3.1/../../../../arm-none-eabi/lib/thumb/v8-m.main+fp/hard\libg_nano.a(libc_a-findfp.o) (__sread)
C:/ST/STM32CubeCLT_1.19.0/GNU-tools-for-STM32/bin/../lib/gcc/arm-none-eabi/13.3.1/../../../../arm-none-eabi/lib/thumb/v8-m.main+fp/hard\libg_nano.a(libc_a-memset.o)
                              C:/ST/STM32CubeCLT_1.19.0/GNU-tools-for-STM32/bin/../lib/gcc/arm-none-eabi/13.3.1/../../../../arm-none-eabi/lib/thumb/v8-m.main+fp/hard/crt0.o (memset)
C:/ST/STM32CubeCLT_1.19.0/GNU-tools-for-STM32/bin/../lib/gcc/arm-none-eabi/13.3.1/../../../../arm-none-eabi/lib/thumb/v8-m.main+fp/hard\libg_nano.a(libc_a-closer.o)
                              C:/ST/STM32CubeCLT_1.19.0/GNU-tools-for-STM32/bin/../lib/gcc/arm-none-eabi/13.3.1/../../../../arm-none-eabi/lib/thumb/v8-m.main+fp/hard\libg_nano.a(libc_a-stdio.o) (_close_r)
C:/ST/STM32CubeCLT_1.19.0/GNU-tools-for-STM32/bin/../lib/gcc/arm-none-eabi/13.3.1/../../../../arm-none-eabi/lib/thumb/v8-m.main+fp/hard\libg_nano.a(libc_a-reent.o)
                              C:/ST/STM32CubeCLT_1.19.0/GNU-tools-for-STM32/bin/../lib/gcc/arm-none-eabi/13.3.1/../../../../arm-none-eabi/lib/thumb/v8-m.main+fp/hard\libg_nano.a(libc_a-closer.o) (errno)
C:/ST/STM32CubeCLT_1.19.0/GNU-tools-for-STM32/bin/../lib/gcc/arm-none-eabi/13.3.1/../../../../arm-none-eabi/lib/thumb/v8-m.main+fp/hard\libg_nano.a(libc_a-impure.o)
                              C:/ST/STM32CubeCLT_1.19.0/GNU-tools-for-STM32/bin/../lib/gcc/arm-none-eabi/13.3.1/../../../../arm-none-eabi/lib/thumb/v8-m.main+fp/hard\libg_nano.a(libc_a-reent.o) (_impure_ptr)
C:/ST/STM32CubeCLT_1.19.0/GNU-tools-for-STM32/bin/../lib/gcc/arm-none-eabi/13.3.1/../../../../arm-none-eabi/lib/thumb/v8-m.main+fp/hard\libg_nano.a(libc_a-lseekr.o)
                              C:/ST/STM32CubeCLT_1.19.0/GNU-tools-for-STM32/bin/../lib/gcc/arm-none-eabi/13.3.1/../../../../arm-none-eabi/lib/thumb/v8-m.main+fp/hard\libg_nano.a(libc_a-stdio.o) (_lseek_r)
C:/ST/STM32CubeCLT_1.19.0/GNU-tools-for-STM32/bin/../lib/gcc/arm-none-eabi/13.3.1/../../../../arm-none-eabi/lib/thumb/v8-m.main+fp/hard\libg_nano.a(libc_a-readr.o)
                              C:/ST/STM32CubeCLT_1.19.0/GNU-tools-for-STM32/bin/../lib/gcc/arm-none-eabi/13.3.1/../../../../arm-none-eabi/lib/thumb/v8-m.main+fp/hard\libg_nano.a(libc_a-stdio.o) (_read_r)
C:/ST/STM32CubeCLT_1.19.0/GNU-tools-for-STM32/bin/../lib/gcc/arm-none-eabi/13.3.1/../../../../arm-none-eabi/lib/thumb/v8-m.main+fp/hard\libg_nano.a(libc_a-writer.o)
                              C:/ST/STM32CubeCLT_1.19.0/GNU-tools-for-STM32/bin/../lib/gcc/arm-none-eabi/13.3.1/../../../../arm-none-eabi/lib/thumb/v8-m.main+fp/hard\libg_nano.a(libc_a-stdio.o) (_write_r)
C:/ST/STM32CubeCLT_1.19.0/GNU-tools-for-STM32/bin/../lib/gcc/arm-none-eabi/13.3.1/../../../../arm-none-eabi/lib/thumb/v8-m.main+fp/hard\libg_nano.a(libc_a-errno.o)
                              CMakeFiles/Astrum.dir/Core/Src/sysmem.c.obj (__errno)
C:/ST/STM32CubeCLT_1.19.0/GNU-tools-for-STM32/bin/../lib/gcc/arm-none-eabi/13.3.1/../../../../arm-none-eabi/lib/thumb/v8-m.main+fp/hard\libg_nano.a(libc_a-init.o)
                              C:/ST/STM32CubeCLT_1.19.0/GNU-tools-for-STM32/bin/../lib/gcc/arm-none-eabi/13.3.1/../../../../arm-none-eabi/lib/thumb/v8-m.main+fp/hard/crt0.o (__libc_init_array)
C:/ST/STM32CubeCLT_1.19.0/GNU-tools-for-STM32/bin/../lib/gcc/arm-none-eabi/13.3.1/../../../../arm-none-eabi/lib/thumb/v8-m.main+fp/hard\libg_nano.a(libc_a-lock.o)
[...]
Memory Configuration

Name             Origin             Length             Attributes
RAM              0x20000000         0x00044000         xrw
FLASH            0x08000000         0x00080000         xr
*default*        0x00000000         0xffffffff

Linker script and memory map

LOAD C:/ST/STM32CubeCLT_1.19.0/GNU-tools-for-STM32/bin/../lib/gcc/arm-none-eabi/13.3.1/thumb/v8-m.main+fp/hard/crti.o
LOAD C:/ST/STM32CubeCLT_1.19.0/GNU-tools-for-STM32/bin/../lib/gcc/arm-none-eabi/13.3.1/thumb/v8-m.main+fp/hard/crtbegin.o
LOAD C:/ST/STM32CubeCLT_1.19.0/GNU-tools-for-STM32/bin/../lib/gcc/arm-none-eabi/13.3.1/../../../../arm-none-eabi/lib/thumb/v8-m.main+fp/hard/crt0.o
LOAD cmake/stm32cubemx/CMakeFiles/STM32_Drivers.dir/__/__/Core/Src/system_stm32h5xx.c.obj
LOAD cmake/stm32cubemx/CMakeFiles/STM32_Drivers.dir/__/__/Drivers/STM32H5xx_HAL_Driver/Src/stm32h5xx_hal_i2c.c.obj
LOAD cmake/stm32cubemx/CMakeFiles/STM32_Drivers.dir/__/__/Drivers/STM32H5xx_HAL_Driver/Src/stm32h5xx_hal_i2c_ex.c.obj
LOAD cmake/stm32cubemx/CMakeFiles/STM32_Drivers.dir/__/__/Drivers/STM32H5xx_HAL_Driver/Src/stm32h5xx_hal_dma.c.obj
LOAD cmake/stm32cubemx/CMakeFiles/STM32_Drivers.dir/__/__/Drivers/STM32H5xx_HAL_Driver/Src/stm32h5xx_hal_dma_ex.c.obj
LOAD cmake/stm32cubemx/CMakeFiles/STM32_Drivers.dir/__/__/Drivers/STM32H5xx_HAL_Driver/Src/stm32h5xx_hal_rcc.c.obj
LOAD cmake/stm32cubemx/CMakeFiles/STM32_Drivers.dir/__/__/Drivers/STM32H5xx_HAL_Driver/Src/stm32h5xx_hal_rcc_ex.c.obj
LOAD cmake/stm32cubemx/CMakeFiles/STM32_Drivers.dir/__/__/Drivers/STM32H5xx_HAL_Driver/Src/stm32h5xx_hal_flash.c.obj
LOAD cmake/stm32cubemx/CMakeFiles/STM32_Drivers.dir/__/__/Drivers/STM32H5xx_HAL_Driver/Src/stm32h5xx_hal_flash_ex.c.obj
LOAD cmake/stm32cubemx/CMakeFiles/STM32_Drivers.dir/__/__/Drivers/STM32H5xx_HAL_Driver/Src/stm32h5xx_hal_gpio.c.obj
LOAD cmake/stm32cubemx/CMakeFiles/STM32_Drivers.dir/__/__/Drivers/STM32H5xx_HAL_Driver/Src/stm32h5xx_hal_pwr.c.obj
LOAD cmake/stm32cubemx/CMakeFiles/STM32_Drivers.dir/__/__/Drivers/STM32H5xx_HAL_Driver/Src/stm32h5xx_hal_pwr_ex.c.obj
LOAD cmake/stm32cubemx/CMakeFiles/STM32_Drivers.dir/__/__/Drivers/STM32H5xx_HAL_Driver/Src/stm32h5xx_hal_cortex.c.obj
LOAD cmake/stm32cubemx/CMakeFiles/STM32_Drivers.dir/__/__/Drivers/STM32H5xx_HAL_Driver/Src/stm32h5xx_hal.c.obj
LOAD cmake/stm32cubemx/CMakeFiles/STM32_Drivers.dir/__/__/Drivers/STM32H5xx_HAL_Driver/Src/stm32h5xx_hal_exti.c.obj
LOAD cmake/stm32cubemx/CMakeFiles/STM32_Drivers.dir/__/__/Drivers/STM32H5xx_HAL_Driver/Src/stm32h5xx_hal_pcd.c.obj
LOAD cmake/stm32cubemx/CMakeFiles/STM32_Drivers.dir/__/__/Drivers/STM32H5xx_HAL_Driver/Src/stm32h5xx_hal_pcd_ex.c.obj
LOAD cmake/stm32cubemx/CMakeFiles/STM32_Drivers.dir/__/__/Drivers/STM32H5xx_HAL_Driver/Src/stm32h5xx_ll_usb.c.obj
LOAD cmake/stm32cubemx/CMakeFiles/STM32_Drivers.dir/__/__/Drivers/BSP/Components/lsm6dsr/lsm6dsr_reg.c.obj
LOAD cmake/stm32cubemx/CMakeFiles/STM32_Drivers.dir/__/__/Drivers/BSP/Components/lsm6dsr/lsm6dsr.c.obj
LOAD CMakeFiles/Astrum.dir/X-CUBE-MEMS1/Target/custom_motion_sensors.c.obj
LOAD CMakeFiles/Astrum.dir/X-CUBE-MEMS1/Target/custom_motion_sensors_ex.c.obj
LOAD CMakeFiles/Astrum.dir/Core/Src/main.c.obj
LOAD CMakeFiles/Astrum.dir/Core/Src/gpio.c.obj
LOAD CMakeFiles/Astrum.dir/Core/Src/usb.c.obj
LOAD CMakeFiles/Astrum.dir/Core/Src/custom_bus.c.obj
LOAD CMakeFiles/Astrum.dir/Core/Src/stm32h5xx_it.c.obj
LOAD CMakeFiles/Astrum.dir/Core/Src/stm32h5xx_hal_msp.c.obj
LOAD CMakeFiles/Astrum.dir/Core/Src/sysmem.c.obj
LOAD CMakeFiles/Astrum.dir/Core/Src/syscalls.c.obj
LOAD CMakeFiles/Astrum.dir/startup_stm32h523xx.s.obj
LOAD CMakeFiles/Astrum.dir/Core/Src/app.cpp.obj
LOAD CMakeFiles/Astrum.dir/TINYUSB-SRC/tusb.c.obj
LOAD CMakeFiles/Astrum.dir/TINYUSB-SRC/common/tusb_fifo.c.obj
LOAD CMakeFiles/Astrum.dir/TINYUSB-SRC/device/usbd.c.obj
LOAD CMakeFiles/Astrum.dir/TINYUSB-SRC/device/usbd_control.c.obj
LOAD CMakeFiles/Astrum.dir/TINYUSB-SRC/class/cdc/cdc_device.c.obj
LOAD CMakeFiles/Astrum.dir/TINYUSB-SRC/portable/st/stm32_fsdev/dcd_stm32_fsdev.c.obj
LOAD CMakeFiles/Astrum.dir/TINYUSB-SRC/portable/st/stm32_fsdev/fsdev_common.c.obj
LOAD CMakeFiles/Astrum.dir/Core/Src/USB/usb_descriptors.c.obj
LOAD C:/ST/STM32CubeCLT_1.19.0/GNU-tools-for-STM32/bin/../lib/gcc/arm-none-eabi/13.3.1/../../../../arm-none-eabi/lib/thumb/v8-m.main+fp/hard\libstdc++_nano.a
LOAD C:/ST/STM32CubeCLT_1.19.0/GNU-tools-for-STM32/bin/../lib/gcc/arm-none-eabi/13.3.1/../../../../arm-none-eabi/lib/thumb/v8-m.main+fp/hard\libm.a
START GROUP
LOAD C:/ST/STM32CubeCLT_1.19.0/GNU-tools-for-STM32/bin/../lib/gcc/arm-none-eabi/13.3.1/thumb/v8-m.main+fp/hard\libgcc.a
LOAD C:/ST/STM32CubeCLT_1.19.0/GNU-tools-for-STM32/bin/../lib/gcc/arm-none-eabi/13.3.1/../../../../arm-none-eabi/lib/thumb/v8-m.main+fp/hard\libg_nano.a
LOAD C:/ST/STM32CubeCLT_1.19.0/GNU-tools-for-STM32/bin/../lib/gcc/arm-none-eabi/13.3.1/../../../../arm-none-eabi/lib/thumb/v8-m.main+fp/hard\libc_nano.a
END GROUP
START GROUP
LOAD C:/ST/STM32CubeCLT_1.19.0/GNU-tools-for-STM32/bin/../lib/gcc/arm-none-eabi/13.3.1/thumb/v8-m.main+fp/hard\libgcc.a
LOAD C:/ST/STM32CubeCLT_1.19.0/GNU-tools-for-STM32/bin/../lib/gcc/arm-none-eabi/13.3.1/../../../../arm-none-eabi/lib/thumb/v8-m.main+fp/hard\libc_nano.a
END GROUP
LOAD C:/ST/STM32CubeCLT_1.19.0/GNU-tools-for-STM32/bin/../lib/gcc/arm-none-eabi/13.3.1/thumb/v8-m.main+fp/hard/crtend.o
LOAD C:/ST/STM32CubeCLT_1.19.0/GNU-tools-for-STM32/bin/../lib/gcc/arm-none-eabi/13.3.1/thumb/v8-m.main+fp/hard/crtn.o
                0x20044000                        _estack = (ORIGIN (RAM) + LENGTH (RAM))
                0x00000200                        _Min_Heap_Size = 0x200
                0x00000400                        _Min_Stack_Size = 0x400

.isr_vector     0x08000000      0x254
                0x08000000                        . = ALIGN (0x4)
 *(.isr_vector)
 .isr_vector    0x08000000      0x254 CMakeFiles/Astrum.dir/startup_stm32h523xx.s.obj
                0x08000000                g_pfnVectors
                0x08000254                        . = ALIGN (0x4)

.text           0x08000254     0x9270
                0x08000254                        . = ALIGN (0x4)
 *(.text)
 .text          0x08000254       0x40 C:/ST/STM32CubeCLT_1.19.0/GNU-tools-for-STM32/bin/../lib/gcc/arm-none-eabi/13.3.1/thumb/v8-m.main+fp/hard/crtbegin.o
 .text          0x08000294       0x10 C:/ST/STM32CubeCLT_1.19.0/GNU-tools-for-STM32/bin/../lib/gcc/arm-none-eabi/13.3.1/../../../../arm-none-eabi/lib/thumb/v8-m.main+fp/hard\libg_nano.a(libc_a-strlen.o)
                0x08000294                strlen
 *(.text*)
 .text.SystemInit
                0x080002a4       0xf8 cmake/stm32cubemx/CMakeFiles/STM32_Drivers.dir/__/__/Core/Src/system_stm32h5xx.c.obj
                0x080002a4                SystemInit
 .text.HAL_RCC_OscConfig
                0x0800039c      0x870 cmake/stm32cubemx/CMakeFiles/STM32_Drivers.dir/__/__/Drivers/STM32H5xx_HAL_Driver/Src/stm32h5xx_hal_rcc.c.obj
                0x0800039c                HAL_RCC_OscConfig
 .text.HAL_RCC_ClockConfig
                0x08000c0c      0x370 cmake/stm32cubemx/CMakeFiles/STM32_Drivers.dir/__/__/Drivers/STM32H5xx_HAL_Driver/Src/stm32h5xx_hal_rcc.c.obj
                0x08000c0c                HAL_RCC_ClockConfig
 .text.HAL_RCC_GetSysClockFreq
                0x08000f7c      0x258 cmake/stm32cubemx/CMakeFiles/STM32_Drivers.dir/__/__/Drivers/STM32H5xx_HAL_Driver/Src/stm32h5xx_hal_rcc.c.obj
                0x08000f7c                HAL_RCC_GetSysClockFreq
 .text.HAL_RCC_GetHCLKFreq
                0x080011d4       0x38 cmake/stm32cubemx/CMakeFiles/STM32_Drivers.dir/__/__/Drivers/STM32H5xx_HAL_Driver/Src/stm32h5xx_hal_rcc.c.obj
                0x080011d4                HAL_RCC_GetHCLKFreq
 .text.HAL_RCCEx_PeriphCLKConfig
                0x0800120c     0x1380 cmake/stm32cubemx/CMakeFiles/STM32_Drivers.dir/__/__/Drivers/STM32H5xx_HAL_Driver/Src/stm32h5xx_hal_rcc_ex.c.obj
                0x0800120c                HAL_RCCEx_PeriphCLKConfig
 .text.RCCEx_PLL2_Config
                0x0800258c      0x130 cmake/stm32cubemx/CMakeFiles/STM32_Drivers.dir/__/__/Drivers/STM32H5xx_HAL_Driver/Src/stm32h5xx_hal_rcc_ex.c.obj
 .text.RCCEx_PLL3_Config
                0x080026bc      0x130 cmake/stm32cubemx/CMakeFiles/STM32_Drivers.dir/__/__/Drivers/STM32H5xx_HAL_Driver/Src/stm32h5xx_hal_rcc_ex.c.obj
 .text.HAL_GPIO_Init
                0x080027ec      0x2bc cmake/stm32cubemx/CMakeFiles/STM32_Drivers.dir/__/__/Drivers/STM32H5xx_HAL_Driver/Src/stm32h5xx_hal_gpio.c.obj
                0x080027ec                HAL_GPIO_Init
 .text.HAL_PWREx_EnableVddUSB
                0x08002aa8       0x20 cmake/stm32cubemx/CMakeFiles/STM32_Drivers.dir/__/__/Drivers/STM32H5xx_HAL_Driver/Src/stm32h5xx_hal_pwr_ex.c.obj
                0x08002aa8                HAL_PWREx_EnableVddUSB
 .text.__NVIC_SetPriorityGrouping
                0x08002ac8       0x48 cmake/stm32cubemx/CMakeFiles/STM32_Drivers.dir/__/__/Drivers/STM32H5xx_HAL_Driver/Src/stm32h5xx_hal_cortex.c.obj
 .text.__NVIC_GetPriorityGrouping
                0x08002b10       0x1c cmake/stm32cubemx/CMakeFiles/STM32_Drivers.dir/__/__/Drivers/STM32H5xx_HAL_Driver/Src/stm32h5xx_hal_cortex.c.obj
 .text.__NVIC_EnableIRQ
                0x08002b2c       0x3c cmake/stm32cubemx/CMakeFiles/STM32_Drivers.dir/__/__/Drivers/STM32H5xx_HAL_Driver/Src/stm32h5xx_hal_cortex.c.obj
 .text.__NVIC_SetPriority
                0x08002b68       0x54 cmake/stm32cubemx/CMakeFiles/STM32_Drivers.dir/__/__/Drivers/STM32H5xx_HAL_Driver/Src/stm32h5xx_hal_cortex.c.obj
 .text.NVIC_EncodePriority
                0x08002bbc       0x66 cmake/stm32cubemx/CMakeFiles/STM32_Drivers.dir/__/__/Drivers/STM32H5xx_HAL_Driver/Src/stm32h5xx_hal_cortex.c.obj
 .text.HAL_NVIC_SetPriorityGrouping
                0x08002c22       0x16 cmake/stm32cubemx/CMakeFiles/STM32_Drivers.dir/__/__/Drivers/STM32H5xx_HAL_Driver/Src/stm32h5xx_hal_cortex.c.obj
                0x08002c22                HAL_NVIC_SetPriorityGrouping
 .text.HAL_NVIC_SetPriority
                0x08002c38       0x34 cmake/stm32cubemx/CMakeFiles/STM32_Drivers.dir/__/__/Drivers/STM32H5xx_HAL_Driver/Src/stm32h5xx_hal_cortex.c.obj
                0x08002c38                HAL_NVIC_SetPriority
 .text.HAL_NVIC_EnableIRQ
                0x08002c6c       0x1c cmake/stm32cubemx/CMakeFiles/STM32_Drivers.dir/__/__/Drivers/STM32H5xx_HAL_Driver/Src/stm32h5xx_hal_cortex.c.obj
                0x08002c6c                HAL_NVIC_EnableIRQ
 .text.HAL_SYSTICK_Config
                0x08002c88       0x44 cmake/stm32cubemx/CMakeFiles/STM32_Drivers.dir/__/__/Drivers/STM32H5xx_HAL_Driver/Src/stm32h5xx_hal_cortex.c.obj
                0x08002c88                HAL_SYSTICK_Config
 .text.HAL_SYSTICK_CLKSourceConfig
                0x08002ccc       0xb0 cmake/stm32cubemx/CMakeFiles/STM32_Drivers.dir/__/__/Drivers/STM32H5xx_HAL_Driver/Src/stm32h5xx_hal_cortex.c.obj
                0x08002ccc                HAL_SYSTICK_CLKSourceConfig
 .text.HAL_SYSTICK_GetCLKSourceConfig
                0x08002d7c       0x6c cmake/stm32cubemx/CMakeFiles/STM32_Drivers.dir/__/__/Drivers/STM32H5xx_HAL_Driver/Src/stm32h5xx_hal_cortex.c.obj
                0x08002d7c                HAL_SYSTICK_GetCLKSourceConfig
 .text.HAL_Init
                0x08002de8       0x50 cmake/stm32cubemx/CMakeFiles/STM32_Drivers.dir/__/__/Drivers/STM32H5xx_HAL_Driver/Src/stm32h5xx_hal.c.obj
                0x08002de8                HAL_Init
 .text.HAL_InitTick
                0x08002e38       0xec cmake/stm32cubemx/CMakeFiles/STM32_Drivers.dir/__/__/Drivers/STM32H5xx_HAL_Driver/Src/stm32h5xx_hal.c.obj
                0x08002e38                HAL_InitTick
 .text.HAL_IncTick
                0x08002f24       0x28 cmake/stm32cubemx/CMakeFiles/STM32_Drivers.dir/__/__/Drivers/STM32H5xx_HAL_Driver/Src/stm32h5xx_hal.c.obj
                0x08002f24                HAL_IncTick
 .text.HAL_GetTick
                0x08002f4c       0x18 cmake/stm32cubemx/CMakeFiles/STM32_Drivers.dir/__/__/Drivers/STM32H5xx_HAL_Driver/Src/stm32h5xx_hal.c.obj
                0x08002f4c                HAL_GetTick
 .text.HAL_PCD_Init
                0x08002f64      0x202 cmake/stm32cubemx/CMakeFiles/STM32_Drivers.dir/__/__/Drivers/STM32H5xx_HAL_Driver/Src/stm32h5xx_hal_pcd.c.obj
                0x08002f64                HAL_PCD_Init
 .text.HAL_PCDEx_ActivateLPM
                0x08003166       0x44 cmake/stm32cubemx/CMakeFiles/STM32_Drivers.dir/__/__/Drivers/STM32H5xx_HAL_Driver/Src/stm32h5xx_hal_pcd_ex.c.obj
                0x08003166                HAL_PCDEx_ActivateLPM
 .text.USB_CoreReset
                0x080031aa       0x2e cmake/stm32cubemx/CMakeFiles/STM32_Drivers.dir/__/__/Drivers/STM32H5xx_HAL_Driver/Src/stm32h5xx_ll_usb.c.obj
 .text.USB_CoreInit
                0x080031d8       0x3c cmake/stm32cubemx/CMakeFiles/STM32_Drivers.dir/__/__/Drivers/STM32H5xx_HAL_Driver/Src/stm32h5xx_ll_usb.c.obj
                0x080031d8                USB_CoreInit
 .text.USB_DisableGlobalInt
                0x08003214       0x2a cmake/stm32cubemx/CMakeFiles/STM32_Drivers.dir/__/__/Drivers/STM32H5xx_HAL_Driver/Src/stm32h5xx_ll_usb.c.obj
                0x08003214                USB_DisableGlobalInt
 .text.USB_SetCurrentMode
                0x0800323e       0x46 cmake/stm32cubemx/CMakeFiles/STM32_Drivers.dir/__/__/Drivers/STM32H5xx_HAL_Driver/Src/stm32h5xx_ll_usb.c.obj
                0x0800323e                USB_SetCurrentMode
 .text.USB_DevInit
                0x08003284       0x46 cmake/stm32cubemx/CMakeFiles/STM32_Drivers.dir/__/__/Drivers/STM32H5xx_HAL_Driver/Src/stm32h5xx_ll_usb.c.obj
                0x08003284                USB_DevInit
 .text.USB_DevDisconnect
                0x080032ca       0x22 cmake/stm32cubemx/CMakeFiles/STM32_Drivers.dir/__/__/Drivers/STM32H5xx_HAL_Driver/Src/stm32h5xx_ll_usb.c.obj
                0x080032ca                USB_DevDisconnect
 .text.main     0x080032ec       0x40 CMakeFiles/Astrum.dir/Core/Src/main.c.obj
                0x080032ec                main
 .text.SystemClock_Config
                0x0800332c       0xc4 CMakeFiles/Astrum.dir/Core/Src/main.c.obj
                0x0800332c                SystemClock_Config
 .text.Error_Handler
                0x080033f0        0xc CMakeFiles/Astrum.dir/Core/Src/main.c.obj
                0x080033f0                Error_Handler
 .text.MX_GPIO_Init
                0x080033fc       0xbc CMakeFiles/Astrum.dir/Core/Src/gpio.c.obj
                0x080033fc                MX_GPIO_Init
 .text.MX_USB_PCD_Init
                0x080034b8       0x64 CMakeFiles/Astrum.dir/Core/Src/usb.c.obj
                0x080034b8                MX_USB_PCD_Init
 .text.HAL_PCD_MspInit
                0x0800351c       0x88 CMakeFiles/Astrum.dir/Core/Src/usb.c.obj
                0x0800351c                HAL_PCD_MspInit
 .text.NMI_Handler
                0x080035a4        0x8 CMakeFiles/Astrum.dir/Core/Src/stm32h5xx_it.c.obj
                0x080035a4                NMI_Handler
 .text.HardFault_Handler
                0x080035ac        0x8 CMakeFiles/Astrum.dir/Core/Src/stm32h5xx_it.c.obj
                0x080035ac                HardFault_Handler
 .text.MemManage_Handler
                0x080035b4        0x8 CMakeFiles/Astrum.dir/Core/Src/stm32h5xx_it.c.obj
                0x080035b4                MemManage_Handler
 .text.BusFault_Handler
                0x080035bc        0x8 CMakeFiles/Astrum.dir/Core/Src/stm32h5xx_it.c.obj
                0x080035bc                BusFault_Handler
 .text.UsageFault_Handler
                0x080035c4        0x8 CMakeFiles/Astrum.dir/Core/Src/stm32h5xx_it.c.obj
                0x080035c4                UsageFault_Handler
 .text.SVC_Handler
                0x080035cc        0xe CMakeFiles/Astrum.dir/Core/Src/stm32h5xx_it.c.obj
                0x080035cc                SVC_Handler
 .text.DebugMon_Handler
                0x080035da        0xe CMakeFiles/Astrum.dir/Core/Src/stm32h5xx_it.c.obj
                0x080035da                DebugMon_Handler
 .text.PendSV_Handler
                0x080035e8        0xe CMakeFiles/Astrum.dir/Core/Src/stm32h5xx_it.c.obj
                0x080035e8                PendSV_Handler
 .text.SysTick_Handler
                0x080035f6        0xc CMakeFiles/Astrum.dir/Core/Src/stm32h5xx_it.c.obj
                0x080035f6                SysTick_Handler
 .text.USB_DRD_FS_IRQHandler
                0x08003602       0x10 CMakeFiles/Astrum.dir/Core/Src/stm32h5xx_it.c.obj
                0x08003602                USB_DRD_FS_IRQHandler
 .text.HAL_MspInit
                0x08003612        0xe CMakeFiles/Astrum.dir/Core/Src/stm32h5xx_hal_msp.c.obj
                0x08003612                HAL_MspInit
 .text.Reset_Handler
                0x08003620       0x50 CMakeFiles/Astrum.dir/startup_stm32h523xx.s.obj
                0x08003620                Reset_Handler
 .text.Default_Handler
                0x08003670        0x2 CMakeFiles/Astrum.dir/startup_stm32h523xx.s.obj
                0x08003670                EXTI2_IRQHandler
                0x08003670                TIM8_TRG_COM_IRQHandler
                0x08003670                TIM8_CC_IRQHandler
                0x08003670                EXTI5_IRQHandler
                0x08003670                I3C1_ER_IRQHandler
                0x08003670                SPI4_IRQHandler
                0x08003670                GPDMA2_Channel1_IRQHandler
                0x08003670                FLASH_S_IRQHandler
                0x08003670                EXTI13_IRQHandler
                0x08003670                TIM1_CC_IRQHandler
                0x08003670                GPDMA2_Channel3_IRQHandler
                0x08003670                TAMP_IRQHandler
                0x08003670                TIM6_IRQHandler
                0x08003670                EXTI12_IRQHandler
                0x08003670                EXTI3_IRQHandler
                0x08003670                GPDMA1_Channel5_IRQHandler
                0x08003670                EXTI8_IRQHandler
                0x08003670                GPDMA2_Channel5_IRQHandler
                0x08003670                LPTIM2_IRQHandler
                0x08003670                I2C3_ER_IRQHandler
                0x08003670                GPDMA2_Channel2_IRQHandler
                0x08003670                EXTI0_IRQHandler
                0x08003670                I2C2_EV_IRQHandler
                0x08003670                FPU_IRQHandler
                0x08003670                GPDMA1_Channel3_IRQHandler
                0x08003670                GPDMA1_Channel7_IRQHandler
                0x08003670                FDCAN1_IT1_IRQHandler
                0x08003670                RAMCFG_IRQHandler
                0x08003670                DCACHE1_IRQHandler
                0x08003670                SPI1_IRQHandler
                0x08003670                OCTOSPI1_IRQHandler
                0x08003670                GPDMA1_Channel2_IRQHandler
                0x08003670                TIM8_UP_IRQHandler
                0x08003670                RCC_S_IRQHandler
                0x08003670                ADC1_IRQHandler
                0x08003670                USART6_IRQHandler
                0x08003670                I3C2_ER_IRQHandler
                0x08003670                EXTI15_IRQHandler
                0x08003670                USART3_IRQHandler
                0x08003670                RTC_IRQHandler
                0x08003670                EXTI9_IRQHandler
                0x08003670                UART5_IRQHandler
                0x08003670                TIM4_IRQHandler
                0x08003670                I3C2_EV_IRQHandler
                0x08003670                I2C1_EV_IRQHandler
                0x08003670                GPDMA1_Channel1_IRQHandler
                0x08003670                UART4_IRQHandler
                0x08003670                SecureFault_Handler
                0x08003670                TIM3_IRQHandler
                0x08003670                RCC_IRQHandler
                0x08003670                TIM1_TRG_COM_IRQHandler
                0x08003670                Default_Handler
                0x08003670                CEC_IRQHandler
                0x08003670                GPDMA2_Channel4_IRQHandler
                0x08003670                TIM12_IRQHandler
                0x08003670                TIM7_IRQHandler
                0x08003670                SDMMC1_IRQHandler
                0x08003670                TIM5_IRQHandler
                0x08003670                UCPD1_IRQHandler
                0x08003670                GPDMA1_Channel0_IRQHandler
                0x08003670                I3C1_EV_IRQHandler
                0x08003670                TIM15_IRQHandler
                0x08003670                PVD_AVD_IRQHandler
                0x08003670                I2C3_EV_IRQHandler
                0x08003670                ADC2_IRQHandler
                0x08003670                SPI2_IRQHandler
                0x08003670                EXTI14_IRQHandler
                0x08003670                EXTI11_IRQHandler
                0x08003670                CRS_IRQHandler
                0x08003670                EXTI4_IRQHandler
                0x08003670                GPDMA2_Channel0_IRQHandler
                0x08003670                RTC_S_IRQHandler
                0x08003670                RNG_IRQHandler
                0x08003670                FDCAN2_IT1_IRQHandler
                0x08003670                GPDMA2_Channel6_IRQHandler
                0x08003670                TIM1_UP_IRQHandler
                0x08003670                WWDG_IRQHandler
                0x08003670                FDCAN2_IT0_IRQHandler
                0x08003670                IWDG_IRQHandler
                0x08003670                LPUART1_IRQHandler
                0x08003670                FDCAN1_IT0_IRQHandler
                0x08003670                TIM2_IRQHandler
                0x08003670                GPDMA1_Channel4_IRQHandler
                0x08003670                EXTI7_IRQHandler
                0x08003670                TIM1_BRK_IRQHandler
                0x08003670                EXTI1_IRQHandler
                0x08003670                DAC1_IRQHandler
                0x08003670                DTS_IRQHandler
                0x08003670                GTZC_IRQHandler
                0x08003670                USART2_IRQHandler
                0x08003670                GPDMA1_Channel6_IRQHandler
                0x08003670                GPDMA2_Channel7_IRQHandler
                0x08003670                I2C2_ER_IRQHandler
                0x08003670                TIM8_BRK_IRQHandler
                0x08003670                FLASH_IRQHandler
                0x08003670                USART1_IRQHandler
                0x08003670                EXTI10_IRQHandler
                0x08003670                SPI3_IRQHandler
                0x08003670                I2C1_ER_IRQHandler
                0x08003670                FMC_IRQHandler
                0x08003670                EXTI6_IRQHandler
                0x08003670                LPTIM1_IRQHandler
                0x08003670                DCMI_PSSI_IRQHandler
                0x08003670                ICACHE_IRQHandler
                0x08003670                HASH_IRQHandler
 .text.app_init
                0x08003672        0xe CMakeFiles/Astrum.dir/Core/Src/app.cpp.obj
                0x08003672                app_init
 .text.app_loop
                0x08003680       0x74 CMakeFiles/Astrum.dir/Core/Src/app.cpp.obj
                0x08003680                app_loop
 .text.tusb_rhport_init
                0x080036f4       0xc8 CMakeFiles/Astrum.dir/TINYUSB-SRC/tusb.c.obj
                0x080036f4                tusb_rhport_init
 .text.tusb_int_handler
                0x080037bc       0x34 CMakeFiles/Astrum.dir/TINYUSB-SRC/tusb.c.obj
                0x080037bc                tusb_int_handler
 .text.tu_edpt_claim
                0x080037f0       0x78 CMakeFiles/Astrum.dir/TINYUSB-SRC/tusb.c.obj
                0x080037f0                tu_edpt_claim
 .text.tu_edpt_release
                0x08003868       0x54 CMakeFiles/Astrum.dir/TINYUSB-SRC/tusb.c.obj
                0x08003868                tu_edpt_release
 .text.tu_bind_driver_to_ep_itf
                0x080038bc      0x11c CMakeFiles/Astrum.dir/TINYUSB-SRC/tusb.c.obj
                0x080038bc                tu_bind_driver_to_ep_itf
 .text.tu_edpt_stream_init
                0x080039d8       0x50 CMakeFiles/Astrum.dir/TINYUSB-SRC/tusb.c.obj
                0x080039d8                tu_edpt_stream_init
 .text.stream_claim
                0x08003a28       0x3a CMakeFiles/Astrum.dir/TINYUSB-SRC/tusb.c.obj
 .text.stream_xfer
                0x08003a62       0x66 CMakeFiles/Astrum.dir/TINYUSB-SRC/tusb.c.obj
 .text.stream_release
                0x08003ac8       0x2e CMakeFiles/Astrum.dir/TINYUSB-SRC/tusb.c.obj
 *fill*         0x08003af6        0x2 
 .text.tu_edpt_stream_write_zlp_if_needed
                0x08003af8       0x9c CMakeFiles/Astrum.dir/TINYUSB-SRC/tusb.c.obj
                0x08003af8                tu_edpt_stream_write_zlp_if_needed
 .text.tu_edpt_stream_write_xfer
                0x08003b94      0x16c CMakeFiles/Astrum.dir/TINYUSB-SRC/tusb.c.obj
                0x08003b94                tu_edpt_stream_write_xfer
 .text.tu_edpt_stream_write
                0x08003d00       0xba CMakeFiles/Astrum.dir/TINYUSB-SRC/tusb.c.obj
                0x08003d00                tu_edpt_stream_write
 *fill*         0x08003dba        0x2 
 .text.tu_edpt_stream_read_xfer
                0x08003dbc      0x190 CMakeFiles/Astrum.dir/TINYUSB-SRC/tusb.c.obj
                0x08003dbc                tu_edpt_stream_read_xfer
 .text.tu_fifo_config
                0x08003f4c       0x4e CMakeFiles/Astrum.dir/TINYUSB-SRC/common/tusb_fifo.c.obj
                0x08003f4c                tu_fifo_config
 .text.tu_fifo_clear
                0x08003f9a       0x20 CMakeFiles/Astrum.dir/TINYUSB-SRC/common/tusb_fifo.c.obj
                0x08003f9a                tu_fifo_clear
 .text.tu_fifo_set_overwritable
                0x08003fba       0x2a CMakeFiles/Astrum.dir/TINYUSB-SRC/common/tusb_fifo.c.obj
                0x08003fba                tu_fifo_set_overwritable
 .text.tu_hwfifo_write
                0x08003fe4       0xae CMakeFiles/Astrum.dir/TINYUSB-SRC/common/tusb_fifo.c.obj
                0x08003fe4                tu_hwfifo_write
 .text.tu_hwfifo_read
                0x08004092       0xb6 CMakeFiles/Astrum.dir/TINYUSB-SRC/common/tusb_fifo.c.obj
                0x08004092                tu_hwfifo_read
 .text.hwff_push_n
                0x08004148      0x17a CMakeFiles/Astrum.dir/TINYUSB-SRC/common/tusb_fifo.c.obj
 .text.hwff_pull_n
                0x080042c2      0x17a CMakeFiles/Astrum.dir/TINYUSB-SRC/common/tusb_fifo.c.obj
 .text.ff_push_n
                0x0800443c       0x6e CMakeFiles/Astrum.dir/TINYUSB-SRC/common/tusb_fifo.c.obj
 .text.ff_pull_n
                0x080044aa       0x6e CMakeFiles/Astrum.dir/TINYUSB-SRC/common/tusb_fifo.c.obj
 .text.advance_index
                0x08004518       0x4c CMakeFiles/Astrum.dir/TINYUSB-SRC/common/tusb_fifo.c.obj
 .text.correct_read_index
                0x08004564       0x40 CMakeFiles/Astrum.dir/TINYUSB-SRC/common/tusb_fifo.c.obj
 .text.tu_fifo_peek_n_access_mode
                0x080045a4       0xcc CMakeFiles/Astrum.dir/TINYUSB-SRC/common/tusb_fifo.c.obj
                0x080045a4                tu_fifo_peek_n_access_mode
 .text.tu_fifo_read_n_access_mode
                0x08004670       0x5a CMakeFiles/Astrum.dir/TINYUSB-SRC/common/tusb_fifo.c.obj
                0x08004670                tu_fifo_read_n_access_mode
 .text.tu_fifo_write_n_access_mode
                0x080046ca      0x1a6 CMakeFiles/Astrum.dir/TINYUSB-SRC/common/tusb_fifo.c.obj
                0x080046ca                tu_fifo_write_n_access_mode
 .text.tu_fifo_get_read_info
                0x08004870      0x118 CMakeFiles/Astrum.dir/TINYUSB-SRC/common/tusb_fifo.c.obj
                0x08004870                tu_fifo_get_read_info
 .text.tud_event_hook_cb
                0x08004988       0x1c CMakeFiles/Astrum.dir/TINYUSB-SRC/device/usbd.c.obj
                0x08004988                tud_event_hook_cb
 .text.tud_sof_cb
                0x080049a4       0x14 CMakeFiles/Astrum.dir/TINYUSB-SRC/device/usbd.c.obj
                0x080049a4                tud_sof_cb
 .text.tud_descriptor_bos_cb
                0x080049b8       0x10 CMakeFiles/Astrum.dir/TINYUSB-SRC/device/usbd.c.obj
                0x080049b8                tud_descriptor_bos_cb
 .text.tud_descriptor_device_qualifier_cb
                0x080049c8       0x10 CMakeFiles/Astrum.dir/TINYUSB-SRC/device/usbd.c.obj
                0x080049c8                tud_descriptor_device_qualifier_cb
 .text.tud_descriptor_other_speed_configuration_cb
                0x080049d8       0x18 CMakeFiles/Astrum.dir/TINYUSB-SRC/device/usbd.c.obj
                0x080049d8                tud_descriptor_other_speed_configuration_cb
 .text.tud_mount_cb
                0x080049f0        0xe CMakeFiles/Astrum.dir/TINYUSB-SRC/device/usbd.c.obj
                0x080049f0                tud_mount_cb
 .text.tud_umount_cb
                0x080049fe        0xe CMakeFiles/Astrum.dir/TINYUSB-SRC/device/usbd.c.obj
                0x080049fe                tud_umount_cb
 .text.tud_suspend_cb
                0x08004a0c       0x16 CMakeFiles/Astrum.dir/TINYUSB-SRC/device/usbd.c.obj
                0x08004a0c                tud_suspend_cb
 .text.tud_resume_cb
                0x08004a22        0xe CMakeFiles/Astrum.dir/TINYUSB-SRC/device/usbd.c.obj
                0x08004a22                tud_resume_cb
 .text.tud_vendor_control_xfer_cb
                0x08004a30       0x1e CMakeFiles/Astrum.dir/TINYUSB-SRC/device/usbd.c.obj
                0x08004a30                tud_vendor_control_xfer_cb
 .text.usbd_app_driver_get_cb
                0x08004a4e       0x1c CMakeFiles/Astrum.dir/TINYUSB-SRC/device/usbd.c.obj
                0x08004a4e                usbd_app_driver_get_cb
 *fill*         0x08004a6a        0x2 
 .text.tud_mounted
                0x08004a6c       0x20 CMakeFiles/Astrum.dir/TINYUSB-SRC/device/usbd.c.obj
                0x08004a6c                tud_mounted
 .text.tud_suspended
                0x08004a8c       0x24 CMakeFiles/Astrum.dir/TINYUSB-SRC/device/usbd.c.obj
                0x08004a8c                tud_suspended
 .text.tud_inited
                0x08004ab0       0x20 CMakeFiles/Astrum.dir/TINYUSB-SRC/device/usbd.c.obj
                0x08004ab0                tud_inited
 .text.tud_rhport_init
                0x08004ad0      0x1ac CMakeFiles/Astrum.dir/TINYUSB-SRC/device/usbd.c.obj
                0x08004ad0                tud_rhport_init
 .text.configuration_reset
                0x08004c7c       0xd8 CMakeFiles/Astrum.dir/TINYUSB-SRC/device/usbd.c.obj
 .text.usbd_reset
                0x08004d54       0x1e CMakeFiles/Astrum.dir/TINYUSB-SRC/device/usbd.c.obj
 *fill*         0x08004d72        0x2 
 .text.tud_task_ext
                0x08004d74      0x388 CMakeFiles/Astrum.dir/TINYUSB-SRC/device/usbd.c.obj
                0x08004d74                tud_task_ext
 .text.invoke_class_control
                0x080050fc       0x2e CMakeFiles/Astrum.dir/TINYUSB-SRC/device/usbd.c.obj
 *fill*         0x0800512a        0x2 
 .text.process_control_request
                0x0800512c      0x5c0 CMakeFiles/Astrum.dir/TINYUSB-SRC/device/usbd.c.obj
 .text.process_set_config
                0x080056ec      0x250 CMakeFiles/Astrum.dir/TINYUSB-SRC/device/usbd.c.obj
 .text.process_get_descriptor
                0x0800593c      0x1b4 CMakeFiles/Astrum.dir/TINYUSB-SRC/device/usbd.c.obj
 .text.dcd_event_handler
                0x08005af0      0x5d0 CMakeFiles/Astrum.dir/TINYUSB-SRC/device/usbd.c.obj
                0x08005af0                dcd_event_handler
 .text.usbd_int_set
                0x080060c0       0x34 CMakeFiles/Astrum.dir/TINYUSB-SRC/device/usbd.c.obj
                0x080060c0                usbd_int_set
 .text.usbd_edpt_open
                0x080060f4       0xa0 CMakeFiles/Astrum.dir/TINYUSB-SRC/device/usbd.c.obj
                0x080060f4                usbd_edpt_open
 .text.usbd_edpt_claim
                0x08006194       0x54 CMakeFiles/Astrum.dir/TINYUSB-SRC/device/usbd.c.obj
                0x08006194                usbd_edpt_claim
 .text.usbd_edpt_release
                0x080061e8       0x54 CMakeFiles/Astrum.dir/TINYUSB-SRC/device/usbd.c.obj
                0x080061e8                usbd_edpt_release
 .text.usbd_edpt_xfer
                0x0800623c       0xf4 CMakeFiles/Astrum.dir/TINYUSB-SRC/device/usbd.c.obj
                0x0800623c                usbd_edpt_xfer
 .text.usbd_edpt_xfer_fifo
                0x08006330       0xf4 CMakeFiles/Astrum.dir/TINYUSB-SRC/device/usbd.c.obj
                0x08006330                usbd_edpt_xfer_fifo
 .text.usbd_edpt_stall
                0x08006424       0x7c CMakeFiles/Astrum.dir/TINYUSB-SRC/device/usbd.c.obj
                0x08006424                usbd_edpt_stall
 .text.usbd_edpt_clear_stall
                0x080064a0       0x7c CMakeFiles/Astrum.dir/TINYUSB-SRC/device/usbd.c.obj
                0x080064a0                usbd_edpt_clear_stall
 .text.usbd_edpt_stalled
                0x0800651c       0x5c CMakeFiles/Astrum.dir/TINYUSB-SRC/device/usbd.c.obj
                0x0800651c                usbd_edpt_stalled
 .text.status_stage_xact
                0x08006578       0x3c CMakeFiles/Astrum.dir/TINYUSB-SRC/device/usbd_control.c.obj
 .text.tud_control_status
                0x080065b4       0x40 CMakeFiles/Astrum.dir/TINYUSB-SRC/device/usbd_control.c.obj
                0x080065b4                tud_control_status
 .text.data_stage_xact
                0x080065f4       0xd4 CMakeFiles/Astrum.dir/TINYUSB-SRC/device/usbd_control.c.obj
 .text.tud_control_xfer
                0x080066c8       0xe0 CMakeFiles/Astrum.dir/TINYUSB-SRC/device/usbd_control.c.obj
                0x080066c8                tud_control_xfer
 .text.usbd_control_reset
                0x080067a8       0x18 CMakeFiles/Astrum.dir/TINYUSB-SRC/device/usbd_control.c.obj
                0x080067a8                usbd_control_reset
 .text.usbd_control_set_complete_callback
                0x080067c0       0x20 CMakeFiles/Astrum.dir/TINYUSB-SRC/device/usbd_control.c.obj
                0x080067c0                usbd_control_set_complete_callback
 .text.usbd_control_set_request
                0x080067e0       0x34 CMakeFiles/Astrum.dir/TINYUSB-SRC/device/usbd_control.c.obj
                0x080067e0                usbd_control_set_request
 .text.usbd_control_xfer_cb
                0x08006814      0x170 CMakeFiles/Astrum.dir/TINYUSB-SRC/device/usbd_control.c.obj
                0x08006814                usbd_control_xfer_cb
 .text.tud_cdc_rx_cb
                0x08006984       0x16 CMakeFiles/Astrum.dir/TINYUSB-SRC/class/cdc/cdc_device.c.obj
                0x08006984                tud_cdc_rx_cb
 .text.tud_cdc_rx_wanted_cb
                0x0800699a       0x1c CMakeFiles/Astrum.dir/TINYUSB-SRC/class/cdc/cdc_device.c.obj
                0x0800699a                tud_cdc_rx_wanted_cb
 .text.tud_cdc_tx_complete_cb
                0x080069b6       0x16 CMakeFiles/Astrum.dir/TINYUSB-SRC/class/cdc/cdc_device.c.obj
                0x080069b6                tud_cdc_tx_complete_cb
 .text.tud_cdc_notify_complete_cb
                0x080069cc       0x16 CMakeFiles/Astrum.dir/TINYUSB-SRC/class/cdc/cdc_device.c.obj
                0x080069cc                tud_cdc_notify_complete_cb
 .text.tud_cdc_line_state_cb
                0x080069e2       0x1e CMakeFiles/Astrum.dir/TINYUSB-SRC/class/cdc/cdc_device.c.obj
                0x080069e2                tud_cdc_line_state_cb
 .text.tud_cdc_line_coding_cb
                0x08006a00       0x18 CMakeFiles/Astrum.dir/TINYUSB-SRC/class/cdc/cdc_device.c.obj
                0x08006a00                tud_cdc_line_coding_cb
 .text.tud_cdc_send_break_cb
                0x08006a18       0x1c CMakeFiles/Astrum.dir/TINYUSB-SRC/class/cdc/cdc_device.c.obj
                0x08006a18                tud_cdc_send_break_cb
 .text.tud_cdc_n_connected
                0x08006a34       0x8c CMakeFiles/Astrum.dir/TINYUSB-SRC/class/cdc/cdc_device.c.obj
                0x08006a34                tud_cdc_n_connected
 .text.tud_cdc_n_write
                0x08006ac0       0x44 CMakeFiles/Astrum.dir/TINYUSB-SRC/class/cdc/cdc_device.c.obj
                0x08006ac0                tud_cdc_n_write
 .text.tud_cdc_n_write_flush
                0x08006b04       0x3c CMakeFiles/Astrum.dir/TINYUSB-SRC/class/cdc/cdc_device.c.obj
                0x08006b04                tud_cdc_n_write_flush
 .text.cdcd_init
                0x08006b40       0xa4 CMakeFiles/Astrum.dir/TINYUSB-SRC/class/cdc/cdc_device.c.obj
                0x08006b40                cdcd_init
 .text.cdcd_deinit
                0x08006be4       0x48 CMakeFiles/Astrum.dir/TINYUSB-SRC/class/cdc/cdc_device.c.obj
                0x08006be4                cdcd_deinit
 .text.cdcd_reset
                0x08006c2c       0x6c CMakeFiles/Astrum.dir/TINYUSB-SRC/class/cdc/cdc_device.c.obj
                0x08006c2c                cdcd_reset
 .text.cdcd_open
                0x08006c98      0x454 CMakeFiles/Astrum.dir/TINYUSB-SRC/class/cdc/cdc_device.c.obj
                0x08006c98                cdcd_open
 .text.cdcd_control_xfer_cb
                0x080070ec      0x1c8 CMakeFiles/Astrum.dir/TINYUSB-SRC/class/cdc/cdc_device.c.obj
                0x080070ec                cdcd_control_xfer_cb
 .text.cdcd_xfer_cb
                0x080072b4      0x224 CMakeFiles/Astrum.dir/TINYUSB-SRC/class/cdc/cdc_device.c.obj
                0x080072b4                cdcd_xfer_cb
 .text.__NVIC_EnableIRQ
                0x080074d8       0x3c CMakeFiles/Astrum.dir/TINYUSB-SRC/portable/st/stm32_fsdev/dcd_stm32_fsdev.c.obj
 .text.__NVIC_DisableIRQ
                0x08007514       0x48 CMakeFiles/Astrum.dir/TINYUSB-SRC/portable/st/stm32_fsdev/dcd_stm32_fsdev.c.obj
 .text.dcd_init
                0x0800755c       0x40 CMakeFiles/Astrum.dir/TINYUSB-SRC/portable/st/stm32_fsdev/dcd_stm32_fsdev.c.obj
                0x0800755c                dcd_init
 .text.dcd_sof_enable
                0x0800759c       0x40 CMakeFiles/Astrum.dir/TINYUSB-SRC/portable/st/stm32_fsdev/dcd_stm32_fsdev.c.obj
                0x0800759c                dcd_sof_enable
 .text.dcd_set_address
                0x080075dc       0x28 CMakeFiles/Astrum.dir/TINYUSB-SRC/portable/st/stm32_fsdev/dcd_stm32_fsdev.c.obj
                0x080075dc                dcd_set_address
 .text.handle_bus_reset
                0x08007604       0x78 CMakeFiles/Astrum.dir/TINYUSB-SRC/portable/st/stm32_fsdev/dcd_stm32_fsdev.c.obj
 .text.handle_ctr_tx
                0x0800767c      0x150 CMakeFiles/Astrum.dir/TINYUSB-SRC/portable/st/stm32_fsdev/dcd_stm32_fsdev.c.obj
 .text.handle_ctr_setup
                0x080077cc      0x1b4 CMakeFiles/Astrum.dir/TINYUSB-SRC/portable/st/stm32_fsdev/dcd_stm32_fsdev.c.obj
 .text.handle_ctr_rx
                0x08007980      0x320 CMakeFiles/Astrum.dir/TINYUSB-SRC/portable/st/stm32_fsdev/dcd_stm32_fsdev.c.obj
 .text.dcd_int_handler
                0x08007ca0      0x418 CMakeFiles/Astrum.dir/TINYUSB-SRC/portable/st/stm32_fsdev/dcd_stm32_fsdev.c.obj
                0x08007ca0                dcd_int_handler
 .text.dcd_edpt0_status_complete
                0x080080b8       0x5c CMakeFiles/Astrum.dir/TINYUSB-SRC/portable/st/stm32_fsdev/dcd_stm32_fsdev.c.obj
                0x080080b8                dcd_edpt0_status_complete
 .text.dcd_pma_alloc
                0x08008114       0x8c CMakeFiles/Astrum.dir/TINYUSB-SRC/portable/st/stm32_fsdev/dcd_stm32_fsdev.c.obj
 .text.dcd_ep_alloc
                0x080081a0      0x154 CMakeFiles/Astrum.dir/TINYUSB-SRC/portable/st/stm32_fsdev/dcd_stm32_fsdev.c.obj
 .text.edpt0_open
                0x080082f4      0x208 CMakeFiles/Astrum.dir/TINYUSB-SRC/portable/st/stm32_fsdev/dcd_stm32_fsdev.c.obj
 .text.dcd_edpt_open
                0x080084fc      0x2b4 CMakeFiles/Astrum.dir/TINYUSB-SRC/portable/st/stm32_fsdev/dcd_stm32_fsdev.c.obj
                0x080084fc                dcd_edpt_open
 .text.dcd_edpt_close_all
                0x080087b0       0xe4 CMakeFiles/Astrum.dir/TINYUSB-SRC/portable/st/stm32_fsdev/dcd_stm32_fsdev.c.obj
                0x080087b0                dcd_edpt_close_all
 .text.dcd_transmit_packet
                0x08008894      0x244 CMakeFiles/Astrum.dir/TINYUSB-SRC/portable/st/stm32_fsdev/dcd_stm32_fsdev.c.obj
 .text.edpt_xfer
                0x08008ad8      0x19c CMakeFiles/Astrum.dir/TINYUSB-SRC/portable/st/stm32_fsdev/dcd_stm32_fsdev.c.obj
 .text.dcd_edpt_xfer
                0x08008c74       0x7c CMakeFiles/Astrum.dir/TINYUSB-SRC/portable/st/stm32_fsdev/dcd_stm32_fsdev.c.obj
                0x08008c74                dcd_edpt_xfer
 .text.dcd_edpt_xfer_fifo
                0x08008cf0       0x7c CMakeFiles/Astrum.dir/TINYUSB-SRC/portable/st/stm32_fsdev/dcd_stm32_fsdev.c.obj
                0x08008cf0                dcd_edpt_xfer_fifo
 .text.dcd_edpt_stall
                0x08008d6c      0x148 CMakeFiles/Astrum.dir/TINYUSB-SRC/portable/st/stm32_fsdev/dcd_stm32_fsdev.c.obj
                0x08008d6c                dcd_edpt_stall
 .text.dcd_edpt_clear_stall
                0x08008eb4      0x1b0 CMakeFiles/Astrum.dir/TINYUSB-SRC/portable/st/stm32_fsdev/dcd_stm32_fsdev.c.obj
                0x08008eb4                dcd_edpt_clear_stall
 .text.dcd_int_enable
                0x08009064       0x3e CMakeFiles/Astrum.dir/TINYUSB-SRC/portable/st/stm32_fsdev/dcd_stm32_fsdev.c.obj
                0x08009064                dcd_int_enable
 .text.dcd_int_disable
                0x080090a2       0x32 CMakeFiles/Astrum.dir/TINYUSB-SRC/portable/st/stm32_fsdev/dcd_stm32_fsdev.c.obj
                0x080090a2                dcd_int_disable
 .text.dcd_connect
                0x080090d4       0x2c CMakeFiles/Astrum.dir/TINYUSB-SRC/portable/st/stm32_fsdev/dcd_stm32_fsdev.c.obj
                0x080090d4                dcd_connect
 .text.fsdev_core_reset
                0x08009100       0x58 CMakeFiles/Astrum.dir/TINYUSB-SRC/portable/st/stm32_fsdev/fsdev_common.c.obj
                0x08009100                fsdev_core_reset
 .text.pma_align_buffer_size
                0x08009158       0x7c CMakeFiles/Astrum.dir/TINYUSB-SRC/portable/st/stm32_fsdev/fsdev_common.c.obj
                0x08009158                pma_align_buffer_size
 .text.btable_set_rx_bufsize
                0x080091d4       0x80 CMakeFiles/Astrum.dir/TINYUSB-SRC/portable/st/stm32_fsdev/fsdev_common.c.obj
                0x080091d4                btable_set_rx_bufsize
 .text.board_usb_get_serial
                0x08009254       0xa8 CMakeFiles/Astrum.dir/Core/Src/USB/usb_descriptors.c.obj
 .text.board_get_unique_id
                0x080092fc       0x4c CMakeFiles/Astrum.dir/Core/Src/USB/usb_descriptors.c.obj
                0x080092fc                board_get_unique_id
 .text.tud_descriptor_device_cb
                0x08009348       0x14 CMakeFiles/Astrum.dir/Core/Src/USB/usb_descriptors.c.obj
                0x08009348                tud_descriptor_device_cb
 .text.tud_descriptor_configuration_cb
                0x0800935c       0x1c CMakeFiles/Astrum.dir/Core/Src/USB/usb_descriptors.c.obj
                0x0800935c                tud_descriptor_configuration_cb
 .text.tud_descriptor_string_cb
                0x08009378       0xc0 CMakeFiles/Astrum.dir/Core/Src/USB/usb_descriptors.c.obj
                0x08009378                tud_descriptor_string_cb
 .text.memset   0x08009438       0x10 C:/ST/STM32CubeCLT_1.19.0/GNU-tools-for-STM32/bin/../lib/gcc/arm-none-eabi/13.3.1/../../../../arm-none-eabi/lib/thumb/v8-m.main+fp/hard\libg_nano.a(libc_a-memset.o)
                0x08009438                memset
 .text.__libc_init_array
                0x08009448       0x48 C:/ST/STM32CubeCLT_1.19.0/GNU-tools-for-STM32/bin/../lib/gcc/arm-none-eabi/13.3.1/../../../../arm-none-eabi/lib/thumb/v8-m.main+fp/hard\libg_nano.a(libc_a-init.o)
                0x08009448                __libc_init_array
 .text.memcpy   0x08009490       0x1a C:/ST/STM32CubeCLT_1.19.0/GNU-tools-for-STM32/bin/../lib/gcc/arm-none-eabi/13.3.1/../../../../arm-none-eabi/lib/thumb/v8-m.main+fp/hard\libg_nano.a(libc_a-memcpy-stub.o)
                0x08009490                memcpy
 *(.glue_7)
 .glue_7        0x080094aa        0x0 linker stubs
 *(.glue_7t)
 .glue_7t       0x080094aa        0x0 linker stubs
 *(.eh_frame)
 *fill*         0x080094aa        0x2 
 .eh_frame      0x080094ac        0x0 C:/ST/STM32CubeCLT_1.19.0/GNU-tools-for-STM32/bin/../lib/gcc/arm-none-eabi/13.3.1/thumb/v8-m.main+fp/hard/crtbegin.o
 *(.init)
 .init          0x080094ac        0x4 C:/ST/STM32CubeCLT_1.19.0/GNU-tools-for-STM32/bin/../lib/gcc/arm-none-eabi/13.3.1/thumb/v8-m.main+fp/hard/crti.o
                0x080094ac                _init
 .init          0x080094b0        0x8 C:/ST/STM32CubeCLT_1.19.0/GNU-tools-for-STM32/bin/../lib/gcc/arm-none-eabi/13.3.1/thumb/v8-m.main+fp/hard/crtn.o
 *(.fini)
 .fini          0x080094b8        0x4 C:/ST/STM32CubeCLT_1.19.0/GNU-tools-for-STM32/bin/../lib/gcc/arm-none-eabi/13.3.1/thumb/v8-m.main+fp/hard/crti.o
                0x080094b8                _fini
 .fini          0x080094bc        0x8 C:/ST/STM32CubeCLT_1.19.0/GNU-tools-for-STM32/bin/../lib/gcc/arm-none-eabi/13.3.1/thumb/v8-m.main+fp/hard/crtn.o
                0x080094c4                        . = ALIGN (0x4)
                0x080094c4                        _etext = .

.vfp11_veneer   0x080094c4        0x0
 .vfp11_veneer  0x080094c4        0x0 linker stubs

.v4_bx          0x080094c4        0x0
 .v4_bx         0x080094c4        0x0 linker stubs

.iplt           0x080094c4        0x0
 .iplt          0x080094c4        0x0 C:/ST/STM32CubeCLT_1.19.0/GNU-tools-for-STM32/bin/../lib/gcc/arm-none-eabi/13.3.1/thumb/v8-m.main+fp/hard/crtbegin.o

.rodata         0x080094c4      0x128
                0x080094c4                        . = ALIGN (0x4)
 *(.rodata)
 .rodata        0x080094c4       0x15 CMakeFiles/Astrum.dir/Core/Src/app.cpp.obj
 *fill*         0x080094d9        0x3 
 .rodata        0x080094dc       0x34 CMakeFiles/Astrum.dir/Core/Src/USB/usb_descriptors.c.obj
 *(.rodata*)
 .rodata.AHBPrescTable
                0x08009510       0x10 cmake/stm32cubemx/CMakeFiles/STM32_Drivers.dir/__/__/Core/Src/system_stm32h5xx.c.obj
                0x08009510                AHBPrescTable
 .rodata._usbd_driver
                0x08009520       0x24 CMakeFiles/Astrum.dir/TINYUSB-SRC/device/usbd.c.obj
 .rodata.desc_device
                0x08009544       0x12 CMakeFiles/Astrum.dir/Core/Src/USB/usb_descriptors.c.obj
 *fill*         0x08009556        0x2 
 .rodata.desc_fs_configuration
                0x08009558       0x8d CMakeFiles/Astrum.dir/Core/Src/USB/usb_descriptors.c.obj
 *fill*         0x080095e5        0x3 
 .rodata.__compound_literal.0
                0x080095e8        0x2 CMakeFiles/Astrum.dir/Core/Src/USB/usb_descriptors.c.obj
                0x080095ec                        . = ALIGN (0x4)
 *fill*         0x080095ea        0x2 

.ARM.extab      0x080095ec        0x0
                0x080095ec                        . = ALIGN (0x4)
 *(.ARM.extab* .gnu.linkonce.armextab.*)
                0x080095ec                        . = ALIGN (0x4)

.ARM            0x080095ec        0x8
                0x080095ec                        . = ALIGN (0x4)
                0x080095ec                        __exidx_start = .
 *(.ARM.exidx*)
 .ARM.exidx     0x080095ec        0x8 C:/ST/STM32CubeCLT_1.19.0/GNU-tools-for-STM32/bin/../lib/gcc/arm-none-eabi/13.3.1/../../../../arm-none-eabi/lib/thumb/v8-m.main+fp/hard\libg_nano.a(libc_a-strlen.o)
                0x080095f4                        __exidx_end = .
                0x080095f4                        . = ALIGN (0x4)

.preinit_array  0x080095f4        0x0
                0x080095f4                        . = ALIGN (0x4)
                0x080095f4                        PROVIDE (__preinit_array_start = .)
 *(.preinit_array*)
                0x080095f4                        PROVIDE (__preinit_array_end = .)
                0x080095f4                        . = ALIGN (0x4)

.init_array     0x080095f4        0x4
                0x080095f4                        . = ALIGN (0x4)
                0x080095f4                        PROVIDE (__init_array_start = .)
 *(SORT_BY_NAME(.init_array.*))
 *(.init_array*)
 .init_array    0x080095f4        0x4 C:/ST/STM32CubeCLT_1.19.0/GNU-tools-for-STM32/bin/../lib/gcc/arm-none-eabi/13.3.1/thumb/v8-m.main+fp/hard/crtbegin.o
                0x080095f8                        PROVIDE (__init_array_end = .)
                0x080095f8                        . = ALIGN (0x4)

.fini_array     0x080095f8        0x4
                0x080095f8                        . = ALIGN (0x4)
                [!provide]                        PROVIDE (__fini_array_start = .)
 *(SORT_BY_NAME(.fini_array.*))
 *(.fini_array*)
 .fini_array    0x080095f8        0x4 C:/ST/STM32CubeCLT_1.19.0/GNU-tools-for-STM32/bin/../lib/gcc/arm-none-eabi/13.3.1/thumb/v8-m.main+fp/hard/crtbegin.o
                [!provide]                        PROVIDE (__fini_array_end = .)
                0x080095fc                        . = ALIGN (0x4)
                0x080095fc                        _sidata = LOADADDR (.data)

.rel.dyn        0x080095fc        0x0
 .rel.iplt      0x080095fc        0x0 C:/ST/STM32CubeCLT_1.19.0/GNU-tools-for-STM32/bin/../lib/gcc/arm-none-eabi/13.3.1/thumb/v8-m.main+fp/hard/crtbegin.o

.data           0x20000000       0x3c load address 0x080095fc
                0x20000000                        . = ALIGN (0x4)
                0x20000000                        _sdata = .
 *(.data)
 *(.data*)
 .data.SystemCoreClock
                0x20000000        0x4 cmake/stm32cubemx/CMakeFiles/STM32_Drivers.dir/__/__/Core/Src/system_stm32h5xx.c.obj
                0x20000000                SystemCoreClock
 .data.uwTickPrio
                0x20000004        0x4 cmake/stm32cubemx/CMakeFiles/STM32_Drivers.dir/__/__/Drivers/STM32H5xx_HAL_Driver/Src/stm32h5xx_hal.c.obj
                0x20000004                uwTickPrio
 .data.uwTickFreq
                0x20000008        0x1 cmake/stm32cubemx/CMakeFiles/STM32_Drivers.dir/__/__/Drivers/STM32H5xx_HAL_Driver/Src/stm32h5xx_hal.c.obj
                0x20000008                uwTickFreq
 .data._usbd_rhport
                0x20000009        0x1 CMakeFiles/Astrum.dir/TINYUSB-SRC/device/usbd.c.obj
 *fill*         0x2000000a        0x2 
 .data._usbd_spin
                0x2000000c        0x8 CMakeFiles/Astrum.dir/TINYUSB-SRC/device/usbd.c.obj
 .data._usbd_qdef
                0x20000014       0x14 CMakeFiles/Astrum.dir/TINYUSB-SRC/device/usbd.c.obj
                0x20000014                _usbd_qdef
 .data.string_desc_arr
                0x20000028       0x14 CMakeFiles/Astrum.dir/Core/Src/USB/usb_descriptors.c.obj
 *(.RamFunc)
 *(.RamFunc*)
                0x2000003c                        . = ALIGN (0x4)

.igot.plt       0x2000003c        0x0 load address 0x08009638
 .igot.plt      0x2000003c        0x0 C:/ST/STM32CubeCLT_1.19.0/GNU-tools-for-STM32/bin/../lib/gcc/arm-none-eabi/13.3.1/thumb/v8-m.main+fp/hard/crtbegin.o

.tdata          0x2000003c        0x0 load address 0x08009638
 *(.tdata .tdata.* .gnu.linkonce.td.*)
                0x2000003c                        . = ALIGN (0x4)
                0x2000003c                        _edata = .
                [!provide]                        PROVIDE (__data_end = .)
                [!provide]                        PROVIDE (__tdata_end = .)
                [!provide]                        PROVIDE (__tdata_start = ADDR (.tdata))
                [!provide]                        PROVIDE (__tdata_size = (__tdata_end - __tdata_start))
                [!provide]                        PROVIDE (__data_start = ADDR (.data))
                [!provide]                        PROVIDE (__data_size = (__data_end - __data_start))
                [!provide]                        PROVIDE (__tdata_source = LOADADDR (.tdata))
                [!provide]                        PROVIDE (__tdata_source_end = (LOADADDR (.tdata) + SIZEOF (.tdata)))
                [!provide]                        PROVIDE (__tdata_source_size = (__tdata_source_end - __tdata_source))
                [!provide]                        PROVIDE (__data_source = LOADADDR (.data))
                [!provide]                        PROVIDE (__data_source_end = __tdata_source_end)
                [!provide]                        PROVIDE (__data_source_size = (__data_source_end - __data_source))

.tbss           0x2000003c        0x0 load address 0x08009638
                0x2000003c                        _sbss = .
                0x2000003c                        __bss_start__ = _sbss
 *(.tbss .tbss.*)
                0x2000003c                        . = ALIGN (0x4)
                [!provide]                        PROVIDE (__tbss_end = .)
                [!provide]                        PROVIDE (__tbss_start = ADDR (.tbss))
                [!provide]                        PROVIDE (__tbss_size = (__tbss_end - __tbss_start))
                [!provide]                        PROVIDE (__tbss_offset = (ADDR (.tbss) - ADDR (.tdata)))
                [!provide]                        PROVIDE (__tls_base = __tdata_start)
                [!provide]                        PROVIDE (__tls_end = __tbss_end)
                [!provide]                        PROVIDE (__tls_size = (__tls_end - __tls_base))
                [!provide]                        PROVIDE (__tls_align = MAX (ALIGNOF (.tdata), ALIGNOF (.tbss)))
                [!provide]                        PROVIDE (__tls_size_align = (((__tls_size + __tls_align) - 0x1) & ~ ((__tls_align - 0x1))))
                [!provide]                        PROVIDE (__arm32_tls_tcb_offset = MAX (0x8, __tls_align))
                [!provide]                        PROVIDE (__arm64_tls_tcb_offset = MAX (0x10, __tls_align))

.bss            0x2000003c      0x744 load address 0x08009638
 *(.bss)
 .bss           0x2000003c       0x1c C:/ST/STM32CubeCLT_1.19.0/GNU-tools-for-STM32/bin/../lib/gcc/arm-none-eabi/13.3.1/thumb/v8-m.main+fp/hard/crtbegin.o
 *(.bss*)
 .bss.uwTick    0x20000058        0x4 cmake/stm32cubemx/CMakeFiles/STM32_Drivers.dir/__/__/Drivers/STM32H5xx_HAL_Driver/Src/stm32h5xx_hal.c.obj
                0x20000058                uwTick
 .bss.hpcd_USB_DRD_FS
                0x2000005c      0x2e4 CMakeFiles/Astrum.dir/Core/Src/usb.c.obj
                0x2000005c                hpcd_USB_DRD_FS
 .bss._ZZ8app_loopE8lastTime
                0x20000340        0x4 CMakeFiles/Astrum.dir/Core/Src/app.cpp.obj
 .bss._tusb_rhport_role
                0x20000344        0x2 CMakeFiles/Astrum.dir/TINYUSB-SRC/tusb.c.obj
                0x20000344                _tusb_rhport_role
 *fill*         0x20000346        0x2 
 .bss._usbd_dev
                0x20000348       0x37 CMakeFiles/Astrum.dir/TINYUSB-SRC/device/usbd.c.obj
 .bss._usbd_queued_setup
                0x2000037f        0x1 CMakeFiles/Astrum.dir/TINYUSB-SRC/device/usbd.c.obj
 .bss._app_driver
                0x20000380        0x4 CMakeFiles/Astrum.dir/TINYUSB-SRC/device/usbd.c.obj
 .bss._app_driver_count
                0x20000384        0x1 CMakeFiles/Astrum.dir/TINYUSB-SRC/device/usbd.c.obj
 *fill*         0x20000385        0x3 
 .bss._usbd_qdef_buf
                0x20000388       0xc0 CMakeFiles/Astrum.dir/TINYUSB-SRC/device/usbd.c.obj
                0x20000388                _usbd_qdef_buf
 .bss._usbd_q   0x20000448        0x4 CMakeFiles/Astrum.dir/TINYUSB-SRC/device/usbd.c.obj
 .bss._ctrl_xfer
                0x2000044c       0x14 CMakeFiles/Astrum.dir/TINYUSB-SRC/device/usbd_control.c.obj
 .bss._ctrl_epbuf
                0x20000460       0x40 CMakeFiles/Astrum.dir/TINYUSB-SRC/device/usbd_control.c.obj
 .bss._cdcd_itf
                0x200004a0      0x178 CMakeFiles/Astrum.dir/TINYUSB-SRC/class/cdc/cdc_device.c.obj
 .bss.xfer_status
                0x20000618      0x100 CMakeFiles/Astrum.dir/TINYUSB-SRC/portable/st/stm32_fsdev/dcd_stm32_fsdev.c.obj
 .bss.ep_alloc_status
                0x20000718       0x20 CMakeFiles/Astrum.dir/TINYUSB-SRC/portable/st/stm32_fsdev/dcd_stm32_fsdev.c.obj
 .bss.remoteWakeCountdown
                0x20000738        0x1 CMakeFiles/Astrum.dir/TINYUSB-SRC/portable/st/stm32_fsdev/dcd_stm32_fsdev.c.obj
 *fill*         0x20000739        0x1 
 .bss.ep_buf_ptr
                0x2000073a        0x2 CMakeFiles/Astrum.dir/TINYUSB-SRC/portable/st/stm32_fsdev/dcd_stm32_fsdev.c.obj
 .bss._desc_str
                0x2000073c       0x42 CMakeFiles/Astrum.dir/Core/Src/USB/usb_descriptors.c.obj
 *(COMMON)
                0x20000780                        . = ALIGN (0x4)
 *fill*         0x2000077e        0x2 
                0x20000780                        _ebss = .
                0x20000780                        __bss_end__ = _ebss
                [!provide]                        PROVIDE (__bss_end = .)
                [!provide]                        PROVIDE (__non_tls_bss_start = ADDR (.bss))
                [!provide]                        PROVIDE (__bss_start = __tbss_start)
                [!provide]                        PROVIDE (__bss_size = (__bss_end - __bss_start))

._user_heap_stack
                0x20000780      0x600 load address 0x08009638
                0x20000780                        . = ALIGN (0x8)
                [!provide]                        PROVIDE (end = .)
                0x20000780                        PROVIDE (_end = .)
                0x20000980                        . = (. + _Min_Heap_Size)
 *fill*         0x20000780      0x200 
                0x20000d80                        . = (. + _Min_Stack_Size)
 *fill*         0x20000980      0x400 
                0x20000d80                        . = ALIGN (0x8)

/DISCARD/
 libc.a:*(*)
 libm.a:*(*)
 libgcc.a:*(*)

.ARM.attributes
                0x00000000       0x36
 *(.ARM.attributes)
 .ARM.attributes
                0x00000000       0x26 C:/ST/STM32CubeCLT_1.19.0/GNU-tools-for-STM32/bin/../lib/gcc/arm-none-eabi/13.3.1/thumb/v8-m.main+fp/hard/crti.o
 .ARM.attributes
                0x00000026       0x38 C:/ST/STM32CubeCLT_1.19.0/GNU-tools-for-STM32/bin/../lib/gcc/arm-none-eabi/13.3.1/thumb/v8-m.main+fp/hard/crtbegin.o
 .ARM.attributes
                0x0000005e       0x3a cmake/stm32cubemx/CMakeFiles/STM32_Drivers.dir/__/__/Core/Src/system_stm32h5xx.c.obj
 .ARM.attributes
                0x00000098       0x3a cmake/stm32cubemx/CMakeFiles/STM32_Drivers.dir/__/__/Drivers/STM32H5xx_HAL_Driver/Src/stm32h5xx_hal_rcc.c.obj
 .ARM.attributes
                0x000000d2       0x3a cmake/stm32cubemx/CMakeFiles/STM32_Drivers.dir/__/__/Drivers/STM32H5xx_HAL_Driver/Src/stm32h5xx_hal_rcc_ex.c.obj
 .ARM.attributes
                0x0000010c       0x3a cmake/stm32cubemx/CMakeFiles/STM32_Drivers.dir/__/__/Drivers/STM32H5xx_HAL_Driver/Src/stm32h5xx_hal_gpio.c.obj
 .ARM.attributes
                0x00000146       0x3a cmake/stm32cubemx/CMakeFiles/STM32_Drivers.dir/__/__/Drivers/STM32H5xx_HAL_Driver/Src/stm32h5xx_hal_pwr_ex.c.obj
 .ARM.attributes
                0x00000180       0x3a cmake/stm32cubemx/CMakeFiles/STM32_Drivers.dir/__/__/Drivers/STM32H5xx_HAL_Driver/Src/stm32h5xx_hal_cortex.c.obj
 .ARM.attributes
                0x000001ba       0x3a cmake/stm32cubemx/CMakeFiles/STM32_Drivers.dir/__/__/Drivers/STM32H5xx_HAL_Driver/Src/stm32h5xx_hal.c.obj
 .ARM.attributes
                0x000001f4       0x3a cmake/stm32cubemx/CMakeFiles/STM32_Drivers.dir/__/__/Drivers/STM32H5xx_HAL_Driver/Src/stm32h5xx_hal_pcd.c.obj
 .ARM.attributes
                0x0000022e       0x3a cmake/stm32cubemx/CMakeFiles/STM32_Drivers.dir/__/__/Drivers/STM32H5xx_HAL_Driver/Src/stm32h5xx_hal_pcd_ex.c.obj
 .ARM.attributes
                0x00000268       0x3a cmake/stm32cubemx/CMakeFiles/STM32_Drivers.dir/__/__/Drivers/STM32H5xx_HAL_Driver/Src/stm32h5xx_ll_usb.c.obj
 .ARM.attributes
                0x000002a2       0x3a CMakeFiles/Astrum.dir/Core/Src/main.c.obj
 .ARM.attributes
                0x000002dc       0x3a CMakeFiles/Astrum.dir/Core/Src/gpio.c.obj
 .ARM.attributes
                0x00000316       0x3a CMakeFiles/Astrum.dir/Core/Src/usb.c.obj
 .ARM.attributes
                0x00000350       0x3a CMakeFiles/Astrum.dir/Core/Src/stm32h5xx_it.c.obj
 .ARM.attributes
                0x0000038a       0x3a CMakeFiles/Astrum.dir/Core/Src/stm32h5xx_hal_msp.c.obj
 .ARM.attributes
                0x000003c4       0x24 CMakeFiles/Astrum.dir/startup_stm32h523xx.s.obj
 .ARM.attributes
                0x000003e8       0x3a CMakeFiles/Astrum.dir/Core/Src/app.cpp.obj
 .ARM.attributes
                0x00000422       0x3a CMakeFiles/Astrum.dir/TINYUSB-SRC/tusb.c.obj
 .ARM.attributes
                0x0000045c       0x3a CMakeFiles/Astrum.dir/TINYUSB-SRC/common/tusb_fifo.c.obj
 .ARM.attributes
                0x00000496       0x3a CMakeFiles/Astrum.dir/TINYUSB-SRC/device/usbd.c.obj
 .ARM.attributes
                0x000004d0       0x3a CMakeFiles/Astrum.dir/TINYUSB-SRC/device/usbd_control.c.obj
 .ARM.attributes
                0x0000050a       0x3a CMakeFiles/Astrum.dir/TINYUSB-SRC/class/cdc/cdc_device.c.obj
 .ARM.attributes
                0x00000544       0x3a CMakeFiles/Astrum.dir/TINYUSB-SRC/portable/st/stm32_fsdev/dcd_stm32_fsdev.c.obj
 .ARM.attributes
                0x0000057e       0x3a CMakeFiles/Astrum.dir/TINYUSB-SRC/portable/st/stm32_fsdev/fsdev_common.c.obj
 .ARM.attributes
                0x000005b8       0x3a CMakeFiles/Astrum.dir/Core/Src/USB/usb_descriptors.c.obj
 .ARM.attributes
                0x000005f2       0x38 C:/ST/STM32CubeCLT_1.19.0/GNU-tools-for-STM32/bin/../lib/gcc/arm-none-eabi/13.3.1/../../../../arm-none-eabi/lib/thumb/v8-m.main+fp/hard\libg_nano.a(libc_a-memset.o)
 .ARM.attributes
                0x0000062a       0x38 C:/ST/STM32CubeCLT_1.19.0/GNU-tools-for-STM32/bin/../lib/gcc/arm-none-eabi/13.3.1/../../../../arm-none-eabi/lib/thumb/v8-m.main+fp/hard\libg_nano.a(libc_a-init.o)
 .ARM.attributes
                0x00000662       0x38 C:/ST/STM32CubeCLT_1.19.0/GNU-tools-for-STM32/bin/../lib/gcc/arm-none-eabi/13.3.1/../../../../arm-none-eabi/lib/thumb/v8-m.main+fp/hard\libg_nano.a(libc_a-memcpy-stub.o)
 .ARM.attributes
                0x0000069a       0x24 C:/ST/STM32CubeCLT_1.19.0/GNU-tools-for-STM32/bin/../lib/gcc/arm-none-eabi/13.3.1/../../../../arm-none-eabi/lib/thumb/v8-m.main+fp/hard\libg_nano.a(libc_a-strlen.o)
 .ARM.attributes
                0x000006be       0x26 C:/ST/STM32CubeCLT_1.19.0/GNU-tools-for-STM32/bin/../lib/gcc/arm-none-eabi/13.3.1/thumb/v8-m.main+fp/hard/crtn.o
OUTPUT(Astrum.elf elf32-littlearm)
LOAD linker stubs

.debug_info     0x00000000    0x1a4bd
 .debug_info    0x00000000      0xce0 cmake/stm32cubemx/CMakeFiles/STM32_Drivers.dir/__/__/Core/Src/system_stm32h5xx.c.obj
 .debug_info    0x00000ce0     0x1009 cmake/stm32cubemx/CMakeFiles/STM32_Drivers.dir/__/__/Drivers/STM32H5xx_HAL_Driver/Src/stm32h5xx_hal_rcc.c.obj
 .debug_info    0x00001ce9     0x1204 cmake/stm32cubemx/CMakeFiles/STM32_Drivers.dir/__/__/Drivers/STM32H5xx_HAL_Driver/Src/stm32h5xx_hal_rcc_ex.c.obj
 .debug_info    0x00002eed      0x6b6 cmake/stm32cubemx/CMakeFiles/STM32_Drivers.dir/__/__/Drivers/STM32H5xx_HAL_Driver/Src/stm32h5xx_hal_gpio.c.obj
 .debug_info    0x000035a3      0x928 cmake/stm32cubemx/CMakeFiles/STM32_Drivers.dir/__/__/Drivers/STM32H5xx_HAL_Driver/Src/stm32h5xx_hal_pwr_ex.c.obj
 .debug_info    0x00003ecb     0x15ce cmake/stm32cubemx/CMakeFiles/STM32_Drivers.dir/__/__/Drivers/STM32H5xx_HAL_Driver/Src/stm32h5xx_hal_cortex.c.obj
 .debug_info    0x00005499     0x12f0 cmake/stm32cubemx/CMakeFiles/STM32_Drivers.dir/__/__/Drivers/STM32H5xx_HAL_Driver/Src/stm32h5xx_hal.c.obj
 .debug_info    0x00006789     0x1560 cmake/stm32cubemx/CMakeFiles/STM32_Drivers.dir/__/__/Drivers/STM32H5xx_HAL_Driver/Src/stm32h5xx_hal_pcd.c.obj
 .debug_info    0x00007ce9      0x7eb cmake/stm32cubemx/CMakeFiles/STM32_Drivers.dir/__/__/Drivers/STM32H5xx_HAL_Driver/Src/stm32h5xx_hal_pcd_ex.c.obj
 .debug_info    0x000084d4     0x1a08 cmake/stm32cubemx/CMakeFiles/STM32_Drivers.dir/__/__/Drivers/STM32H5xx_HAL_Driver/Src/stm32h5xx_ll_usb.c.obj
 .debug_info    0x00009edc      0x9bf CMakeFiles/Astrum.dir/Core/Src/main.c.obj
 .debug_info    0x0000a89b      0x5ac CMakeFiles/Astrum.dir/Core/Src/gpio.c.obj
 .debug_info    0x0000ae47     0x104b CMakeFiles/Astrum.dir/Core/Src/usb.c.obj
 .debug_info    0x0000be92      0x16c CMakeFiles/Astrum.dir/Core/Src/stm32h5xx_it.c.obj
 .debug_info    0x0000bffe       0x9f CMakeFiles/Astrum.dir/Core/Src/stm32h5xx_hal_msp.c.obj
 .debug_info    0x0000c09d       0x30 CMakeFiles/Astrum.dir/startup_stm32h523xx.s.obj
 .debug_info    0x0000c0cd     0x16e3 CMakeFiles/Astrum.dir/Core/Src/app.cpp.obj
 .debug_info    0x0000d7b0     0x15b3 CMakeFiles/Astrum.dir/TINYUSB-SRC/tusb.c.obj
 .debug_info    0x0000ed63     0x14b8 CMakeFiles/Astrum.dir/TINYUSB-SRC/common/tusb_fifo.c.obj
 .debug_info    0x0001021b     0x33a1 CMakeFiles/Astrum.dir/TINYUSB-SRC/device/usbd.c.obj
 .debug_info    0x000135bc      0x773 CMakeFiles/Astrum.dir/TINYUSB-SRC/device/usbd_control.c.obj
 .debug_info    0x00013d2f     0x1f5f CMakeFiles/Astrum.dir/TINYUSB-SRC/class/cdc/cdc_device.c.obj
 .debug_info    0x00015c8e     0x367b CMakeFiles/Astrum.dir/TINYUSB-SRC/portable/st/stm32_fsdev/dcd_stm32_fsdev.c.obj
 .debug_info    0x00019309      0x6e9 CMakeFiles/Astrum.dir/TINYUSB-SRC/portable/st/stm32_fsdev/fsdev_common.c.obj
 .debug_info    0x000199f2      0x78e CMakeFiles/Astrum.dir/Core/Src/USB/usb_descriptors.c.obj
 .debug_info    0x0001a180       0xe0 C:/ST/STM32CubeCLT_1.19.0/GNU-tools-for-STM32/bin/../lib/gcc/arm-none-eabi/13.3.1/../../../../arm-none-eabi/lib/thumb/v8-m.main+fp/hard\libg_nano.a(libc_a-memset.o)
 .debug_info    0x0001a260      0x10b C:/ST/STM32CubeCLT_1.19.0/GNU-tools-for-STM32/bin/../lib/gcc/arm-none-eabi/13.3.1/../../../../arm-none-eabi/lib/thumb/v8-m.main+fp/hard\libg_nano.a(libc_a-init.o)
 .debug_info    0x0001a36b      0x121 C:/ST/STM32CubeCLT_1.19.0/GNU-tools-for-STM32/bin/../lib/gcc/arm-none-eabi/13.3.1/../../../../arm-none-eabi/lib/thumb/v8-m.main+fp/hard\libg_nano.a(libc_a-memcpy-stub.o)
 .debug_info    0x0001a48c       0x31 C:/ST/STM32CubeCLT_1.19.0/GNU-tools-for-STM32/bin/../lib/gcc/arm-none-eabi/13.3.1/../../../../arm-none-eabi/lib/thumb/v8-m.main+fp/hard\libg_nano.a(libc_a-strlen.o)

.debug_abbrev   0x00000000     0x4128
 .debug_abbrev  0x00000000      0x13a cmake/stm32cubemx/CMakeFiles/STM32_Drivers.dir/__/__/Core/Src/system_stm32h5xx.c.obj
 .debug_abbrev  0x0000013a      0x290 cmake/stm32cubemx/CMakeFiles/STM32_Drivers.dir/__/__/Drivers/STM32H5xx_HAL_Driver/Src/stm32h5xx_hal_rcc.c.obj
 .debug_abbrev  0x000003ca      0x25c cmake/stm32cubemx/CMakeFiles/STM32_Drivers.dir/__/__/Drivers/STM32H5xx_HAL_Driver/Src/stm32h5xx_hal_rcc_ex.c.obj
 .debug_abbrev  0x00000626      0x1db cmake/stm32cubemx/CMakeFiles/STM32_Drivers.dir/__/__/Drivers/STM32H5xx_HAL_Driver/Src/stm32h5xx_hal_gpio.c.obj
 .debug_abbrev  0x00000801      0x299 cmake/stm32cubemx/CMakeFiles/STM32_Drivers.dir/__/__/Drivers/STM32H5xx_HAL_Driver/Src/stm32h5xx_hal_pwr_ex.c.obj
 .debug_abbrev  0x00000a9a      0x311 cmake/stm32cubemx/CMakeFiles/STM32_Drivers.dir/__/__/Drivers/STM32H5xx_HAL_Driver/Src/stm32h5xx_hal_cortex.c.obj
 .debug_abbrev  0x00000dab      0x2af cmake/stm32cubemx/CMakeFiles/STM32_Drivers.dir/__/__/Drivers/STM32H5xx_HAL_Driver/Src/stm32h5xx_hal.c.obj
 .debug_abbrev  0x0000105a      0x302 cmake/stm32cubemx/CMakeFiles/STM32_Drivers.dir/__/__/Drivers/STM32H5xx_HAL_Driver/Src/stm32h5xx_hal_pcd.c.obj
 .debug_abbrev  0x0000135c      0x1e8 cmake/stm32cubemx/CMakeFiles/STM32_Drivers.dir/__/__/Drivers/STM32H5xx_HAL_Driver/Src/stm32h5xx_hal_pcd_ex.c.obj
 .debug_abbrev  0x00001544      0x237 cmake/stm32cubemx/CMakeFiles/STM32_Drivers.dir/__/__/Drivers/STM32H5xx_HAL_Driver/Src/stm32h5xx_ll_usb.c.obj
 .debug_abbrev  0x0000177b      0x247 CMakeFiles/Astrum.dir/Core/Src/main.c.obj
 .debug_abbrev  0x000019c2      0x15b CMakeFiles/Astrum.dir/Core/Src/gpio.c.obj
 .debug_abbrev  0x00001b1d      0x240 CMakeFiles/Astrum.dir/Core/Src/usb.c.obj
 .debug_abbrev  0x00001d5d       0xa0 CMakeFiles/Astrum.dir/Core/Src/stm32h5xx_it.c.obj
 .debug_abbrev  0x00001dfd       0x45 CMakeFiles/Astrum.dir/Core/Src/stm32h5xx_hal_msp.c.obj
 .debug_abbrev  0x00001e42       0x24 CMakeFiles/Astrum.dir/startup_stm32h523xx.s.obj
 .debug_abbrev  0x00001e66      0x227 CMakeFiles/Astrum.dir/Core/Src/app.cpp.obj
 .debug_abbrev  0x0000208d      0x3b9 CMakeFiles/Astrum.dir/TINYUSB-SRC/tusb.c.obj
 .debug_abbrev  0x00002446      0x356 CMakeFiles/Astrum.dir/TINYUSB-SRC/common/tusb_fifo.c.obj
 .debug_abbrev  0x0000279c      0x58c CMakeFiles/Astrum.dir/TINYUSB-SRC/device/usbd.c.obj
 .debug_abbrev  0x00002d28      0x327 CMakeFiles/Astrum.dir/TINYUSB-SRC/device/usbd_control.c.obj
 .debug_abbrev  0x0000304f      0x479 CMakeFiles/Astrum.dir/TINYUSB-SRC/class/cdc/cdc_device.c.obj
 .debug_abbrev  0x000034c8      0x606 CMakeFiles/Astrum.dir/TINYUSB-SRC/portable/st/stm32_fsdev/dcd_stm32_fsdev.c.obj
 .debug_abbrev  0x00003ace      0x23c CMakeFiles/Astrum.dir/TINYUSB-SRC/portable/st/stm32_fsdev/fsdev_common.c.obj
 .debug_abbrev  0x00003d0a      0x1ce CMakeFiles/Astrum.dir/Core/Src/USB/usb_descriptors.c.obj
 .debug_abbrev  0x00003ed8       0x9e C:/ST/STM32CubeCLT_1.19.0/GNU-tools-for-STM32/bin/../lib/gcc/arm-none-eabi/13.3.1/../../../../arm-none-eabi/lib/thumb/v8-m.main+fp/hard\libg_nano.a(libc_a-memset.o)
 .debug_abbrev  0x00003f76       0xc9 C:/ST/STM32CubeCLT_1.19.0/GNU-tools-for-STM32/bin/../lib/gcc/arm-none-eabi/13.3.1/../../../../arm-none-eabi/lib/thumb/v8-m.main+fp/hard\libg_nano.a(libc_a-init.o)
 .debug_abbrev  0x0000403f       0xc1 C:/ST/STM32CubeCLT_1.19.0/GNU-tools-for-STM32/bin/../lib/gcc/arm-none-eabi/13.3.1/../../../../arm-none-eabi/lib/thumb/v8-m.main+fp/hard\libg_nano.a(libc_a-memcpy-stub.o)
 .debug_abbrev  0x00004100       0x28 C:/ST/STM32CubeCLT_1.19.0/GNU-tools-for-STM32/bin/../lib/gcc/arm-none-eabi/13.3.1/../../../../arm-none-eabi/lib/thumb/v8-m.main+fp/hard\libg_nano.a(libc_a-strlen.o)

.debug_aranges  0x00000000     0x11e8
 .debug_aranges
                0x00000000       0x28 cmake/stm32cubemx/CMakeFiles/STM32_Drivers.dir/__/__/Core/Src/system_stm32h5xx.c.obj
 .debug_aranges
                0x00000028       0xa0 cmake/stm32cubemx/CMakeFiles/STM32_Drivers.dir/__/__/Drivers/STM32H5xx_HAL_Driver/Src/stm32h5xx_hal_rcc.c.obj
 .debug_aranges
                0x000000c8      0x108 cmake/stm32cubemx/CMakeFiles/STM32_Drivers.dir/__/__/Drivers/STM32H5xx_HAL_Driver/Src/stm32h5xx_hal_rcc_ex.c.obj
 .debug_aranges
                0x000001d0       0x78 cmake/stm32cubemx/CMakeFiles/STM32_Drivers.dir/__/__/Drivers/STM32H5xx_HAL_Driver/Src/stm32h5xx_hal_gpio.c.obj
 .debug_aranges
                0x00000248      0x148 cmake/stm32cubemx/CMakeFiles/STM32_Drivers.dir/__/__/Drivers/STM32H5xx_HAL_Driver/Src/stm32h5xx_hal_pwr_ex.c.obj
 .debug_aranges
                0x00000390      0x140 cmake/stm32cubemx/CMakeFiles/STM32_Drivers.dir/__/__/Drivers/STM32H5xx_HAL_Driver/Src/stm32h5xx_hal_cortex.c.obj
 .debug_aranges
                0x000004d0      0x1f8 cmake/stm32cubemx/CMakeFiles/STM32_Drivers.dir/__/__/Drivers/STM32H5xx_HAL_Driver/Src/stm32h5xx_hal.c.obj
 .debug_aranges
                0x000006c8      0x150 cmake/stm32cubemx/CMakeFiles/STM32_Drivers.dir/__/__/Drivers/STM32H5xx_HAL_Driver/Src/stm32h5xx_hal_pcd.c.obj
 .debug_aranges
                0x00000818       0x58 cmake/stm32cubemx/CMakeFiles/STM32_Drivers.dir/__/__/Drivers/STM32H5xx_HAL_Driver/Src/stm32h5xx_hal_pcd_ex.c.obj
 .debug_aranges
                0x00000870      0x130 cmake/stm32cubemx/CMakeFiles/STM32_Drivers.dir/__/__/Drivers/STM32H5xx_HAL_Driver/Src/stm32h5xx_ll_usb.c.obj
 .debug_aranges
                0x000009a0       0x30 CMakeFiles/Astrum.dir/Core/Src/main.c.obj
 .debug_aranges
                0x000009d0       0x20 CMakeFiles/Astrum.dir/Core/Src/gpio.c.obj
 .debug_aranges
                0x000009f0       0x30 CMakeFiles/Astrum.dir/Core/Src/usb.c.obj
 .debug_aranges
                0x00000a20       0x68 CMakeFiles/Astrum.dir/Core/Src/stm32h5xx_it.c.obj
 .debug_aranges
                0x00000a88       0x20 CMakeFiles/Astrum.dir/Core/Src/stm32h5xx_hal_msp.c.obj
 .debug_aranges
                0x00000aa8       0x28 CMakeFiles/Astrum.dir/startup_stm32h523xx.s.obj
 .debug_aranges
                0x00000ad0       0x28 CMakeFiles/Astrum.dir/Core/Src/app.cpp.obj
 .debug_aranges
                0x00000af8       0xd0 CMakeFiles/Astrum.dir/TINYUSB-SRC/tusb.c.obj
 .debug_aranges
                0x00000bc8       0xe0 CMakeFiles/Astrum.dir/TINYUSB-SRC/common/tusb_fifo.c.obj
 .debug_aranges
                0x00000ca8      0x1e8 CMakeFiles/Astrum.dir/TINYUSB-SRC/device/usbd.c.obj
 .debug_aranges
                0x00000e90       0x68 CMakeFiles/Astrum.dir/TINYUSB-SRC/device/usbd_control.c.obj
 .debug_aranges
                0x00000ef8       0xf0 CMakeFiles/Astrum.dir/TINYUSB-SRC/class/cdc/cdc_device.c.obj
 .debug_aranges
                0x00000fe8      0x108 CMakeFiles/Astrum.dir/TINYUSB-SRC/portable/st/stm32_fsdev/dcd_stm32_fsdev.c.obj
 .debug_aranges
                0x000010f0       0x38 CMakeFiles/Astrum.dir/TINYUSB-SRC/portable/st/stm32_fsdev/fsdev_common.c.obj
 .debug_aranges
                0x00001128       0x40 CMakeFiles/Astrum.dir/Core/Src/USB/usb_descriptors.c.obj
 .debug_aranges
                0x00001168       0x20 C:/ST/STM32CubeCLT_1.19.0/GNU-tools-for-STM32/bin/../lib/gcc/arm-none-eabi/13.3.1/../../../../arm-none-eabi/lib/thumb/v8-m.main+fp/hard\libg_nano.a(libc_a-memset.o)
 .debug_aranges
                0x00001188       0x20 C:/ST/STM32CubeCLT_1.19.0/GNU-tools-for-STM32/bin/../lib/gcc/arm-none-eabi/13.3.1/../../../../arm-none-eabi/lib/thumb/v8-m.main+fp/hard\libg_nano.a(libc_a-init.o)
 .debug_aranges
                0x000011a8       0x20 C:/ST/STM32CubeCLT_1.19.0/GNU-tools-for-STM32/bin/../lib/gcc/arm-none-eabi/13.3.1/../../../../arm-none-eabi/lib/thumb/v8-m.main+fp/hard\libg_nano.a(libc_a-memcpy-stub.o)
 .debug_aranges
                0x000011c8       0x20 C:/ST/STM32CubeCLT_1.19.0/GNU-tools-for-STM32/bin/../lib/gcc/arm-none-eabi/13.3.1/../../../../arm-none-eabi/lib/thumb/v8-m.main+fp/hard\libg_nano.a(libc_a-strlen.o)

.debug_rnglists
                0x00000000      0xdde
 .debug_rnglists
                0x00000000       0x1b cmake/stm32cubemx/CMakeFiles/STM32_Drivers.dir/__/__/Core/Src/system_stm32h5xx.c.obj
 .debug_rnglists
                0x0000001b       0x79 cmake/stm32cubemx/CMakeFiles/STM32_Drivers.dir/__/__/Drivers/STM32H5xx_HAL_Driver/Src/stm32h5xx_hal_rcc.c.obj
 .debug_rnglists
                0x00000094       0xcf cmake/stm32cubemx/CMakeFiles/STM32_Drivers.dir/__/__/Drivers/STM32H5xx_HAL_Driver/Src/stm32h5xx_hal_rcc_ex.c.obj
 .debug_rnglists
                0x00000163       0x57 cmake/stm32cubemx/CMakeFiles/STM32_Drivers.dir/__/__/Drivers/STM32H5xx_HAL_Driver/Src/stm32h5xx_hal_gpio.c.obj
 .debug_rnglists
                0x000001ba       0xf3 cmake/stm32cubemx/CMakeFiles/STM32_Drivers.dir/__/__/Drivers/STM32H5xx_HAL_Driver/Src/stm32h5xx_hal_pwr_ex.c.obj
 .debug_rnglists
                0x000002ad       0xec cmake/stm32cubemx/CMakeFiles/STM32_Drivers.dir/__/__/Drivers/STM32H5xx_HAL_Driver/Src/stm32h5xx_hal_cortex.c.obj
 .debug_rnglists
                0x00000399      0x177 cmake/stm32cubemx/CMakeFiles/STM32_Drivers.dir/__/__/Drivers/STM32H5xx_HAL_Driver/Src/stm32h5xx_hal.c.obj
 .debug_rnglists
                0x00000510      0x100 cmake/stm32cubemx/CMakeFiles/STM32_Drivers.dir/__/__/Drivers/STM32H5xx_HAL_Driver/Src/stm32h5xx_hal_pcd.c.obj
 .debug_rnglists
                0x00000610       0x3f cmake/stm32cubemx/CMakeFiles/STM32_Drivers.dir/__/__/Drivers/STM32H5xx_HAL_Driver/Src/stm32h5xx_hal_pcd_ex.c.obj
 .debug_rnglists
                0x0000064f       0xeb cmake/stm32cubemx/CMakeFiles/STM32_Drivers.dir/__/__/Drivers/STM32H5xx_HAL_Driver/Src/stm32h5xx_ll_usb.c.obj
 .debug_rnglists
                0x0000073a       0x20 CMakeFiles/Astrum.dir/Core/Src/main.c.obj
 .debug_rnglists
                0x0000075a       0x14 CMakeFiles/Astrum.dir/Core/Src/gpio.c.obj
 .debug_rnglists
                0x0000076e       0x20 CMakeFiles/Astrum.dir/Core/Src/usb.c.obj
 .debug_rnglists
                0x0000078e       0x49 CMakeFiles/Astrum.dir/Core/Src/stm32h5xx_it.c.obj
 .debug_rnglists
                0x000007d7       0x13 CMakeFiles/Astrum.dir/Core/Src/stm32h5xx_hal_msp.c.obj
 .debug_rnglists
                0x000007ea       0x19 CMakeFiles/Astrum.dir/startup_stm32h523xx.s.obj
 .debug_rnglists
                0x00000803       0x19 CMakeFiles/Astrum.dir/Core/Src/app.cpp.obj
 .debug_rnglists
                0x0000081c       0x9d CMakeFiles/Astrum.dir/TINYUSB-SRC/tusb.c.obj
 .debug_rnglists
                0x000008b9       0xae CMakeFiles/Astrum.dir/TINYUSB-SRC/common/tusb_fifo.c.obj
 .debug_rnglists
                0x00000967      0x1fb CMakeFiles/Astrum.dir/TINYUSB-SRC/device/usbd.c.obj
 .debug_rnglists
                0x00000b62       0x4c CMakeFiles/Astrum.dir/TINYUSB-SRC/device/usbd_control.c.obj
 .debug_rnglists
                0x00000bae       0xc6 CMakeFiles/Astrum.dir/TINYUSB-SRC/class/cdc/cdc_device.c.obj
 .debug_rnglists
                0x00000c74       0xde CMakeFiles/Astrum.dir/TINYUSB-SRC/portable/st/stm32_fsdev/dcd_stm32_fsdev.c.obj
 .debug_rnglists
                0x00000d52       0x26 CMakeFiles/Astrum.dir/TINYUSB-SRC/portable/st/stm32_fsdev/fsdev_common.c.obj
 .debug_rnglists
                0x00000d78       0x2d CMakeFiles/Astrum.dir/Core/Src/USB/usb_descriptors.c.obj
 .debug_rnglists
                0x00000da5       0x13 C:/ST/STM32CubeCLT_1.19.0/GNU-tools-for-STM32/bin/../lib/gcc/arm-none-eabi/13.3.1/../../../../arm-none-eabi/lib/thumb/v8-m.main+fp/hard\libg_nano.a(libc_a-memset.o)
 .debug_rnglists
                0x00000db8       0x13 C:/ST/STM32CubeCLT_1.19.0/GNU-tools-for-STM32/bin/../lib/gcc/arm-none-eabi/13.3.1/../../../../arm-none-eabi/lib/thumb/v8-m.main+fp/hard\libg_nano.a(libc_a-init.o)
 .debug_rnglists
                0x00000dcb       0x13 C:/ST/STM32CubeCLT_1.19.0/GNU-tools-for-STM32/bin/../lib/gcc/arm-none-eabi/13.3.1/../../../../arm-none-eabi/lib/thumb/v8-m.main+fp/hard\libg_nano.a(libc_a-memcpy-stub.o)

.debug_macro    0x00000000    0x31155
 .debug_macro   0x00000000      0x27a cmake/stm32cubemx/CMakeFiles/STM32_Drivers.dir/__/__/Core/Src/system_stm32h5xx.c.obj
 .debug_macro   0x0000027a      0xade cmake/stm32cubemx/CMakeFiles/STM32_Drivers.dir/__/__/Core/Src/system_stm32h5xx.c.obj
 .debug_macro   0x00000d58       0x22 cmake/stm32cubemx/CMakeFiles/STM32_Drivers.dir/__/__/Core/Src/system_stm32h5xx.c.obj
 .debug_macro   0x00000d7a       0x6e cmake/stm32cubemx/CMakeFiles/STM32_Drivers.dir/__/__/Core/Src/system_stm32h5xx.c.obj
 .debug_macro   0x00000de8       0x2a cmake/stm32cubemx/CMakeFiles/STM32_Drivers.dir/__/__/Core/Src/system_stm32h5xx.c.obj
 .debug_macro   0x00000e12       0x94 cmake/stm32cubemx/CMakeFiles/STM32_Drivers.dir/__/__/Core/Src/system_stm32h5xx.c.obj
 .debug_macro   0x00000ea6       0x3c cmake/stm32cubemx/CMakeFiles/STM32_Drivers.dir/__/__/Core/Src/system_stm32h5xx.c.obj
 .debug_macro   0x00000ee2       0x34 cmake/stm32cubemx/CMakeFiles/STM32_Drivers.dir/__/__/Core/Src/system_stm32h5xx.c.obj
 .debug_macro   0x00000f16      0x190 cmake/stm32cubemx/CMakeFiles/STM32_Drivers.dir/__/__/Core/Src/system_stm32h5xx.c.obj
 .debug_macro   0x000010a6       0x57 cmake/stm32cubemx/CMakeFiles/STM32_Drivers.dir/__/__/Core/Src/system_stm32h5xx.c.obj
 .debug_macro   0x000010fd      0x370 cmake/stm32cubemx/CMakeFiles/STM32_Drivers.dir/__/__/Core/Src/system_stm32h5xx.c.obj
 .debug_macro   0x0000146d       0x16 cmake/stm32cubemx/CMakeFiles/STM32_Drivers.dir/__/__/Core/Src/system_stm32h5xx.c.obj
 .debug_macro   0x00001483       0x4a cmake/stm32cubemx/CMakeFiles/STM32_Drivers.dir/__/__/Core/Src/system_stm32h5xx.c.obj
 .debug_macro   0x000014cd       0x34 cmake/stm32cubemx/CMakeFiles/STM32_Drivers.dir/__/__/Core/Src/system_stm32h5xx.c.obj
 .debug_macro   0x00001501       0x10 cmake/stm32cubemx/CMakeFiles/STM32_Drivers.dir/__/__/Core/Src/system_stm32h5xx.c.obj
 .debug_macro   0x00001511       0x58 cmake/stm32cubemx/CMakeFiles/STM32_Drivers.dir/__/__/Core/Src/system_stm32h5xx.c.obj
 .debug_macro   0x00001569      0x1e5 cmake/stm32cubemx/CMakeFiles/STM32_Drivers.dir/__/__/Core/Src/system_stm32h5xx.c.obj
 .debug_macro   0x0000174e      0x19b cmake/stm32cubemx/CMakeFiles/STM32_Drivers.dir/__/__/Core/Src/system_stm32h5xx.c.obj
 .debug_macro   0x000018e9       0x28 cmake/stm32cubemx/CMakeFiles/STM32_Drivers.dir/__/__/Core/Src/system_stm32h5xx.c.obj
 .debug_macro   0x00001911       0x42 cmake/stm32cubemx/CMakeFiles/STM32_Drivers.dir/__/__/Core/Src/system_stm32h5xx.c.obj
 .debug_macro   0x00001953      0x103 cmake/stm32cubemx/CMakeFiles/STM32_Drivers.dir/__/__/Core/Src/system_stm32h5xx.c.obj
 .debug_macro   0x00001a56       0x6a cmake/stm32cubemx/CMakeFiles/STM32_Drivers.dir/__/__/Core/Src/system_stm32h5xx.c.obj
 .debug_macro   0x00001ac0      0x1df cmake/stm32cubemx/CMakeFiles/STM32_Drivers.dir/__/__/Core/Src/system_stm32h5xx.c.obj
 .debug_macro   0x00001c9f       0x1c cmake/stm32cubemx/CMakeFiles/STM32_Drivers.dir/__/__/Core/Src/system_stm32h5xx.c.obj
 .debug_macro   0x00001cbb       0x29 cmake/stm32cubemx/CMakeFiles/STM32_Drivers.dir/__/__/Core/Src/system_stm32h5xx.c.obj
 .debug_macro   0x00001ce4       0xfb cmake/stm32cubemx/CMakeFiles/STM32_Drivers.dir/__/__/Core/Src/system_stm32h5xx.c.obj
 .debug_macro   0x00001ddf     0x1685 cmake/stm32cubemx/CMakeFiles/STM32_Drivers.dir/__/__/Core/Src/system_stm32h5xx.c.obj
 .debug_macro   0x00003464       0x5e cmake/stm32cubemx/CMakeFiles/STM32_Drivers.dir/__/__/Core/Src/system_stm32h5xx.c.obj
 .debug_macro   0x000034c2    0x1b39d cmake/stm32cubemx/CMakeFiles/STM32_Drivers.dir/__/__/Core/Src/system_stm32h5xx.c.obj
 .debug_macro   0x0001e85f       0x6d cmake/stm32cubemx/CMakeFiles/STM32_Drivers.dir/__/__/Core/Src/system_stm32h5xx.c.obj
 .debug_macro   0x0001e8cc      0x1b5 cmake/stm32cubemx/CMakeFiles/STM32_Drivers.dir/__/__/Core/Src/system_stm32h5xx.c.obj
 .debug_macro   0x0001ea81     0x388a cmake/stm32cubemx/CMakeFiles/STM32_Drivers.dir/__/__/Core/Src/system_stm32h5xx.c.obj
 .debug_macro   0x0002230b       0x63 cmake/stm32cubemx/CMakeFiles/STM32_Drivers.dir/__/__/Core/Src/system_stm32h5xx.c.obj
 .debug_macro   0x0002236e     0x19b8 cmake/stm32cubemx/CMakeFiles/STM32_Drivers.dir/__/__/Core/Src/system_stm32h5xx.c.obj
 .debug_macro   0x00023d26      0xa9f cmake/stm32cubemx/CMakeFiles/STM32_Drivers.dir/__/__/Core/Src/system_stm32h5xx.c.obj
 .debug_macro   0x000247c5      0x166 cmake/stm32cubemx/CMakeFiles/STM32_Drivers.dir/__/__/Core/Src/system_stm32h5xx.c.obj
 .debug_macro   0x0002492b      0x262 cmake/stm32cubemx/CMakeFiles/STM32_Drivers.dir/__/__/Core/Src/system_stm32h5xx.c.obj
 .debug_macro   0x00024b8d      0x72d cmake/stm32cubemx/CMakeFiles/STM32_Drivers.dir/__/__/Core/Src/system_stm32h5xx.c.obj
 .debug_macro   0x000252ba      0x424 cmake/stm32cubemx/CMakeFiles/STM32_Drivers.dir/__/__/Core/Src/system_stm32h5xx.c.obj
 .debug_macro   0x000256de       0xd6 cmake/stm32cubemx/CMakeFiles/STM32_Drivers.dir/__/__/Core/Src/system_stm32h5xx.c.obj
 .debug_macro   0x000257b4      0x1cd cmake/stm32cubemx/CMakeFiles/STM32_Drivers.dir/__/__/Core/Src/system_stm32h5xx.c.obj
 .debug_macro   0x00025981      0x2bb cmake/stm32cubemx/CMakeFiles/STM32_Drivers.dir/__/__/Core/Src/system_stm32h5xx.c.obj
 .debug_macro   0x00025c3c      0x57b cmake/stm32cubemx/CMakeFiles/STM32_Drivers.dir/__/__/Core/Src/system_stm32h5xx.c.obj
 .debug_macro   0x000261b7       0x7b cmake/stm32cubemx/CMakeFiles/STM32_Drivers.dir/__/__/Core/Src/system_stm32h5xx.c.obj
 .debug_macro   0x00026232      0x22c cmake/stm32cubemx/CMakeFiles/STM32_Drivers.dir/__/__/Core/Src/system_stm32h5xx.c.obj
 .debug_macro   0x0002645e       0x35 cmake/stm32cubemx/CMakeFiles/STM32_Drivers.dir/__/__/Core/Src/system_stm32h5xx.c.obj
 .debug_macro   0x00026493       0xa5 cmake/stm32cubemx/CMakeFiles/STM32_Drivers.dir/__/__/Core/Src/system_stm32h5xx.c.obj
 .debug_macro   0x00026538      0x313 cmake/stm32cubemx/CMakeFiles/STM32_Drivers.dir/__/__/Core/Src/system_stm32h5xx.c.obj
 .debug_macro   0x0002684b      0x1bb cmake/stm32cubemx/CMakeFiles/STM32_Drivers.dir/__/__/Core/Src/system_stm32h5xx.c.obj
 .debug_macro   0x00026a06      0x23f cmake/stm32cubemx/CMakeFiles/STM32_Drivers.dir/__/__/Core/Src/system_stm32h5xx.c.obj
 .debug_macro   0x00026c45      0x177 cmake/stm32cubemx/CMakeFiles/STM32_Drivers.dir/__/__/Core/Src/system_stm32h5xx.c.obj
 .debug_macro   0x00026dbc      0x253 cmake/stm32cubemx/CMakeFiles/STM32_Drivers.dir/__/__/Core/Src/system_stm32h5xx.c.obj
 .debug_macro   0x0002700f      0x469 cmake/stm32cubemx/CMakeFiles/STM32_Drivers.dir/__/__/Core/Src/system_stm32h5xx.c.obj
 .debug_macro   0x00027478      0x2b5 cmake/stm32cubemx/CMakeFiles/STM32_Drivers.dir/__/__/Drivers/STM32H5xx_HAL_Driver/Src/stm32h5xx_hal_rcc.c.obj
 .debug_macro   0x0002772d      0x285 cmake/stm32cubemx/CMakeFiles/STM32_Drivers.dir/__/__/Drivers/STM32H5xx_HAL_Driver/Src/stm32h5xx_hal_rcc_ex.c.obj
 .debug_macro   0x000279b2      0x2a9 cmake/stm32cubemx/CMakeFiles/STM32_Drivers.dir/__/__/Drivers/STM32H5xx_HAL_Driver/Src/stm32h5xx_hal_gpio.c.obj
 .debug_macro   0x00027c5b      0x29d cmake/stm32cubemx/CMakeFiles/STM32_Drivers.dir/__/__/Drivers/STM32H5xx_HAL_Driver/Src/stm32h5xx_hal_pwr_ex.c.obj
 .debug_macro   0x00027ef8      0x273 cmake/stm32cubemx/CMakeFiles/STM32_Drivers.dir/__/__/Drivers/STM32H5xx_HAL_Driver/Src/stm32h5xx_hal_cortex.c.obj
 .debug_macro   0x0002816b      0x2a9 cmake/stm32cubemx/CMakeFiles/STM32_Drivers.dir/__/__/Drivers/STM32H5xx_HAL_Driver/Src/stm32h5xx_hal.c.obj
 .debug_macro   0x00028414      0x27f cmake/stm32cubemx/CMakeFiles/STM32_Drivers.dir/__/__/Drivers/STM32H5xx_HAL_Driver/Src/stm32h5xx_hal_pcd.c.obj
 .debug_macro   0x00028693      0x273 cmake/stm32cubemx/CMakeFiles/STM32_Drivers.dir/__/__/Drivers/STM32H5xx_HAL_Driver/Src/stm32h5xx_hal_pcd_ex.c.obj
 .debug_macro   0x00028906      0x273 cmake/stm32cubemx/CMakeFiles/STM32_Drivers.dir/__/__/Drivers/STM32H5xx_HAL_Driver/Src/stm32h5xx_ll_usb.c.obj
 .debug_macro   0x00028b79      0x3b6 CMakeFiles/Astrum.dir/Core/Src/main.c.obj
 .debug_macro   0x00028f2f       0xa0 CMakeFiles/Astrum.dir/Core/Src/main.c.obj
 .debug_macro   0x00028fcf       0x22 CMakeFiles/Astrum.dir/Core/Src/main.c.obj
 .debug_macro   0x00028ff1       0x10 CMakeFiles/Astrum.dir/Core/Src/main.c.obj
 .debug_macro   0x00029001      0x4cc CMakeFiles/Astrum.dir/Core/Src/main.c.obj
 .debug_macro   0x000294cd      0x192 CMakeFiles/Astrum.dir/Core/Src/main.c.obj
 .debug_macro   0x0002965f      0x3b7 CMakeFiles/Astrum.dir/Core/Src/main.c.obj
 .debug_macro   0x00029a16       0x88 CMakeFiles/Astrum.dir/Core/Src/main.c.obj
 .debug_macro   0x00029a9e       0x49 CMakeFiles/Astrum.dir/Core/Src/main.c.obj
 .debug_macro   0x00029ae7      0x242 CMakeFiles/Astrum.dir/Core/Src/main.c.obj
 .debug_macro   0x00029d29       0x48 CMakeFiles/Astrum.dir/Core/Src/main.c.obj
 .debug_macro   0x00029d71       0x48 CMakeFiles/Astrum.dir/Core/Src/main.c.obj
 .debug_macro   0x00029db9       0xc7 CMakeFiles/Astrum.dir/Core/Src/main.c.obj
 .debug_macro   0x00029e80       0x10 CMakeFiles/Astrum.dir/Core/Src/main.c.obj
 .debug_macro   0x00029e90      0x45b CMakeFiles/Astrum.dir/Core/Src/main.c.obj
 .debug_macro   0x0002a2eb       0x2e CMakeFiles/Astrum.dir/Core/Src/main.c.obj
 .debug_macro   0x0002a319       0x25 CMakeFiles/Astrum.dir/Core/Src/main.c.obj
 .debug_macro   0x0002a33e       0x25 CMakeFiles/Astrum.dir/Core/Src/main.c.obj
 .debug_macro   0x0002a363       0x42 CMakeFiles/Astrum.dir/Core/Src/main.c.obj
 .debug_macro   0x0002a3a5       0x2e CMakeFiles/Astrum.dir/Core/Src/main.c.obj
 .debug_macro   0x0002a3d3       0x20 CMakeFiles/Astrum.dir/Core/Src/main.c.obj
 .debug_macro   0x0002a3f3      0x287 CMakeFiles/Astrum.dir/Core/Src/gpio.c.obj
 .debug_macro   0x0002a67a      0x287 CMakeFiles/Astrum.dir/Core/Src/usb.c.obj
 .debug_macro   0x0002a901      0x3a0 CMakeFiles/Astrum.dir/Core/Src/stm32h5xx_it.c.obj
 .debug_macro   0x0002aca1       0x28 CMakeFiles/Astrum.dir/Core/Src/stm32h5xx_it.c.obj
 .debug_macro   0x0002acc9      0x461 CMakeFiles/Astrum.dir/Core/Src/stm32h5xx_it.c.obj
 .debug_macro   0x0002b12a      0x27d CMakeFiles/Astrum.dir/Core/Src/stm32h5xx_hal_msp.c.obj
 .debug_macro   0x0002b3a7      0x59b CMakeFiles/Astrum.dir/Core/Src/app.cpp.obj
 .debug_macro   0x0002b942      0xc22 CMakeFiles/Astrum.dir/Core/Src/app.cpp.obj
 .debug_macro   0x0002c564       0x16 CMakeFiles/Astrum.dir/Core/Src/app.cpp.obj
 .debug_macro   0x0002c57a       0x1c CMakeFiles/Astrum.dir/Core/Src/app.cpp.obj
 .debug_macro   0x0002c596       0x3a CMakeFiles/Astrum.dir/Core/Src/app.cpp.obj
 .debug_macro   0x0002c5d0       0x89 CMakeFiles/Astrum.dir/Core/Src/app.cpp.obj
 .debug_macro   0x0002c659      0x120 CMakeFiles/Astrum.dir/Core/Src/app.cpp.obj
 .debug_macro   0x0002c779      0x38c CMakeFiles/Astrum.dir/Core/Src/app.cpp.obj
 .debug_macro   0x0002cb05       0x4a CMakeFiles/Astrum.dir/Core/Src/app.cpp.obj
 .debug_macro   0x0002cb4f       0x10 CMakeFiles/Astrum.dir/Core/Src/app.cpp.obj
 .debug_macro   0x0002cb5f       0x3c CMakeFiles/Astrum.dir/Core/Src/app.cpp.obj
 .debug_macro   0x0002cb9b      0x192 CMakeFiles/Astrum.dir/Core/Src/app.cpp.obj
 .debug_macro   0x0002cd2d      0x1f2 CMakeFiles/Astrum.dir/Core/Src/app.cpp.obj
 .debug_macro   0x0002cf1f       0x10 CMakeFiles/Astrum.dir/Core/Src/app.cpp.obj
 .debug_macro   0x0002cf2f       0xc8 CMakeFiles/Astrum.dir/Core/Src/app.cpp.obj
 .debug_macro   0x0002cff7      0x103 CMakeFiles/Astrum.dir/Core/Src/app.cpp.obj
 .debug_macro   0x0002d0fa      0x368 CMakeFiles/Astrum.dir/Core/Src/app.cpp.obj
 .debug_macro   0x0002d462       0x18 CMakeFiles/Astrum.dir/Core/Src/app.cpp.obj
 .debug_macro   0x0002d47a      0x194 CMakeFiles/Astrum.dir/Core/Src/app.cpp.obj
 .debug_macro   0x0002d60e       0x10 CMakeFiles/Astrum.dir/Core/Src/app.cpp.obj
 .debug_macro   0x0002d61e       0x10 CMakeFiles/Astrum.dir/Core/Src/app.cpp.obj
 .debug_macro   0x0002d62e      0x3ce CMakeFiles/Astrum.dir/Core/Src/app.cpp.obj
 .debug_macro   0x0002d9fc       0x16 CMakeFiles/Astrum.dir/Core/Src/app.cpp.obj
 .debug_macro   0x0002da12       0x1c CMakeFiles/Astrum.dir/Core/Src/app.cpp.obj
 .debug_macro   0x0002da2e       0x4f CMakeFiles/Astrum.dir/Core/Src/app.cpp.obj
 .debug_macro   0x0002da7d       0x6a CMakeFiles/Astrum.dir/Core/Src/app.cpp.obj
 .debug_macro   0x0002dae7       0x25 CMakeFiles/Astrum.dir/Core/Src/app.cpp.obj
 .debug_macro   0x0002db0c       0x18 CMakeFiles/Astrum.dir/Core/Src/app.cpp.obj
 .debug_macro   0x0002db24       0x27 CMakeFiles/Astrum.dir/Core/Src/app.cpp.obj
 .debug_macro   0x0002db4b       0x28 CMakeFiles/Astrum.dir/Core/Src/app.cpp.obj
 .debug_macro   0x0002db73       0x2e CMakeFiles/Astrum.dir/Core/Src/app.cpp.obj
 .debug_macro   0x0002dba1       0x1f CMakeFiles/Astrum.dir/Core/Src/app.cpp.obj
 .debug_macro   0x0002dbc0       0x88 CMakeFiles/Astrum.dir/Core/Src/app.cpp.obj
 .debug_macro   0x0002dc48       0x19 CMakeFiles/Astrum.dir/Core/Src/app.cpp.obj
 .debug_macro   0x0002dc61      0x120 CMakeFiles/Astrum.dir/Core/Src/app.cpp.obj
 .debug_macro   0x0002dd81       0x11 CMakeFiles/Astrum.dir/Core/Src/app.cpp.obj
 .debug_macro   0x0002dd92       0x17 CMakeFiles/Astrum.dir/Core/Src/app.cpp.obj
 .debug_macro   0x0002dda9       0x17 CMakeFiles/Astrum.dir/Core/Src/app.cpp.obj
 .debug_macro   0x0002ddc0       0x17 CMakeFiles/Astrum.dir/Core/Src/app.cpp.obj
 .debug_macro   0x0002ddd7       0x17 CMakeFiles/Astrum.dir/Core/Src/app.cpp.obj
 .debug_macro   0x0002ddee       0x17 CMakeFiles/Astrum.dir/Core/Src/app.cpp.obj
 .debug_macro   0x0002de05       0x17 CMakeFiles/Astrum.dir/Core/Src/app.cpp.obj
 .debug_macro   0x0002de1c     0x1685 CMakeFiles/Astrum.dir/Core/Src/app.cpp.obj
 .debug_macro   0x0002f4a1      0x22e CMakeFiles/Astrum.dir/TINYUSB-SRC/tusb.c.obj
 .debug_macro   0x0002f6cf       0x3a CMakeFiles/Astrum.dir/TINYUSB-SRC/tusb.c.obj
 .debug_macro   0x0002f709      0x119 CMakeFiles/Astrum.dir/TINYUSB-SRC/tusb.c.obj
 .debug_macro   0x0002f822       0x10 CMakeFiles/Astrum.dir/TINYUSB-SRC/tusb.c.obj
 .debug_macro   0x0002f832      0x1fb CMakeFiles/Astrum.dir/TINYUSB-SRC/common/tusb_fifo.c.obj
 .debug_macro   0x0002fa2d      0x24a CMakeFiles/Astrum.dir/TINYUSB-SRC/device/usbd.c.obj
 .debug_macro   0x0002fc77       0x10 CMakeFiles/Astrum.dir/TINYUSB-SRC/device/usbd.c.obj
 .debug_macro   0x0002fc87      0x232 CMakeFiles/Astrum.dir/TINYUSB-SRC/device/usbd_control.c.obj
 .debug_macro   0x0002feb9      0x21f CMakeFiles/Astrum.dir/TINYUSB-SRC/class/cdc/cdc_device.c.obj
 .debug_macro   0x000300d8      0x37d CMakeFiles/Astrum.dir/TINYUSB-SRC/portable/st/stm32_fsdev/dcd_stm32_fsdev.c.obj
 .debug_macro   0x00030455      0x283 CMakeFiles/Astrum.dir/TINYUSB-SRC/portable/st/stm32_fsdev/dcd_stm32_fsdev.c.obj
 .debug_macro   0x000306d8       0x25 CMakeFiles/Astrum.dir/TINYUSB-SRC/portable/st/stm32_fsdev/dcd_stm32_fsdev.c.obj
 .debug_macro   0x000306fd       0x20 CMakeFiles/Astrum.dir/TINYUSB-SRC/portable/st/stm32_fsdev/dcd_stm32_fsdev.c.obj
 .debug_macro   0x0003071d      0x383 CMakeFiles/Astrum.dir/TINYUSB-SRC/portable/st/stm32_fsdev/fsdev_common.c.obj
 .debug_macro   0x00030aa0      0x27d CMakeFiles/Astrum.dir/TINYUSB-SRC/portable/st/stm32_fsdev/fsdev_common.c.obj
 .debug_macro   0x00030d1d      0x41c CMakeFiles/Astrum.dir/Core/Src/USB/usb_descriptors.c.obj
 .debug_macro   0x00031139       0x1c CMakeFiles/Astrum.dir/Core/Src/USB/usb_descriptors.c.obj

.debug_line     0x00000000    0x17527
 .debug_line    0x00000000      0x95a cmake/stm32cubemx/CMakeFiles/STM32_Drivers.dir/__/__/Core/Src/system_stm32h5xx.c.obj
 .debug_line    0x0000095a     0x1372 cmake/stm32cubemx/CMakeFiles/STM32_Drivers.dir/__/__/Drivers/STM32H5xx_HAL_Driver/Src/stm32h5xx_hal_rcc.c.obj
 .debug_line    0x00001ccc     0x237d cmake/stm32cubemx/CMakeFiles/STM32_Drivers.dir/__/__/Drivers/STM32H5xx_HAL_Driver/Src/stm32h5xx_hal_rcc_ex.c.obj
 .debug_line    0x00004049      0xbe3 cmake/stm32cubemx/CMakeFiles/STM32_Drivers.dir/__/__/Drivers/STM32H5xx_HAL_Driver/Src/stm32h5xx_hal_gpio.c.obj
 .debug_line    0x00004c2c      0xd04 cmake/stm32cubemx/CMakeFiles/STM32_Drivers.dir/__/__/Drivers/STM32H5xx_HAL_Driver/Src/stm32h5xx_hal_pwr_ex.c.obj
 .debug_line    0x00005930      0xe29 cmake/stm32cubemx/CMakeFiles/STM32_Drivers.dir/__/__/Drivers/STM32H5xx_HAL_Driver/Src/stm32h5xx_hal_cortex.c.obj
 .debug_line    0x00006759      0xee2 cmake/stm32cubemx/CMakeFiles/STM32_Drivers.dir/__/__/Drivers/STM32H5xx_HAL_Driver/Src/stm32h5xx_hal.c.obj
 .debug_line    0x0000763b     0x149c cmake/stm32cubemx/CMakeFiles/STM32_Drivers.dir/__/__/Drivers/STM32H5xx_HAL_Driver/Src/stm32h5xx_hal_pcd.c.obj