Archive member included to satisfy reference by file (symbol)

C:/ST/STM32CubeCLT_1.19.0/GNU-tools-for-STM32/bin/../lib/gcc/arm-none-eabi/13.3.1/../../../../arm-none-eabi/lib/thumb/v8-m.main+fp/hard\libg_nano.a(libc_a-exit.o)
                              C:/ST/STM32CubeCLT_1.19.0/GNU-tools-for-STM32/bin/../lib/gcc/arm-none-eabi/13.3.1/../../../../arm-none-eabi/lib/thumb/v8-m.main+fp/hard/crt0.o (exit)
C:/ST/STM32CubeCLT_1.19.0/GNU-tools-for-STM32/bin/../lib/gcc/arm-none-eabi/13.3.1/../../../../arm-none-eabi/lib/thumb/v8-m.main+fp/hard\libg_nano.a(libc_a-findfp.o)
                              C:/ST/STM32CubeCLT_1.19.0/GNU-tools-for-STM32/bin/../lib/gcc/arm-none-eabi/13.3.1/../../../../arm-none-eabi/lib/thumb/v8-m.main+fp/hard\libg_nano.a(libc_a-exit.o) (__stdio_exit_handler)
C:/ST/STM32CubeCLT_1.19.0/GNU-tools-for-STM32/bin/../lib/gcc/arm-none-eabi/13.3.1/../../../../arm-none-eabi/lib/thumb/v8-m.main+fp/hard\libg_nano.a(libc_a-fwalk.o)
                              C:/ST/STM32CubeCLT_1.19.0/GNU-tools-for-STM32/bin/../lib/gcc/arm-none-eabi/13.3.1/../../../../arm-none-eabi/lib/thumb/v8-m.main+fp/hard\libg_nano.a(libc_a-findfp.o) (_fwalk_sglue)
C:/ST/STM32CubeCLT_1.19.0/GNU-tools-for-STM32/bin/../lib/gcc/arm-none-eabi/13.3.1/../../../../arm-none-eabi/lib/thumb/v8-m.main+fp/hard\libg_nano.a(libc_a-stdio.o)
                              C:/ST/STM32CubeCLT_1.19.0/GNU-tools-for-STM32/bin/../lib/gcc/arm-none-eabi/13.3.1/../../../../arm-none-eabi/lib/thumb/v8-m.main+fp/hard\libg_nano.a(libc_a-findfp.o) (__sread)
C:/ST/STM32CubeCLT_1.19.0/GNU-tools-for-STM32/bin/../lib/gcc/arm-none-eabi/13.3.1/../../../../arm-none-eabi/lib/thumb/v8-m.main+fp/hard\libg_nano.a(libc_a-vsnprintf.o)
                              CMakeFiles/Astrum.dir/Core/Src/USB/usb.cpp.obj (vsnprintf)
C:/ST/STM32CubeCLT_1.19.0/GNU-tools-for-STM32/bin/../lib/gcc/arm-none-eabi/13.3.1/../../../../arm-none-eabi/lib/thumb/v8-m.main+fp/hard\libg_nano.a(libc_a-memset.o)
                              C:/ST/STM32CubeCLT_1.19.0/GNU-tools-for-STM32/bin/../lib/gcc/arm-none-eabi/13.3.1/../../../../arm-none-eabi/lib/thumb/v8-m.main+fp/hard/crt0.o (memset)
C:/ST/STM32CubeCLT_1.19.0/GNU-tools-for-STM32/bin/../lib/gcc/arm-none-eabi/13.3.1/../../../../arm-none-eabi/lib/thumb/v8-m.main+fp/hard\libg_nano.a(libc_a-closer.o)
                              C:/ST/STM32CubeCLT_1.19.0/GNU-tools-for-STM32/bin/../lib/gcc/arm-none-eabi/13.3.1/../../../../arm-none-eabi/lib/thumb/v8-m.main+fp/hard\libg_nano.a(libc_a-stdio.o) (_close_r)
C:/ST/STM32CubeCLT_1.19.0/GNU-tools-for-STM32/bin/../lib/gcc/arm-none-eabi/13.3.1/../../../../arm-none-eabi/lib/thumb/v8-m.main+fp/hard\libg_nano.a(libc_a-reent.o)
                              C:/ST/STM32CubeCLT_1.19.0/GNU-tools-for-STM32/bin/../lib/gcc/arm-none-eabi/13.3.1/../../../../arm-none-eabi/lib/thumb/v8-m.main+fp/hard\libg_nano.a(libc_a-closer.o) (errno)
C:/ST/STM32CubeCLT_1.19.0/GNU-tools-for-STM32/bin/../lib/gcc/arm-none-eabi/13.3.1/../../../../arm-none-eabi/lib/thumb/v8-m.main+fp/hard\libg_nano.a(libc_a-impure.o)
                              C:/ST/STM32CubeCLT_1.19.0/GNU-tools-for-STM32/bin/../lib/gcc/arm-none-eabi/13.3.1/../../../../arm-none-eabi/lib/thumb/v8-m.main+fp/hard\libg_nano.a(libc_a-vsnprintf.o) (_impure_ptr)
C:/ST/STM32CubeCLT_1.19.0/GNU-tools-for-STM32/bin/../lib/gcc/arm-none-eabi/13.3.1/../../../../arm-none-eabi/lib/thumb/v8-m.main+fp/hard\libg_nano.a(libc_a-lseekr.o)
                              C:/ST/STM32CubeCLT_1.19.0/GNU-tools-for-STM32/bin/../lib/gcc/arm-none-eabi/13.3.1/../../../../arm-none-eabi/lib/thumb/v8-m.main+fp/hard\libg_nano.a(libc_a-stdio.o) (_lseek_r)
C:/ST/STM32CubeCLT_1.19.0/GNU-tools-for-STM32/bin/../lib/gcc/arm-none-eabi/13.3.1/../../../../arm-none-eabi/lib/thumb/v8-m.main+fp/hard\libg_nano.a(libc_a-readr.o)
                              C:/ST/STM32CubeCLT_1.19.0/GNU-tools-for-STM32/bin/../lib/gcc/arm-none-eabi/13.3.1/../../../../arm-none-eabi/lib/thumb/v8-m.main+fp/hard\libg_nano.a(libc_a-stdio.o) (_read_r)
C:/ST/STM32CubeCLT_1.19.0/GNU-tools-for-STM32/bin/../lib/gcc/arm-none-eabi/13.3.1/../../../../arm-none-eabi/lib/thumb/v8-m.main+fp/hard\libg_nano.a(libc_a-writer.o)
                              C:/ST/STM32CubeCLT_1.19.0/GNU-tools-for-STM32/bin/../lib/gcc/arm-none-eabi/13.3.1/../../../../arm-none-eabi/lib/thumb/v8-m.main+fp/hard\libg_nano.a(libc_a-stdio.o) (_write_r)
C:/ST/STM32CubeCLT_1.19.0/GNU-tools-for-STM32/bin/../lib/gcc/arm-none-eabi/13.3.1/../../../../arm-none-eabi/lib/thumb/v8-m.main+fp/hard\libg_nano.a(libc_a-errno.o)
                              CMakeFiles/Astrum.dir/Core/Src/sysmem.c.obj (__errno)
C:/ST/STM32CubeCLT_1.19.0/GNU-tools-for-STM32/bin/../lib/gcc/arm-none-eabi/13.3.1/../../../../arm-none-eabi/lib/thumb/v8-m.main+fp/hard\libg_nano.a(libc_a-init.o)
                              C:/ST/STM32CubeCLT_1.19.0/GNU-tools-for-STM32/bin/../lib/gcc/arm-none-eabi/13.3.1/../../../../arm-none-eabi/lib/thumb/v8-m.main+fp/hard/crt0.o (__libc_init_array)
[...]
Memory Configuration

Name             Origin             Length             Attributes
RAM              0x20000000         0x00044000         xrw
FLASH            0x08000000         0x00080000         xr
*default*        0x00000000         0xffffffff

Linker script and memory map

LOAD C:/ST/STM32CubeCLT_1.19.0/GNU-tools-for-STM32/bin/../lib/gcc/arm-none-eabi/13.3.1/thumb/v8-m.main+fp/hard/crti.o
LOAD C:/ST/STM32CubeCLT_1.19.0/GNU-tools-for-STM32/bin/../lib/gcc/arm-none-eabi/13.3.1/thumb/v8-m.main+fp/hard/crtbegin.o
LOAD C:/ST/STM32CubeCLT_1.19.0/GNU-tools-for-STM32/bin/../lib/gcc/arm-none-eabi/13.3.1/../../../../arm-none-eabi/lib/thumb/v8-m.main+fp/hard/crt0.o
LOAD cmake/stm32cubemx/CMakeFiles/STM32_Drivers.dir/__/__/Core/Src/system_stm32h5xx.c.obj
LOAD cmake/stm32cubemx/CMakeFiles/STM32_Drivers.dir/__/__/Drivers/STM32H5xx_HAL_Driver/Src/stm32h5xx_hal_i2c.c.obj
LOAD cmake/stm32cubemx/CMakeFiles/STM32_Drivers.dir/__/__/Drivers/STM32H5xx_HAL_Driver/Src/stm32h5xx_hal_i2c_ex.c.obj
LOAD cmake/stm32cubemx/CMakeFiles/STM32_Drivers.dir/__/__/Drivers/STM32H5xx_HAL_Driver/Src/stm32h5xx_hal_dma.c.obj
LOAD cmake/stm32cubemx/CMakeFiles/STM32_Drivers.dir/__/__/Drivers/STM32H5xx_HAL_Driver/Src/stm32h5xx_hal_dma_ex.c.obj
LOAD cmake/stm32cubemx/CMakeFiles/STM32_Drivers.dir/__/__/Drivers/STM32H5xx_HAL_Driver/Src/stm32h5xx_hal_rcc.c.obj
LOAD cmake/stm32cubemx/CMakeFiles/STM32_Drivers.dir/__/__/Drivers/STM32H5xx_HAL_Driver/Src/stm32h5xx_hal_rcc_ex.c.obj
LOAD cmake/stm32cubemx/CMakeFiles/STM32_Drivers.dir/__/__/Drivers/STM32H5xx_HAL_Driver/Src/stm32h5xx_hal_flash.c.obj
LOAD cmake/stm32cubemx/CMakeFiles/STM32_Drivers.dir/__/__/Drivers/STM32H5xx_HAL_Driver/Src/stm32h5xx_hal_flash_ex.c.obj
LOAD cmake/stm32cubemx/CMakeFiles/STM32_Drivers.dir/__/__/Drivers/STM32H5xx_HAL_Driver/Src/stm32h5xx_hal_gpio.c.obj
LOAD cmake/stm32cubemx/CMakeFiles/STM32_Drivers.dir/__/__/Drivers/STM32H5xx_HAL_Driver/Src/stm32h5xx_hal_pwr.c.obj
LOAD cmake/stm32cubemx/CMakeFiles/STM32_Drivers.dir/__/__/Drivers/STM32H5xx_HAL_Driver/Src/stm32h5xx_hal_pwr_ex.c.obj
LOAD cmake/stm32cubemx/CMakeFiles/STM32_Drivers.dir/__/__/Drivers/STM32H5xx_HAL_Driver/Src/stm32h5xx_hal_cortex.c.obj
LOAD cmake/stm32cubemx/CMakeFiles/STM32_Drivers.dir/__/__/Drivers/STM32H5xx_HAL_Driver/Src/stm32h5xx_hal.c.obj
LOAD cmake/stm32cubemx/CMakeFiles/STM32_Drivers.dir/__/__/Drivers/STM32H5xx_HAL_Driver/Src/stm32h5xx_hal_exti.c.obj
LOAD cmake/stm32cubemx/CMakeFiles/STM32_Drivers.dir/__/__/Drivers/STM32H5xx_HAL_Driver/Src/stm32h5xx_hal_crc.c.obj
LOAD cmake/stm32cubemx/CMakeFiles/STM32_Drivers.dir/__/__/Drivers/STM32H5xx_HAL_Driver/Src/stm32h5xx_hal_crc_ex.c.obj
LOAD cmake/stm32cubemx/CMakeFiles/STM32_Drivers.dir/__/__/Drivers/STM32H5xx_HAL_Driver/Src/stm32h5xx_hal_pcd.c.obj
LOAD cmake/stm32cubemx/CMakeFiles/STM32_Drivers.dir/__/__/Drivers/STM32H5xx_HAL_Driver/Src/stm32h5xx_hal_pcd_ex.c.obj
LOAD cmake/stm32cubemx/CMakeFiles/STM32_Drivers.dir/__/__/Drivers/STM32H5xx_HAL_Driver/Src/stm32h5xx_ll_usb.c.obj
LOAD cmake/stm32cubemx/CMakeFiles/STM32_Drivers.dir/__/__/Drivers/BSP/Components/lsm6dsr/lsm6dsr_reg.c.obj
LOAD cmake/stm32cubemx/CMakeFiles/STM32_Drivers.dir/__/__/Drivers/BSP/Components/lsm6dsr/lsm6dsr.c.obj
LOAD CMakeFiles/Astrum.dir/X-CUBE-MEMS1/Target/custom_motion_sensors.c.obj
LOAD CMakeFiles/Astrum.dir/X-CUBE-MEMS1/Target/custom_motion_sensors_ex.c.obj
LOAD CMakeFiles/Astrum.dir/Core/Src/main.c.obj
LOAD CMakeFiles/Astrum.dir/Core/Src/gpio.c.obj
LOAD CMakeFiles/Astrum.dir/Core/Src/crc.c.obj
LOAD CMakeFiles/Astrum.dir/Core/Src/usb.c.obj
LOAD CMakeFiles/Astrum.dir/Core/Src/custom_bus.c.obj
LOAD CMakeFiles/Astrum.dir/Core/Src/stm32h5xx_it.c.obj
LOAD CMakeFiles/Astrum.dir/Core/Src/stm32h5xx_hal_msp.c.obj
LOAD CMakeFiles/Astrum.dir/Core/Src/sysmem.c.obj
LOAD CMakeFiles/Astrum.dir/Core/Src/syscalls.c.obj
LOAD CMakeFiles/Astrum.dir/startup_stm32h523xx.s.obj
LOAD CMakeFiles/Astrum.dir/Core/Src/app.cpp.obj
LOAD CMakeFiles/Astrum.dir/TINYUSB-SRC/tusb.c.obj
LOAD CMakeFiles/Astrum.dir/TINYUSB-SRC/common/tusb_fifo.c.obj
LOAD CMakeFiles/Astrum.dir/TINYUSB-SRC/device/usbd.c.obj
LOAD CMakeFiles/Astrum.dir/TINYUSB-SRC/device/usbd_control.c.obj
LOAD CMakeFiles/Astrum.dir/TINYUSB-SRC/class/cdc/cdc_device.c.obj
LOAD CMakeFiles/Astrum.dir/TINYUSB-SRC/portable/st/stm32_fsdev/dcd_stm32_fsdev.c.obj
LOAD CMakeFiles/Astrum.dir/TINYUSB-SRC/portable/st/stm32_fsdev/fsdev_common.c.obj
LOAD CMakeFiles/Astrum.dir/Core/Src/USB/usb_descriptors.c.obj
LOAD CMakeFiles/Astrum.dir/Core/Src/USB/usb.cpp.obj
LOAD C:/ST/STM32CubeCLT_1.19.0/GNU-tools-for-STM32/bin/../lib/gcc/arm-none-eabi/13.3.1/../../../../arm-none-eabi/lib/thumb/v8-m.main+fp/hard\libstdc++_nano.a
LOAD C:/ST/STM32CubeCLT_1.19.0/GNU-tools-for-STM32/bin/../lib/gcc/arm-none-eabi/13.3.1/../../../../arm-none-eabi/lib/thumb/v8-m.main+fp/hard\libm.a
START GROUP
LOAD C:/ST/STM32CubeCLT_1.19.0/GNU-tools-for-STM32/bin/../lib/gcc/arm-none-eabi/13.3.1/thumb/v8-m.main+fp/hard\libgcc.a
LOAD C:/ST/STM32CubeCLT_1.19.0/GNU-tools-for-STM32/bin/../lib/gcc/arm-none-eabi/13.3.1/../../../../arm-none-eabi/lib/thumb/v8-m.main+fp/hard\libg_nano.a
LOAD C:/ST/STM32CubeCLT_1.19.0/GNU-tools-for-STM32/bin/../lib/gcc/arm-none-eabi/13.3.1/../../../../arm-none-eabi/lib/thumb/v8-m.main+fp/hard\libc_nano.a
END GROUP
START GROUP
LOAD C:/ST/STM32CubeCLT_1.19.0/GNU-tools-for-STM32/bin/../lib/gcc/arm-none-eabi/13.3.1/thumb/v8-m.main+fp/hard\libgcc.a
LOAD C:/ST/STM32CubeCLT_1.19.0/GNU-tools-for-STM32/bin/../lib/gcc/arm-none-eabi/13.3.1/../../../../arm-none-eabi/lib/thumb/v8-m.main+fp/hard\libc_nano.a
END GROUP
LOAD C:/ST/STM32CubeCLT_1.19.0/GNU-tools-for-STM32/bin/../lib/gcc/arm-none-eabi/13.3.1/thumb/v8-m.main+fp/hard/crtend.o
LOAD C:/ST/STM32CubeCLT_1.19.0/GNU-tools-for-STM32/bin/../lib/gcc/arm-none-eabi/13.3.1/thumb/v8-m.main+fp/hard/crtn.o
                0x20044000                        _estack = (ORIGIN (RAM) + LENGTH (RAM))
                0x00000200                        _Min_Heap_Size = 0x200
                0x00000400                        _Min_Stack_Size = 0x400

.isr_vector     0x08000000      0x254
                0x08000000                        . = ALIGN (0x4)
 *(.isr_vector)
 .isr_vector    0x08000000      0x254 CMakeFiles/Astrum.dir/startup_stm32h523xx.s.obj
                0x08000000                g_pfnVectors
                0x08000254                        . = ALIGN (0x4)

.text           0x08000254     0x94e0
                0x08000254                        . = ALIGN (0x4)
 *(.text)
 .text          0x08000254       0x40 C:/ST/STM32CubeCLT_1.19.0/GNU-tools-for-STM32/bin/../lib/gcc/arm-none-eabi/13.3.1/thumb/v8-m.main+fp/hard/crtbegin.o
 .text          0x08000294       0x10 C:/ST/STM32CubeCLT_1.19.0/GNU-tools-for-STM32/bin/../lib/gcc/arm-none-eabi/13.3.1/../../../../arm-none-eabi/lib/thumb/v8-m.main+fp/hard\libg_nano.a(libc_a-strlen.o)
                0x08000294                strlen
 *(.text*)
 .text.SystemInit
                0x080002a4       0xf8 cmake/stm32cubemx/CMakeFiles/STM32_Drivers.dir/__/__/Core/Src/system_stm32h5xx.c.obj
                0x080002a4                SystemInit
 .text.HAL_RCC_OscConfig
                0x0800039c      0x870 cmake/stm32cubemx/CMakeFiles/STM32_Drivers.dir/__/__/Drivers/STM32H5xx_HAL_Driver/Src/stm32h5xx_hal_rcc.c.obj
                0x0800039c                HAL_RCC_OscConfig
 .text.HAL_RCC_ClockConfig
                0x08000c0c      0x370 cmake/stm32cubemx/CMakeFiles/STM32_Drivers.dir/__/__/Drivers/STM32H5xx_HAL_Driver/Src/stm32h5xx_hal_rcc.c.obj
                0x08000c0c                HAL_RCC_ClockConfig
 .text.HAL_RCC_GetSysClockFreq
                0x08000f7c      0x258 cmake/stm32cubemx/CMakeFiles/STM32_Drivers.dir/__/__/Drivers/STM32H5xx_HAL_Driver/Src/stm32h5xx_hal_rcc.c.obj
                0x08000f7c                HAL_RCC_GetSysClockFreq
 .text.HAL_RCC_GetHCLKFreq
                0x080011d4       0x38 cmake/stm32cubemx/CMakeFiles/STM32_Drivers.dir/__/__/Drivers/STM32H5xx_HAL_Driver/Src/stm32h5xx_hal_rcc.c.obj
                0x080011d4                HAL_RCC_GetHCLKFreq
 .text.HAL_RCCEx_PeriphCLKConfig
                0x0800120c     0x1380 cmake/stm32cubemx/CMakeFiles/STM32_Drivers.dir/__/__/Drivers/STM32H5xx_HAL_Driver/Src/stm32h5xx_hal_rcc_ex.c.obj
                0x0800120c                HAL_RCCEx_PeriphCLKConfig
 .text.RCCEx_PLL2_Config
                0x0800258c      0x130 cmake/stm32cubemx/CMakeFiles/STM32_Drivers.dir/__/__/Drivers/STM32H5xx_HAL_Driver/Src/stm32h5xx_hal_rcc_ex.c.obj
 .text.RCCEx_PLL3_Config
                0x080026bc      0x130 cmake/stm32cubemx/CMakeFiles/STM32_Drivers.dir/__/__/Drivers/STM32H5xx_HAL_Driver/Src/stm32h5xx_hal_rcc_ex.c.obj
 .text.HAL_GPIO_Init
                0x080027ec      0x2bc cmake/stm32cubemx/CMakeFiles/STM32_Drivers.dir/__/__/Drivers/STM32H5xx_HAL_Driver/Src/stm32h5xx_hal_gpio.c.obj
                0x080027ec                HAL_GPIO_Init
 .text.HAL_PWREx_EnableVddUSB
                0x08002aa8       0x20 cmake/stm32cubemx/CMakeFiles/STM32_Drivers.dir/__/__/Drivers/STM32H5xx_HAL_Driver/Src/stm32h5xx_hal_pwr_ex.c.obj
                0x08002aa8                HAL_PWREx_EnableVddUSB
 .text.__NVIC_SetPriorityGrouping
                0x08002ac8       0x48 cmake/stm32cubemx/CMakeFiles/STM32_Drivers.dir/__/__/Drivers/STM32H5xx_HAL_Driver/Src/stm32h5xx_hal_cortex.c.obj
 .text.__NVIC_GetPriorityGrouping
                0x08002b10       0x1c cmake/stm32cubemx/CMakeFiles/STM32_Drivers.dir/__/__/Drivers/STM32H5xx_HAL_Driver/Src/stm32h5xx_hal_cortex.c.obj
 .text.__NVIC_EnableIRQ
                0x08002b2c       0x3c cmake/stm32cubemx/CMakeFiles/STM32_Drivers.dir/__/__/Drivers/STM32H5xx_HAL_Driver/Src/stm32h5xx_hal_cortex.c.obj
 .text.__NVIC_SetPriority
                0x08002b68       0x54 cmake/stm32cubemx/CMakeFiles/STM32_Drivers.dir/__/__/Drivers/STM32H5xx_HAL_Driver/Src/stm32h5xx_hal_cortex.c.obj
 .text.NVIC_EncodePriority
                0x08002bbc       0x66 cmake/stm32cubemx/CMakeFiles/STM32_Drivers.dir/__/__/Drivers/STM32H5xx_HAL_Driver/Src/stm32h5xx_hal_cortex.c.obj
 .text.HAL_NVIC_SetPriorityGrouping
                0x08002c22       0x16 cmake/stm32cubemx/CMakeFiles/STM32_Drivers.dir/__/__/Drivers/STM32H5xx_HAL_Driver/Src/stm32h5xx_hal_cortex.c.obj
                0x08002c22                HAL_NVIC_SetPriorityGrouping
 .text.HAL_NVIC_SetPriority
                0x08002c38       0x34 cmake/stm32cubemx/CMakeFiles/STM32_Drivers.dir/__/__/Drivers/STM32H5xx_HAL_Driver/Src/stm32h5xx_hal_cortex.c.obj
                0x08002c38                HAL_NVIC_SetPriority
 .text.HAL_NVIC_EnableIRQ
                0x08002c6c       0x1c cmake/stm32cubemx/CMakeFiles/STM32_Drivers.dir/__/__/Drivers/STM32H5xx_HAL_Driver/Src/stm32h5xx_hal_cortex.c.obj
                0x08002c6c                HAL_NVIC_EnableIRQ
 .text.HAL_SYSTICK_Config
                0x08002c88       0x44 cmake/stm32cubemx/CMakeFiles/STM32_Drivers.dir/__/__/Drivers/STM32H5xx_HAL_Driver/Src/stm32h5xx_hal_cortex.c.obj
                0x08002c88                HAL_SYSTICK_Config
 .text.HAL_SYSTICK_CLKSourceConfig
                0x08002ccc       0xb0 cmake/stm32cubemx/CMakeFiles/STM32_Drivers.dir/__/__/Drivers/STM32H5xx_HAL_Driver/Src/stm32h5xx_hal_cortex.c.obj
                0x08002ccc                HAL_SYSTICK_CLKSourceConfig
 .text.HAL_SYSTICK_GetCLKSourceConfig
                0x08002d7c       0x6c cmake/stm32cubemx/CMakeFiles/STM32_Drivers.dir/__/__/Drivers/STM32H5xx_HAL_Driver/Src/stm32h5xx_hal_cortex.c.obj
                0x08002d7c                HAL_SYSTICK_GetCLKSourceConfig
 .text.HAL_Init
                0x08002de8       0x50 cmake/stm32cubemx/CMakeFiles/STM32_Drivers.dir/__/__/Drivers/STM32H5xx_HAL_Driver/Src/stm32h5xx_hal.c.obj
                0x08002de8                HAL_Init
 .text.HAL_InitTick
                0x08002e38       0xec cmake/stm32cubemx/CMakeFiles/STM32_Drivers.dir/__/__/Drivers/STM32H5xx_HAL_Driver/Src/stm32h5xx_hal.c.obj
                0x08002e38                HAL_InitTick
 .text.HAL_IncTick
                0x08002f24       0x28 cmake/stm32cubemx/CMakeFiles/STM32_Drivers.dir/__/__/Drivers/STM32H5xx_HAL_Driver/Src/stm32h5xx_hal.c.obj
                0x08002f24                HAL_IncTick
 .text.HAL_GetTick
                0x08002f4c       0x18 cmake/stm32cubemx/CMakeFiles/STM32_Drivers.dir/__/__/Drivers/STM32H5xx_HAL_Driver/Src/stm32h5xx_hal.c.obj
                0x08002f4c                HAL_GetTick
 .text.HAL_CRC_Init
                0x08002f64       0xc8 cmake/stm32cubemx/CMakeFiles/STM32_Drivers.dir/__/__/Drivers/STM32H5xx_HAL_Driver/Src/stm32h5xx_hal_crc.c.obj
                0x08002f64                HAL_CRC_Init
 .text.HAL_CRCEx_Polynomial_Set
                0x0800302c      0x11c cmake/stm32cubemx/CMakeFiles/STM32_Drivers.dir/__/__/Drivers/STM32H5xx_HAL_Driver/Src/stm32h5xx_hal_crc_ex.c.obj
                0x0800302c                HAL_CRCEx_Polynomial_Set
 .text.HAL_PCD_Init
                0x08003148      0x202 cmake/stm32cubemx/CMakeFiles/STM32_Drivers.dir/__/__/Drivers/STM32H5xx_HAL_Driver/Src/stm32h5xx_hal_pcd.c.obj
                0x08003148                HAL_PCD_Init
 .text.HAL_PCDEx_ActivateLPM
                0x0800334a       0x44 cmake/stm32cubemx/CMakeFiles/STM32_Drivers.dir/__/__/Drivers/STM32H5xx_HAL_Driver/Src/stm32h5xx_hal_pcd_ex.c.obj
                0x0800334a                HAL_PCDEx_ActivateLPM
 .text.USB_CoreReset
                0x0800338e       0x2e cmake/stm32cubemx/CMakeFiles/STM32_Drivers.dir/__/__/Drivers/STM32H5xx_HAL_Driver/Src/stm32h5xx_ll_usb.c.obj
 .text.USB_CoreInit
                0x080033bc       0x3c cmake/stm32cubemx/CMakeFiles/STM32_Drivers.dir/__/__/Drivers/STM32H5xx_HAL_Driver/Src/stm32h5xx_ll_usb.c.obj
                0x080033bc                USB_CoreInit
 .text.USB_DisableGlobalInt
                0x080033f8       0x2a cmake/stm32cubemx/CMakeFiles/STM32_Drivers.dir/__/__/Drivers/STM32H5xx_HAL_Driver/Src/stm32h5xx_ll_usb.c.obj
                0x080033f8                USB_DisableGlobalInt
 .text.USB_SetCurrentMode
                0x08003422       0x46 cmake/stm32cubemx/CMakeFiles/STM32_Drivers.dir/__/__/Drivers/STM32H5xx_HAL_Driver/Src/stm32h5xx_ll_usb.c.obj
                0x08003422                USB_SetCurrentMode
 .text.USB_DevInit
                0x08003468       0x46 cmake/stm32cubemx/CMakeFiles/STM32_Drivers.dir/__/__/Drivers/STM32H5xx_HAL_Driver/Src/stm32h5xx_ll_usb.c.obj
                0x08003468                USB_DevInit
 .text.USB_DevDisconnect
                0x080034ae       0x22 cmake/stm32cubemx/CMakeFiles/STM32_Drivers.dir/__/__/Drivers/STM32H5xx_HAL_Driver/Src/stm32h5xx_ll_usb.c.obj
                0x080034ae                USB_DevDisconnect
 .text.main     0x080034d0       0x44 CMakeFiles/Astrum.dir/Core/Src/main.c.obj
                0x080034d0                main
 .text.SystemClock_Config
                0x08003514       0xc4 CMakeFiles/Astrum.dir/Core/Src/main.c.obj
                0x08003514                SystemClock_Config
 .text.Error_Handler
                0x080035d8        0xc CMakeFiles/Astrum.dir/Core/Src/main.c.obj
                0x080035d8                Error_Handler
 .text.MX_GPIO_Init
                0x080035e4       0xbc CMakeFiles/Astrum.dir/Core/Src/gpio.c.obj
                0x080035e4                MX_GPIO_Init
 .text.MX_CRC_Init
                0x080036a0       0x44 CMakeFiles/Astrum.dir/Core/Src/crc.c.obj
                0x080036a0                MX_CRC_Init
 .text.HAL_CRC_MspInit
                0x080036e4       0x44 CMakeFiles/Astrum.dir/Core/Src/crc.c.obj
                0x080036e4                HAL_CRC_MspInit
 .text.MX_USB_PCD_Init
                0x08003728       0x64 CMakeFiles/Astrum.dir/Core/Src/usb.c.obj
                0x08003728                MX_USB_PCD_Init
 .text.HAL_PCD_MspInit
                0x0800378c       0x88 CMakeFiles/Astrum.dir/Core/Src/usb.c.obj
                0x0800378c                HAL_PCD_MspInit
 .text.NMI_Handler
                0x08003814        0x8 CMakeFiles/Astrum.dir/Core/Src/stm32h5xx_it.c.obj
                0x08003814                NMI_Handler
 .text.HardFault_Handler
                0x0800381c        0x8 CMakeFiles/Astrum.dir/Core/Src/stm32h5xx_it.c.obj
                0x0800381c                HardFault_Handler
 .text.MemManage_Handler
                0x08003824        0x8 CMakeFiles/Astrum.dir/Core/Src/stm32h5xx_it.c.obj
                0x08003824                MemManage_Handler
 .text.BusFault_Handler
                0x0800382c        0x8 CMakeFiles/Astrum.dir/Core/Src/stm32h5xx_it.c.obj
                0x0800382c                BusFault_Handler
 .text.UsageFault_Handler
                0x08003834        0x8 CMakeFiles/Astrum.dir/Core/Src/stm32h5xx_it.c.obj
                0x08003834                UsageFault_Handler
 .text.SVC_Handler
                0x0800383c        0xe CMakeFiles/Astrum.dir/Core/Src/stm32h5xx_it.c.obj
                0x0800383c                SVC_Handler
 .text.DebugMon_Handler
                0x0800384a        0xe CMakeFiles/Astrum.dir/Core/Src/stm32h5xx_it.c.obj
                0x0800384a                DebugMon_Handler
 .text.PendSV_Handler
                0x08003858        0xe CMakeFiles/Astrum.dir/Core/Src/stm32h5xx_it.c.obj
                0x08003858                PendSV_Handler
 .text.SysTick_Handler
                0x08003866        0xc CMakeFiles/Astrum.dir/Core/Src/stm32h5xx_it.c.obj
                0x08003866                SysTick_Handler
 .text.USB_DRD_FS_IRQHandler
                0x08003872       0x10 CMakeFiles/Astrum.dir/Core/Src/stm32h5xx_it.c.obj
                0x08003872                USB_DRD_FS_IRQHandler
 .text.HAL_MspInit
                0x08003882        0xe CMakeFiles/Astrum.dir/Core/Src/stm32h5xx_hal_msp.c.obj
                0x08003882                HAL_MspInit
 .text.Reset_Handler
                0x08003890       0x50 CMakeFiles/Astrum.dir/startup_stm32h523xx.s.obj
                0x08003890                Reset_Handler
 .text.Default_Handler
                0x080038e0        0x2 CMakeFiles/Astrum.dir/startup_stm32h523xx.s.obj
                0x080038e0                EXTI2_IRQHandler
                0x080038e0                TIM8_TRG_COM_IRQHandler
                0x080038e0                TIM8_CC_IRQHandler
                0x080038e0                EXTI5_IRQHandler
                0x080038e0                I3C1_ER_IRQHandler
                0x080038e0                SPI4_IRQHandler
                0x080038e0                GPDMA2_Channel1_IRQHandler
                0x080038e0                FLASH_S_IRQHandler
                0x080038e0                EXTI13_IRQHandler
                0x080038e0                TIM1_CC_IRQHandler
                0x080038e0                GPDMA2_Channel3_IRQHandler
                0x080038e0                TAMP_IRQHandler
                0x080038e0                TIM6_IRQHandler
                0x080038e0                EXTI12_IRQHandler
                0x080038e0                EXTI3_IRQHandler
                0x080038e0                GPDMA1_Channel5_IRQHandler
                0x080038e0                EXTI8_IRQHandler
                0x080038e0                GPDMA2_Channel5_IRQHandler
                0x080038e0                LPTIM2_IRQHandler
                0x080038e0                I2C3_ER_IRQHandler
                0x080038e0                GPDMA2_Channel2_IRQHandler
                0x080038e0                EXTI0_IRQHandler
                0x080038e0                I2C2_EV_IRQHandler
                0x080038e0                FPU_IRQHandler
                0x080038e0                GPDMA1_Channel3_IRQHandler
                0x080038e0                GPDMA1_Channel7_IRQHandler
                0x080038e0                FDCAN1_IT1_IRQHandler
                0x080038e0                RAMCFG_IRQHandler
                0x080038e0                DCACHE1_IRQHandler
                0x080038e0                SPI1_IRQHandler
                0x080038e0                OCTOSPI1_IRQHandler
                0x080038e0                GPDMA1_Channel2_IRQHandler
                0x080038e0                TIM8_UP_IRQHandler
                0x080038e0                RCC_S_IRQHandler
                0x080038e0                ADC1_IRQHandler
                0x080038e0                USART6_IRQHandler
                0x080038e0                I3C2_ER_IRQHandler
                0x080038e0                EXTI15_IRQHandler
                0x080038e0                USART3_IRQHandler
                0x080038e0                RTC_IRQHandler
                0x080038e0                EXTI9_IRQHandler
                0x080038e0                UART5_IRQHandler
                0x080038e0                TIM4_IRQHandler
                0x080038e0                I3C2_EV_IRQHandler
                0x080038e0                I2C1_EV_IRQHandler
                0x080038e0                GPDMA1_Channel1_IRQHandler
                0x080038e0                UART4_IRQHandler
                0x080038e0                SecureFault_Handler
                0x080038e0                TIM3_IRQHandler
                0x080038e0                RCC_IRQHandler
                0x080038e0                TIM1_TRG_COM_IRQHandler
                0x080038e0                Default_Handler
                0x080038e0                CEC_IRQHandler
                0x080038e0                GPDMA2_Channel4_IRQHandler
                0x080038e0                TIM12_IRQHandler
                0x080038e0                TIM7_IRQHandler
                0x080038e0                SDMMC1_IRQHandler
                0x080038e0                TIM5_IRQHandler
                0x080038e0                UCPD1_IRQHandler
                0x080038e0                GPDMA1_Channel0_IRQHandler
                0x080038e0                I3C1_EV_IRQHandler
                0x080038e0                TIM15_IRQHandler
                0x080038e0                PVD_AVD_IRQHandler
                0x080038e0                I2C3_EV_IRQHandler
                0x080038e0                ADC2_IRQHandler
                0x080038e0                SPI2_IRQHandler
                0x080038e0                EXTI14_IRQHandler
                0x080038e0                EXTI11_IRQHandler
                0x080038e0                CRS_IRQHandler
                0x080038e0                EXTI4_IRQHandler
                0x080038e0                GPDMA2_Channel0_IRQHandler
                0x080038e0                RTC_S_IRQHandler
                0x080038e0                RNG_IRQHandler
                0x080038e0                FDCAN2_IT1_IRQHandler
                0x080038e0                GPDMA2_Channel6_IRQHandler
                0x080038e0                TIM1_UP_IRQHandler
                0x080038e0                WWDG_IRQHandler
                0x080038e0                FDCAN2_IT0_IRQHandler
                0x080038e0                IWDG_IRQHandler
                0x080038e0                LPUART1_IRQHandler
                0x080038e0                FDCAN1_IT0_IRQHandler
                0x080038e0                TIM2_IRQHandler
                0x080038e0                GPDMA1_Channel4_IRQHandler
                0x080038e0                EXTI7_IRQHandler
                0x080038e0                TIM1_BRK_IRQHandler
                0x080038e0                EXTI1_IRQHandler
                0x080038e0                DAC1_IRQHandler
                0x080038e0                DTS_IRQHandler
                0x080038e0                GTZC_IRQHandler
                0x080038e0                USART2_IRQHandler
                0x080038e0                GPDMA1_Channel6_IRQHandler
                0x080038e0                GPDMA2_Channel7_IRQHandler
                0x080038e0                I2C2_ER_IRQHandler
                0x080038e0                TIM8_BRK_IRQHandler
                0x080038e0                FLASH_IRQHandler
                0x080038e0                USART1_IRQHandler
                0x080038e0                EXTI10_IRQHandler
                0x080038e0                SPI3_IRQHandler
                0x080038e0                I2C1_ER_IRQHandler
                0x080038e0                FMC_IRQHandler
                0x080038e0                EXTI6_IRQHandler
                0x080038e0                LPTIM1_IRQHandler
                0x080038e0                DCMI_PSSI_IRQHandler
                0x080038e0                ICACHE_IRQHandler
                0x080038e0                HASH_IRQHandler
 .text.app_init
                0x080038e2        0xe CMakeFiles/Astrum.dir/Core/Src/app.cpp.obj
                0x080038e2                app_init
 .text.app_loop
                0x080038f0       0x74 CMakeFiles/Astrum.dir/Core/Src/app.cpp.obj
                0x080038f0                app_loop
 .text.tusb_rhport_init
                0x08003964       0xc8 CMakeFiles/Astrum.dir/TINYUSB-SRC/tusb.c.obj
                0x08003964                tusb_rhport_init
 .text.tusb_int_handler
                0x08003a2c       0x34 CMakeFiles/Astrum.dir/TINYUSB-SRC/tusb.c.obj
                0x08003a2c                tusb_int_handler
 .text.tu_edpt_claim
                0x08003a60       0x78 CMakeFiles/Astrum.dir/TINYUSB-SRC/tusb.c.obj
                0x08003a60                tu_edpt_claim
 .text.tu_edpt_release
                0x08003ad8       0x54 CMakeFiles/Astrum.dir/TINYUSB-SRC/tusb.c.obj
                0x08003ad8                tu_edpt_release
 .text.tu_bind_driver_to_ep_itf
                0x08003b2c      0x11c CMakeFiles/Astrum.dir/TINYUSB-SRC/tusb.c.obj
                0x08003b2c                tu_bind_driver_to_ep_itf
 .text.tu_edpt_stream_init
                0x08003c48       0x50 CMakeFiles/Astrum.dir/TINYUSB-SRC/tusb.c.obj
                0x08003c48                tu_edpt_stream_init
 .text.stream_claim
                0x08003c98       0x3a CMakeFiles/Astrum.dir/TINYUSB-SRC/tusb.c.obj
 .text.stream_xfer
                0x08003cd2       0x66 CMakeFiles/Astrum.dir/TINYUSB-SRC/tusb.c.obj
 .text.stream_release
                0x08003d38       0x2e CMakeFiles/Astrum.dir/TINYUSB-SRC/tusb.c.obj
 *fill*         0x08003d66        0x2 
 .text.tu_edpt_stream_write_zlp_if_needed
                0x08003d68       0x9c CMakeFiles/Astrum.dir/TINYUSB-SRC/tusb.c.obj
                0x08003d68                tu_edpt_stream_write_zlp_if_needed
 .text.tu_edpt_stream_write_xfer
                0x08003e04      0x16c CMakeFiles/Astrum.dir/TINYUSB-SRC/tusb.c.obj
                0x08003e04                tu_edpt_stream_write_xfer
 .text.tu_edpt_stream_write
                0x08003f70       0xba CMakeFiles/Astrum.dir/TINYUSB-SRC/tusb.c.obj
                0x08003f70                tu_edpt_stream_write
 *fill*         0x0800402a        0x2 
 .text.tu_edpt_stream_read_xfer
                0x0800402c      0x190 CMakeFiles/Astrum.dir/TINYUSB-SRC/tusb.c.obj
                0x0800402c                tu_edpt_stream_read_xfer
 .text.tu_fifo_config
                0x080041bc       0x4e CMakeFiles/Astrum.dir/TINYUSB-SRC/common/tusb_fifo.c.obj
                0x080041bc                tu_fifo_config
 .text.tu_fifo_clear
                0x0800420a       0x20 CMakeFiles/Astrum.dir/TINYUSB-SRC/common/tusb_fifo.c.obj
                0x0800420a                tu_fifo_clear
 .text.tu_fifo_set_overwritable
                0x0800422a       0x2a CMakeFiles/Astrum.dir/TINYUSB-SRC/common/tusb_fifo.c.obj
                0x0800422a                tu_fifo_set_overwritable
 .text.tu_hwfifo_write
                0x08004254       0xae CMakeFiles/Astrum.dir/TINYUSB-SRC/common/tusb_fifo.c.obj
                0x08004254                tu_hwfifo_write
 .text.tu_hwfifo_read
                0x08004302       0xb6 CMakeFiles/Astrum.dir/TINYUSB-SRC/common/tusb_fifo.c.obj
                0x08004302                tu_hwfifo_read
 .text.hwff_push_n
                0x080043b8      0x17a CMakeFiles/Astrum.dir/TINYUSB-SRC/common/tusb_fifo.c.obj
 .text.hwff_pull_n
                0x08004532      0x17a CMakeFiles/Astrum.dir/TINYUSB-SRC/common/tusb_fifo.c.obj
 .text.ff_push_n
                0x080046ac       0x6e CMakeFiles/Astrum.dir/TINYUSB-SRC/common/tusb_fifo.c.obj
 .text.ff_pull_n
                0x0800471a       0x6e CMakeFiles/Astrum.dir/TINYUSB-SRC/common/tusb_fifo.c.obj
 .text.advance_index
                0x08004788       0x4c CMakeFiles/Astrum.dir/TINYUSB-SRC/common/tusb_fifo.c.obj
 .text.correct_read_index
                0x080047d4       0x40 CMakeFiles/Astrum.dir/TINYUSB-SRC/common/tusb_fifo.c.obj
 .text.tu_fifo_peek_n_access_mode
                0x08004814       0xcc CMakeFiles/Astrum.dir/TINYUSB-SRC/common/tusb_fifo.c.obj
                0x08004814                tu_fifo_peek_n_access_mode
 .text.tu_fifo_read_n_access_mode
                0x080048e0       0x5a CMakeFiles/Astrum.dir/TINYUSB-SRC/common/tusb_fifo.c.obj
                0x080048e0                tu_fifo_read_n_access_mode
 .text.tu_fifo_write_n_access_mode
                0x0800493a      0x1a6 CMakeFiles/Astrum.dir/TINYUSB-SRC/common/tusb_fifo.c.obj
                0x0800493a                tu_fifo_write_n_access_mode
 .text.tu_fifo_get_read_info
                0x08004ae0      0x118 CMakeFiles/Astrum.dir/TINYUSB-SRC/common/tusb_fifo.c.obj
                0x08004ae0                tu_fifo_get_read_info
 .text.tud_event_hook_cb
                0x08004bf8       0x1c CMakeFiles/Astrum.dir/TINYUSB-SRC/device/usbd.c.obj
                0x08004bf8                tud_event_hook_cb
 .text.tud_sof_cb
                0x08004c14       0x14 CMakeFiles/Astrum.dir/TINYUSB-SRC/device/usbd.c.obj
                0x08004c14                tud_sof_cb
 .text.tud_descriptor_bos_cb
                0x08004c28       0x10 CMakeFiles/Astrum.dir/TINYUSB-SRC/device/usbd.c.obj
                0x08004c28                tud_descriptor_bos_cb
 .text.tud_descriptor_device_qualifier_cb
                0x08004c38       0x10 CMakeFiles/Astrum.dir/TINYUSB-SRC/device/usbd.c.obj
                0x08004c38                tud_descriptor_device_qualifier_cb
 .text.tud_descriptor_other_speed_configuration_cb
                0x08004c48       0x18 CMakeFiles/Astrum.dir/TINYUSB-SRC/device/usbd.c.obj
                0x08004c48                tud_descriptor_other_speed_configuration_cb
 .text.tud_mount_cb
                0x08004c60        0xe CMakeFiles/Astrum.dir/TINYUSB-SRC/device/usbd.c.obj
                0x08004c60                tud_mount_cb
 .text.tud_umount_cb
                0x08004c6e        0xe CMakeFiles/Astrum.dir/TINYUSB-SRC/device/usbd.c.obj
                0x08004c6e                tud_umount_cb
 .text.tud_suspend_cb
                0x08004c7c       0x16 CMakeFiles/Astrum.dir/TINYUSB-SRC/device/usbd.c.obj
                0x08004c7c                tud_suspend_cb
 .text.tud_resume_cb
                0x08004c92        0xe CMakeFiles/Astrum.dir/TINYUSB-SRC/device/usbd.c.obj
                0x08004c92                tud_resume_cb
 .text.tud_vendor_control_xfer_cb
                0x08004ca0       0x1e CMakeFiles/Astrum.dir/TINYUSB-SRC/device/usbd.c.obj
                0x08004ca0                tud_vendor_control_xfer_cb
 .text.usbd_app_driver_get_cb
                0x08004cbe       0x1c CMakeFiles/Astrum.dir/TINYUSB-SRC/device/usbd.c.obj
                0x08004cbe                usbd_app_driver_get_cb
 *fill*         0x08004cda        0x2 
 .text.tud_mounted
                0x08004cdc       0x20 CMakeFiles/Astrum.dir/TINYUSB-SRC/device/usbd.c.obj
                0x08004cdc                tud_mounted
 .text.tud_suspended
                0x08004cfc       0x24 CMakeFiles/Astrum.dir/TINYUSB-SRC/device/usbd.c.obj
                0x08004cfc                tud_suspended
 .text.tud_inited
                0x08004d20       0x20 CMakeFiles/Astrum.dir/TINYUSB-SRC/device/usbd.c.obj
                0x08004d20                tud_inited
 .text.tud_rhport_init
                0x08004d40      0x1ac CMakeFiles/Astrum.dir/TINYUSB-SRC/device/usbd.c.obj
                0x08004d40                tud_rhport_init
 .text.configuration_reset
                0x08004eec       0xd8 CMakeFiles/Astrum.dir/TINYUSB-SRC/device/usbd.c.obj
 .text.usbd_reset
                0x08004fc4       0x1e CMakeFiles/Astrum.dir/TINYUSB-SRC/device/usbd.c.obj
 *fill*         0x08004fe2        0x2 
 .text.tud_task_ext
                0x08004fe4      0x388 CMakeFiles/Astrum.dir/TINYUSB-SRC/device/usbd.c.obj
                0x08004fe4                tud_task_ext
 .text.invoke_class_control
                0x0800536c       0x2e CMakeFiles/Astrum.dir/TINYUSB-SRC/device/usbd.c.obj
 *fill*         0x0800539a        0x2 
 .text.process_control_request
                0x0800539c      0x5c0 CMakeFiles/Astrum.dir/TINYUSB-SRC/device/usbd.c.obj
 .text.process_set_config
                0x0800595c      0x250 CMakeFiles/Astrum.dir/TINYUSB-SRC/device/usbd.c.obj
 .text.process_get_descriptor
                0x08005bac      0x1b4 CMakeFiles/Astrum.dir/TINYUSB-SRC/device/usbd.c.obj
 .text.dcd_event_handler
                0x08005d60      0x5d0 CMakeFiles/Astrum.dir/TINYUSB-SRC/device/usbd.c.obj
                0x08005d60                dcd_event_handler
 .text.usbd_int_set
                0x08006330       0x34 CMakeFiles/Astrum.dir/TINYUSB-SRC/device/usbd.c.obj
                0x08006330                usbd_int_set
 .text.usbd_edpt_open
                0x08006364       0xa0 CMakeFiles/Astrum.dir/TINYUSB-SRC/device/usbd.c.obj
                0x08006364                usbd_edpt_open
 .text.usbd_edpt_claim
                0x08006404       0x54 CMakeFiles/Astrum.dir/TINYUSB-SRC/device/usbd.c.obj
                0x08006404                usbd_edpt_claim
 .text.usbd_edpt_release
                0x08006458       0x54 CMakeFiles/Astrum.dir/TINYUSB-SRC/device/usbd.c.obj
                0x08006458                usbd_edpt_release
 .text.usbd_edpt_xfer
                0x080064ac       0xf4 CMakeFiles/Astrum.dir/TINYUSB-SRC/device/usbd.c.obj
                0x080064ac                usbd_edpt_xfer
 .text.usbd_edpt_xfer_fifo
                0x080065a0       0xf4 CMakeFiles/Astrum.dir/TINYUSB-SRC/device/usbd.c.obj
                0x080065a0                usbd_edpt_xfer_fifo
 .text.usbd_edpt_stall
                0x08006694       0x7c CMakeFiles/Astrum.dir/TINYUSB-SRC/device/usbd.c.obj
                0x08006694                usbd_edpt_stall
 .text.usbd_edpt_clear_stall
                0x08006710       0x7c CMakeFiles/Astrum.dir/TINYUSB-SRC/device/usbd.c.obj
                0x08006710                usbd_edpt_clear_stall
 .text.usbd_edpt_stalled
                0x0800678c       0x5c CMakeFiles/Astrum.dir/TINYUSB-SRC/device/usbd.c.obj
                0x0800678c                usbd_edpt_stalled
 .text.status_stage_xact
                0x080067e8       0x3c CMakeFiles/Astrum.dir/TINYUSB-SRC/device/usbd_control.c.obj
 .text.tud_control_status
                0x08006824       0x40 CMakeFiles/Astrum.dir/TINYUSB-SRC/device/usbd_control.c.obj
                0x08006824                tud_control_status
 .text.data_stage_xact
                0x08006864       0xd4 CMakeFiles/Astrum.dir/TINYUSB-SRC/device/usbd_control.c.obj
 .text.tud_control_xfer
                0x08006938       0xe0 CMakeFiles/Astrum.dir/TINYUSB-SRC/device/usbd_control.c.obj
                0x08006938                tud_control_xfer
 .text.usbd_control_reset
                0x08006a18       0x18 CMakeFiles/Astrum.dir/TINYUSB-SRC/device/usbd_control.c.obj
                0x08006a18                usbd_control_reset
 .text.usbd_control_set_complete_callback
                0x08006a30       0x20 CMakeFiles/Astrum.dir/TINYUSB-SRC/device/usbd_control.c.obj
                0x08006a30                usbd_control_set_complete_callback
 .text.usbd_control_set_request
                0x08006a50       0x34 CMakeFiles/Astrum.dir/TINYUSB-SRC/device/usbd_control.c.obj
                0x08006a50                usbd_control_set_request
 .text.usbd_control_xfer_cb
                0x08006a84      0x170 CMakeFiles/Astrum.dir/TINYUSB-SRC/device/usbd_control.c.obj
                0x08006a84                usbd_control_xfer_cb
 .text.tud_cdc_rx_cb
                0x08006bf4       0x16 CMakeFiles/Astrum.dir/TINYUSB-SRC/class/cdc/cdc_device.c.obj
                0x08006bf4                tud_cdc_rx_cb
 .text.tud_cdc_rx_wanted_cb
                0x08006c0a       0x1c CMakeFiles/Astrum.dir/TINYUSB-SRC/class/cdc/cdc_device.c.obj
                0x08006c0a                tud_cdc_rx_wanted_cb
 .text.tud_cdc_tx_complete_cb
                0x08006c26       0x16 CMakeFiles/Astrum.dir/TINYUSB-SRC/class/cdc/cdc_device.c.obj
                0x08006c26                tud_cdc_tx_complete_cb
 .text.tud_cdc_notify_complete_cb
                0x08006c3c       0x16 CMakeFiles/Astrum.dir/TINYUSB-SRC/class/cdc/cdc_device.c.obj
                0x08006c3c                tud_cdc_notify_complete_cb
 .text.tud_cdc_line_state_cb
                0x08006c52       0x1e CMakeFiles/Astrum.dir/TINYUSB-SRC/class/cdc/cdc_device.c.obj
                0x08006c52                tud_cdc_line_state_cb
 .text.tud_cdc_line_coding_cb
                0x08006c70       0x18 CMakeFiles/Astrum.dir/TINYUSB-SRC/class/cdc/cdc_device.c.obj
                0x08006c70                tud_cdc_line_coding_cb
 .text.tud_cdc_send_break_cb
                0x08006c88       0x1c CMakeFiles/Astrum.dir/TINYUSB-SRC/class/cdc/cdc_device.c.obj
                0x08006c88                tud_cdc_send_break_cb
 .text.tud_cdc_n_connected
                0x08006ca4       0x8c CMakeFiles/Astrum.dir/TINYUSB-SRC/class/cdc/cdc_device.c.obj
                0x08006ca4                tud_cdc_n_connected
 .text.tud_cdc_n_write
                0x08006d30       0x44 CMakeFiles/Astrum.dir/TINYUSB-SRC/class/cdc/cdc_device.c.obj
                0x08006d30                tud_cdc_n_write
 .text.tud_cdc_n_write_flush
                0x08006d74       0x3c CMakeFiles/Astrum.dir/TINYUSB-SRC/class/cdc/cdc_device.c.obj
                0x08006d74                tud_cdc_n_write_flush
 .text.cdcd_init
                0x08006db0       0xa4 CMakeFiles/Astrum.dir/TINYUSB-SRC/class/cdc/cdc_device.c.obj
                0x08006db0                cdcd_init
 .text.cdcd_deinit
                0x08006e54       0x48 CMakeFiles/Astrum.dir/TINYUSB-SRC/class/cdc/cdc_device.c.obj
                0x08006e54                cdcd_deinit
 .text.cdcd_reset
                0x08006e9c       0x6c CMakeFiles/Astrum.dir/TINYUSB-SRC/class/cdc/cdc_device.c.obj
                0x08006e9c                cdcd_reset
 .text.cdcd_open
                0x08006f08      0x454 CMakeFiles/Astrum.dir/TINYUSB-SRC/class/cdc/cdc_device.c.obj
                0x08006f08                cdcd_open
 .text.cdcd_control_xfer_cb
                0x0800735c      0x1c8 CMakeFiles/Astrum.dir/TINYUSB-SRC/class/cdc/cdc_device.c.obj
                0x0800735c                cdcd_control_xfer_cb
 .text.cdcd_xfer_cb
                0x08007524      0x224 CMakeFiles/Astrum.dir/TINYUSB-SRC/class/cdc/cdc_device.c.obj
                0x08007524                cdcd_xfer_cb
 .text.__NVIC_EnableIRQ
                0x08007748       0x3c CMakeFiles/Astrum.dir/TINYUSB-SRC/portable/st/stm32_fsdev/dcd_stm32_fsdev.c.obj
 .text.__NVIC_DisableIRQ
                0x08007784       0x48 CMakeFiles/Astrum.dir/TINYUSB-SRC/portable/st/stm32_fsdev/dcd_stm32_fsdev.c.obj
 .text.dcd_init
                0x080077cc       0x40 CMakeFiles/Astrum.dir/TINYUSB-SRC/portable/st/stm32_fsdev/dcd_stm32_fsdev.c.obj
                0x080077cc                dcd_init
 .text.dcd_sof_enable
                0x0800780c       0x40 CMakeFiles/Astrum.dir/TINYUSB-SRC/portable/st/stm32_fsdev/dcd_stm32_fsdev.c.obj
                0x0800780c                dcd_sof_enable
 .text.dcd_set_address
                0x0800784c       0x28 CMakeFiles/Astrum.dir/TINYUSB-SRC/portable/st/stm32_fsdev/dcd_stm32_fsdev.c.obj
                0x0800784c                dcd_set_address
 .text.handle_bus_reset
                0x08007874       0x78 CMakeFiles/Astrum.dir/TINYUSB-SRC/portable/st/stm32_fsdev/dcd_stm32_fsdev.c.obj
 .text.handle_ctr_tx
                0x080078ec      0x150 CMakeFiles/Astrum.dir/TINYUSB-SRC/portable/st/stm32_fsdev/dcd_stm32_fsdev.c.obj
 .text.handle_ctr_setup
                0x08007a3c      0x1b4 CMakeFiles/Astrum.dir/TINYUSB-SRC/portable/st/stm32_fsdev/dcd_stm32_fsdev.c.obj
 .text.handle_ctr_rx
                0x08007bf0      0x320 CMakeFiles/Astrum.dir/TINYUSB-SRC/portable/st/stm32_fsdev/dcd_stm32_fsdev.c.obj
 .text.dcd_int_handler
                0x08007f10      0x418 CMakeFiles/Astrum.dir/TINYUSB-SRC/portable/st/stm32_fsdev/dcd_stm32_fsdev.c.obj
                0x08007f10                dcd_int_handler
 .text.dcd_edpt0_status_complete
                0x08008328       0x5c CMakeFiles/Astrum.dir/TINYUSB-SRC/portable/st/stm32_fsdev/dcd_stm32_fsdev.c.obj
                0x08008328                dcd_edpt0_status_complete
 .text.dcd_pma_alloc
                0x08008384       0x8c CMakeFiles/Astrum.dir/TINYUSB-SRC/portable/st/stm32_fsdev/dcd_stm32_fsdev.c.obj
 .text.dcd_ep_alloc
                0x08008410      0x154 CMakeFiles/Astrum.dir/TINYUSB-SRC/portable/st/stm32_fsdev/dcd_stm32_fsdev.c.obj
 .text.edpt0_open
                0x08008564      0x208 CMakeFiles/Astrum.dir/TINYUSB-SRC/portable/st/stm32_fsdev/dcd_stm32_fsdev.c.obj
 .text.dcd_edpt_open
                0x0800876c      0x2b4 CMakeFiles/Astrum.dir/TINYUSB-SRC/portable/st/stm32_fsdev/dcd_stm32_fsdev.c.obj
                0x0800876c                dcd_edpt_open
 .text.dcd_edpt_close_all
                0x08008a20       0xe4 CMakeFiles/Astrum.dir/TINYUSB-SRC/portable/st/stm32_fsdev/dcd_stm32_fsdev.c.obj
                0x08008a20                dcd_edpt_close_all
 .text.dcd_transmit_packet
                0x08008b04      0x244 CMakeFiles/Astrum.dir/TINYUSB-SRC/portable/st/stm32_fsdev/dcd_stm32_fsdev.c.obj
 .text.edpt_xfer
                0x08008d48      0x19c CMakeFiles/Astrum.dir/TINYUSB-SRC/portable/st/stm32_fsdev/dcd_stm32_fsdev.c.obj
 .text.dcd_edpt_xfer
                0x08008ee4       0x7c CMakeFiles/Astrum.dir/TINYUSB-SRC/portable/st/stm32_fsdev/dcd_stm32_fsdev.c.obj
                0x08008ee4                dcd_edpt_xfer
 .text.dcd_edpt_xfer_fifo
                0x08008f60       0x7c CMakeFiles/Astrum.dir/TINYUSB-SRC/portable/st/stm32_fsdev/dcd_stm32_fsdev.c.obj
                0x08008f60                dcd_edpt_xfer_fifo
 .text.dcd_edpt_stall
                0x08008fdc      0x148 CMakeFiles/Astrum.dir/TINYUSB-SRC/portable/st/stm32_fsdev/dcd_stm32_fsdev.c.obj
                0x08008fdc                dcd_edpt_stall
 .text.dcd_edpt_clear_stall
                0x08009124      0x1b0 CMakeFiles/Astrum.dir/TINYUSB-SRC/portable/st/stm32_fsdev/dcd_stm32_fsdev.c.obj
                0x08009124                dcd_edpt_clear_stall
 .text.dcd_int_enable
                0x080092d4       0x3e CMakeFiles/Astrum.dir/TINYUSB-SRC/portable/st/stm32_fsdev/dcd_stm32_fsdev.c.obj
                0x080092d4                dcd_int_enable
 .text.dcd_int_disable
                0x08009312       0x32 CMakeFiles/Astrum.dir/TINYUSB-SRC/portable/st/stm32_fsdev/dcd_stm32_fsdev.c.obj
                0x08009312                dcd_int_disable
 .text.dcd_connect
                0x08009344       0x2c CMakeFiles/Astrum.dir/TINYUSB-SRC/portable/st/stm32_fsdev/dcd_stm32_fsdev.c.obj
                0x08009344                dcd_connect
 .text.fsdev_core_reset
                0x08009370       0x58 CMakeFiles/Astrum.dir/TINYUSB-SRC/portable/st/stm32_fsdev/fsdev_common.c.obj
                0x08009370                fsdev_core_reset
 .text.pma_align_buffer_size
                0x080093c8       0x7c CMakeFiles/Astrum.dir/TINYUSB-SRC/portable/st/stm32_fsdev/fsdev_common.c.obj
                0x080093c8                pma_align_buffer_size
 .text.btable_set_rx_bufsize
                0x08009444       0x80 CMakeFiles/Astrum.dir/TINYUSB-SRC/portable/st/stm32_fsdev/fsdev_common.c.obj
                0x08009444                btable_set_rx_bufsize
 .text.board_usb_get_serial
                0x080094c4       0xa8 CMakeFiles/Astrum.dir/Core/Src/USB/usb_descriptors.c.obj
 .text.board_get_unique_id
                0x0800956c       0x4c CMakeFiles/Astrum.dir/Core/Src/USB/usb_descriptors.c.obj
                0x0800956c                board_get_unique_id
 .text.tud_descriptor_device_cb
                0x080095b8       0x14 CMakeFiles/Astrum.dir/Core/Src/USB/usb_descriptors.c.obj
                0x080095b8                tud_descriptor_device_cb
 .text.tud_descriptor_configuration_cb
                0x080095cc       0x1c CMakeFiles/Astrum.dir/Core/Src/USB/usb_descriptors.c.obj
                0x080095cc                tud_descriptor_configuration_cb
 .text.tud_descriptor_string_cb
                0x080095e8       0xc0 CMakeFiles/Astrum.dir/Core/Src/USB/usb_descriptors.c.obj
                0x080095e8                tud_descriptor_string_cb
 .text.memset   0x080096a8       0x10 C:/ST/STM32CubeCLT_1.19.0/GNU-tools-for-STM32/bin/../lib/gcc/arm-none-eabi/13.3.1/../../../../arm-none-eabi/lib/thumb/v8-m.main+fp/hard\libg_nano.a(libc_a-memset.o)
                0x080096a8                memset
 .text.__libc_init_array
                0x080096b8       0x48 C:/ST/STM32CubeCLT_1.19.0/GNU-tools-for-STM32/bin/../lib/gcc/arm-none-eabi/13.3.1/../../../../arm-none-eabi/lib/thumb/v8-m.main+fp/hard\libg_nano.a(libc_a-init.o)
                0x080096b8                __libc_init_array
 .text.memcpy   0x08009700       0x1a C:/ST/STM32CubeCLT_1.19.0/GNU-tools-for-STM32/bin/../lib/gcc/arm-none-eabi/13.3.1/../../../../arm-none-eabi/lib/thumb/v8-m.main+fp/hard\libg_nano.a(libc_a-memcpy-stub.o)
                0x08009700                memcpy
 *(.glue_7)
 .glue_7        0x0800971a        0x0 linker stubs
 *(.glue_7t)
 .glue_7t       0x0800971a        0x0 linker stubs
 *(.eh_frame)
 *fill*         0x0800971a        0x2 
 .eh_frame      0x0800971c        0x0 C:/ST/STM32CubeCLT_1.19.0/GNU-tools-for-STM32/bin/../lib/gcc/arm-none-eabi/13.3.1/thumb/v8-m.main+fp/hard/crtbegin.o
 *(.init)
 .init          0x0800971c        0x4 C:/ST/STM32CubeCLT_1.19.0/GNU-tools-for-STM32/bin/../lib/gcc/arm-none-eabi/13.3.1/thumb/v8-m.main+fp/hard/crti.o
                0x0800971c                _init
 .init          0x08009720        0x8 C:/ST/STM32CubeCLT_1.19.0/GNU-tools-for-STM32/bin/../lib/gcc/arm-none-eabi/13.3.1/thumb/v8-m.main+fp/hard/crtn.o
 *(.fini)
 .fini          0x08009728        0x4 C:/ST/STM32CubeCLT_1.19.0/GNU-tools-for-STM32/bin/../lib/gcc/arm-none-eabi/13.3.1/thumb/v8-m.main+fp/hard/crti.o
                0x08009728                _fini
 .fini          0x0800972c        0x8 C:/ST/STM32CubeCLT_1.19.0/GNU-tools-for-STM32/bin/../lib/gcc/arm-none-eabi/13.3.1/thumb/v8-m.main+fp/hard/crtn.o
                0x08009734                        . = ALIGN (0x4)
                0x08009734                        _etext = .

.vfp11_veneer   0x08009734        0x0
 .vfp11_veneer  0x08009734        0x0 linker stubs

.v4_bx          0x08009734        0x0
 .v4_bx         0x08009734        0x0 linker stubs

.iplt           0x08009734        0x0
 .iplt          0x08009734        0x0 C:/ST/STM32CubeCLT_1.19.0/GNU-tools-for-STM32/bin/../lib/gcc/arm-none-eabi/13.3.1/thumb/v8-m.main+fp/hard/crtbegin.o

.rodata         0x08009734      0x128
                0x08009734                        . = ALIGN (0x4)
 *(.rodata)
 .rodata        0x08009734       0x15 CMakeFiles/Astrum.dir/Core/Src/app.cpp.obj
 *fill*         0x08009749        0x3 
 .rodata        0x0800974c       0x34 CMakeFiles/Astrum.dir/Core/Src/USB/usb_descriptors.c.obj
 *(.rodata*)
 .rodata.AHBPrescTable
                0x08009780       0x10 cmake/stm32cubemx/CMakeFiles/STM32_Drivers.dir/__/__/Core/Src/system_stm32h5xx.c.obj
                0x08009780                AHBPrescTable
 .rodata._usbd_driver
                0x08009790       0x24 CMakeFiles/Astrum.dir/TINYUSB-SRC/device/usbd.c.obj
 .rodata.desc_device
                0x080097b4       0x12 CMakeFiles/Astrum.dir/Core/Src/USB/usb_descriptors.c.obj
 *fill*         0x080097c6        0x2 
 .rodata.desc_fs_configuration
                0x080097c8       0x8d CMakeFiles/Astrum.dir/Core/Src/USB/usb_descriptors.c.obj
 *fill*         0x08009855        0x3 
 .rodata.__compound_literal.0
                0x08009858        0x2 CMakeFiles/Astrum.dir/Core/Src/USB/usb_descriptors.c.obj
                0x0800985c                        . = ALIGN (0x4)
 *fill*         0x0800985a        0x2 

.ARM.extab      0x0800985c        0x0
                0x0800985c                        . = ALIGN (0x4)
 *(.ARM.extab* .gnu.linkonce.armextab.*)
                0x0800985c                        . = ALIGN (0x4)

.ARM            0x0800985c        0x8
                0x0800985c                        . = ALIGN (0x4)
                0x0800985c                        __exidx_start = .
 *(.ARM.exidx*)
 .ARM.exidx     0x0800985c        0x8 C:/ST/STM32CubeCLT_1.19.0/GNU-tools-for-STM32/bin/../lib/gcc/arm-none-eabi/13.3.1/../../../../arm-none-eabi/lib/thumb/v8-m.main+fp/hard\libg_nano.a(libc_a-strlen.o)
                0x08009864                        __exidx_end = .
                0x08009864                        . = ALIGN (0x4)

.preinit_array  0x08009864        0x0
                0x08009864                        . = ALIGN (0x4)
                0x08009864                        PROVIDE (__preinit_array_start = .)
 *(.preinit_array*)
                0x08009864                        PROVIDE (__preinit_array_end = .)
                0x08009864                        . = ALIGN (0x4)

.init_array     0x08009864        0x4
                0x08009864                        . = ALIGN (0x4)
                0x08009864                        PROVIDE (__init_array_start = .)
 *(SORT_BY_NAME(.init_array.*))
 *(.init_array*)
 .init_array    0x08009864        0x4 C:/ST/STM32CubeCLT_1.19.0/GNU-tools-for-STM32/bin/../lib/gcc/arm-none-eabi/13.3.1/thumb/v8-m.main+fp/hard/crtbegin.o
                0x08009868                        PROVIDE (__init_array_end = .)
                0x08009868                        . = ALIGN (0x4)

.fini_array     0x08009868        0x4
                0x08009868                        . = ALIGN (0x4)
                [!provide]                        PROVIDE (__fini_array_start = .)
 *(SORT_BY_NAME(.fini_array.*))
 *(.fini_array*)
 .fini_array    0x08009868        0x4 C:/ST/STM32CubeCLT_1.19.0/GNU-tools-for-STM32/bin/../lib/gcc/arm-none-eabi/13.3.1/thumb/v8-m.main+fp/hard/crtbegin.o
                [!provide]                        PROVIDE (__fini_array_end = .)
                0x0800986c                        . = ALIGN (0x4)
                0x0800986c                        _sidata = LOADADDR (.data)

.rel.dyn        0x0800986c        0x0
 .rel.iplt      0x0800986c        0x0 C:/ST/STM32CubeCLT_1.19.0/GNU-tools-for-STM32/bin/../lib/gcc/arm-none-eabi/13.3.1/thumb/v8-m.main+fp/hard/crtbegin.o

.data           0x20000000       0x3c load address 0x0800986c
                0x20000000                        . = ALIGN (0x4)
                0x20000000                        _sdata = .
 *(.data)
 *(.data*)
 .data.SystemCoreClock
                0x20000000        0x4 cmake/stm32cubemx/CMakeFiles/STM32_Drivers.dir/__/__/Core/Src/system_stm32h5xx.c.obj
                0x20000000                SystemCoreClock
 .data.uwTickPrio
                0x20000004        0x4 cmake/stm32cubemx/CMakeFiles/STM32_Drivers.dir/__/__/Drivers/STM32H5xx_HAL_Driver/Src/stm32h5xx_hal.c.obj
                0x20000004                uwTickPrio
 .data.uwTickFreq
                0x20000008        0x1 cmake/stm32cubemx/CMakeFiles/STM32_Drivers.dir/__/__/Drivers/STM32H5xx_HAL_Driver/Src/stm32h5xx_hal.c.obj
                0x20000008                uwTickFreq
 .data._usbd_rhport
                0x20000009        0x1 CMakeFiles/Astrum.dir/TINYUSB-SRC/device/usbd.c.obj
 *fill*         0x2000000a        0x2 
 .data._usbd_spin
                0x2000000c        0x8 CMakeFiles/Astrum.dir/TINYUSB-SRC/device/usbd.c.obj
 .data._usbd_qdef
                0x20000014       0x14 CMakeFiles/Astrum.dir/TINYUSB-SRC/device/usbd.c.obj
                0x20000014                _usbd_qdef
 .data.string_desc_arr
                0x20000028       0x14 CMakeFiles/Astrum.dir/Core/Src/USB/usb_descriptors.c.obj
 *(.RamFunc)
 *(.RamFunc*)
                0x2000003c                        . = ALIGN (0x4)

.igot.plt       0x2000003c        0x0 load address 0x080098a8
 .igot.plt      0x2000003c        0x0 C:/ST/STM32CubeCLT_1.19.0/GNU-tools-for-STM32/bin/../lib/gcc/arm-none-eabi/13.3.1/thumb/v8-m.main+fp/hard/crtbegin.o

.tdata          0x2000003c        0x0 load address 0x080098a8
 *(.tdata .tdata.* .gnu.linkonce.td.*)
                0x2000003c                        . = ALIGN (0x4)
                0x2000003c                        _edata = .
                [!provide]                        PROVIDE (__data_end = .)
                [!provide]                        PROVIDE (__tdata_end = .)
                [!provide]                        PROVIDE (__tdata_start = ADDR (.tdata))
                [!provide]                        PROVIDE (__tdata_size = (__tdata_end - __tdata_start))
                [!provide]                        PROVIDE (__data_start = ADDR (.data))
                [!provide]                        PROVIDE (__data_size = (__data_end - __data_start))
                [!provide]                        PROVIDE (__tdata_source = LOADADDR (.tdata))
                [!provide]                        PROVIDE (__tdata_source_end = (LOADADDR (.tdata) + SIZEOF (.tdata)))
                [!provide]                        PROVIDE (__tdata_source_size = (__tdata_source_end - __tdata_source))
                [!provide]                        PROVIDE (__data_source = LOADADDR (.data))
                [!provide]                        PROVIDE (__data_source_end = __tdata_source_end)
                [!provide]                        PROVIDE (__data_source_size = (__data_source_end - __data_source))

.tbss           0x2000003c        0x0 load address 0x080098a8
                0x2000003c                        _sbss = .
                0x2000003c                        __bss_start__ = _sbss
 *(.tbss .tbss.*)
                0x2000003c                        . = ALIGN (0x4)
                [!provide]                        PROVIDE (__tbss_end = .)
                [!provide]                        PROVIDE (__tbss_start = ADDR (.tbss))
                [!provide]                        PROVIDE (__tbss_size = (__tbss_end - __tbss_start))
                [!provide]                        PROVIDE (__tbss_offset = (ADDR (.tbss) - ADDR (.tdata)))
                [!provide]                        PROVIDE (__tls_base = __tdata_start)
                [!provide]                        PROVIDE (__tls_end = __tbss_end)
                [!provide]                        PROVIDE (__tls_size = (__tls_end - __tls_base))
                [!provide]                        PROVIDE (__tls_align = MAX (ALIGNOF (.tdata), ALIGNOF (.tbss)))
                [!provide]                        PROVIDE (__tls_size_align = (((__tls_size + __tls_align) - 0x1) & ~ ((__tls_align - 0x1))))
                [!provide]                        PROVIDE (__arm32_tls_tcb_offset = MAX (0x8, __tls_align))
                [!provide]                        PROVIDE (__arm64_tls_tcb_offset = MAX (0x10, __tls_align))

.bss            0x2000003c      0x768 load address 0x080098a8
 *(.bss)
 .bss           0x2000003c       0x1c C:/ST/STM32CubeCLT_1.19.0/GNU-tools-for-STM32/bin/../lib/gcc/arm-none-eabi/13.3.1/thumb/v8-m.main+fp/hard/crtbegin.o
 *(.bss*)
 .bss.uwTick    0x20000058        0x4 cmake/stm32cubemx/CMakeFiles/STM32_Drivers.dir/__/__/Drivers/STM32H5xx_HAL_Driver/Src/stm32h5xx_hal.c.obj
                0x20000058                uwTick
 .bss.hcrc      0x2000005c       0x24 CMakeFiles/Astrum.dir/Core/Src/crc.c.obj
                0x2000005c                hcrc
 .bss.hpcd_USB_DRD_FS
                0x20000080      0x2e4 CMakeFiles/Astrum.dir/Core/Src/usb.c.obj
                0x20000080                hpcd_USB_DRD_FS
 .bss._ZZ8app_loopE8lastTime
                0x20000364        0x4 CMakeFiles/Astrum.dir/Core/Src/app.cpp.obj
 .bss._tusb_rhport_role
                0x20000368        0x2 CMakeFiles/Astrum.dir/TINYUSB-SRC/tusb.c.obj
                0x20000368                _tusb_rhport_role
 *fill*         0x2000036a        0x2 
 .bss._usbd_dev
                0x2000036c       0x37 CMakeFiles/Astrum.dir/TINYUSB-SRC/device/usbd.c.obj
 .bss._usbd_queued_setup
                0x200003a3        0x1 CMakeFiles/Astrum.dir/TINYUSB-SRC/device/usbd.c.obj
 .bss._app_driver
                0x200003a4        0x4 CMakeFiles/Astrum.dir/TINYUSB-SRC/device/usbd.c.obj
 .bss._app_driver_count
                0x200003a8        0x1 CMakeFiles/Astrum.dir/TINYUSB-SRC/device/usbd.c.obj
 *fill*         0x200003a9        0x3 
 .bss._usbd_qdef_buf
                0x200003ac       0xc0 CMakeFiles/Astrum.dir/TINYUSB-SRC/device/usbd.c.obj
                0x200003ac                _usbd_qdef_buf
 .bss._usbd_q   0x2000046c        0x4 CMakeFiles/Astrum.dir/TINYUSB-SRC/device/usbd.c.obj
 .bss._ctrl_xfer
                0x20000470       0x14 CMakeFiles/Astrum.dir/TINYUSB-SRC/device/usbd_control.c.obj
 .bss._ctrl_epbuf
                0x20000484       0x40 CMakeFiles/Astrum.dir/TINYUSB-SRC/device/usbd_control.c.obj
 .bss._cdcd_itf
                0x200004c4      0x178 CMakeFiles/Astrum.dir/TINYUSB-SRC/class/cdc/cdc_device.c.obj
 .bss.xfer_status
                0x2000063c      0x100 CMakeFiles/Astrum.dir/TINYUSB-SRC/portable/st/stm32_fsdev/dcd_stm32_fsdev.c.obj
 .bss.ep_alloc_status
                0x2000073c       0x20 CMakeFiles/Astrum.dir/TINYUSB-SRC/portable/st/stm32_fsdev/dcd_stm32_fsdev.c.obj
 .bss.remoteWakeCountdown
                0x2000075c        0x1 CMakeFiles/Astrum.dir/TINYUSB-SRC/portable/st/stm32_fsdev/dcd_stm32_fsdev.c.obj
 *fill*         0x2000075d        0x1 
 .bss.ep_buf_ptr
                0x2000075e        0x2 CMakeFiles/Astrum.dir/TINYUSB-SRC/portable/st/stm32_fsdev/dcd_stm32_fsdev.c.obj
 .bss._desc_str
                0x20000760       0x42 CMakeFiles/Astrum.dir/Core/Src/USB/usb_descriptors.c.obj
 *(COMMON)
                0x200007a4                        . = ALIGN (0x4)
 *fill*         0x200007a2        0x2 
                0x200007a4                        _ebss = .
                0x200007a4                        __bss_end__ = _ebss
                [!provide]                        PROVIDE (__bss_end = .)
                [!provide]                        PROVIDE (__non_tls_bss_start = ADDR (.bss))
                [!provide]                        PROVIDE (__bss_start = __tbss_start)
                [!provide]                        PROVIDE (__bss_size = (__bss_end - __bss_start))

._user_heap_stack
                0x200007a4      0x604 load address 0x080098a8
                0x200007a8                        . = ALIGN (0x8)
 *fill*         0x200007a4        0x4 
                [!provide]                        PROVIDE (end = .)
                0x200007a8                        PROVIDE (_end = .)
                0x200009a8                        . = (. + _Min_Heap_Size)
 *fill*         0x200007a8      0x200 
                0x20000da8                        . = (. + _Min_Stack_Size)
 *fill*         0x200009a8      0x400 
                0x20000da8                        . = ALIGN (0x8)

/DISCARD/
 libc.a:*(*)
 libm.a:*(*)
 libgcc.a:*(*)

.ARM.attributes
                0x00000000       0x36
 *(.ARM.attributes)
 .ARM.attributes
                0x00000000       0x26 C:/ST/STM32CubeCLT_1.19.0/GNU-tools-for-STM32/bin/../lib/gcc/arm-none-eabi/13.3.1/thumb/v8-m.main+fp/hard/crti.o
 .ARM.attributes
                0x00000026       0x38 C:/ST/STM32CubeCLT_1.19.0/GNU-tools-for-STM32/bin/../lib/gcc/arm-none-eabi/13.3.1/thumb/v8-m.main+fp/hard/crtbegin.o
 .ARM.attributes
                0x0000005e       0x3a cmake/stm32cubemx/CMakeFiles/STM32_Drivers.dir/__/__/Core/Src/system_stm32h5xx.c.obj
 .ARM.attributes
                0x00000098       0x3a cmake/stm32cubemx/CMakeFiles/STM32_Drivers.dir/__/__/Drivers/STM32H5xx_HAL_Driver/Src/stm32h5xx_hal_rcc.c.obj
 .ARM.attributes
                0x000000d2       0x3a cmake/stm32cubemx/CMakeFiles/STM32_Drivers.dir/__/__/Drivers/STM32H5xx_HAL_Driver/Src/stm32h5xx_hal_rcc_ex.c.obj
 .ARM.attributes
                0x0000010c       0x3a cmake/stm32cubemx/CMakeFiles/STM32_Drivers.dir/__/__/Drivers/STM32H5xx_HAL_Driver/Src/stm32h5xx_hal_gpio.c.obj
 .ARM.attributes
                0x00000146       0x3a cmake/stm32cubemx/CMakeFiles/STM32_Drivers.dir/__/__/Drivers/STM32H5xx_HAL_Driver/Src/stm32h5xx_hal_pwr_ex.c.obj
 .ARM.attributes
                0x00000180       0x3a cmake/stm32cubemx/CMakeFiles/STM32_Drivers.dir/__/__/Drivers/STM32H5xx_HAL_Driver/Src/stm32h5xx_hal_cortex.c.obj
 .ARM.attributes
                0x000001ba       0x3a cmake/stm32cubemx/CMakeFiles/STM32_Drivers.dir/__/__/Drivers/STM32H5xx_HAL_Driver/Src/stm32h5xx_hal.c.obj
 .ARM.attributes
                0x000001f4       0x3a cmake/stm32cubemx/CMakeFiles/STM32_Drivers.dir/__/__/Drivers/STM32H5xx_HAL_Driver/Src/stm32h5xx_hal_crc.c.obj
 .ARM.attributes
                0x0000022e       0x3a cmake/stm32cubemx/CMakeFiles/STM32_Drivers.dir/__/__/Drivers/STM32H5xx_HAL_Driver/Src/stm32h5xx_hal_crc_ex.c.obj
 .ARM.attributes
                0x00000268       0x3a cmake/stm32cubemx/CMakeFiles/STM32_Drivers.dir/__/__/Drivers/STM32H5xx_HAL_Driver/Src/stm32h5xx_hal_pcd.c.obj
 .ARM.attributes
                0x000002a2       0x3a cmake/stm32cubemx/CMakeFiles/STM32_Drivers.dir/__/__/Drivers/STM32H5xx_HAL_Driver/Src/stm32h5xx_hal_pcd_ex.c.obj
 .ARM.attributes
                0x000002dc       0x3a cmake/stm32cubemx/CMakeFiles/STM32_Drivers.dir/__/__/Drivers/STM32H5xx_HAL_Driver/Src/stm32h5xx_ll_usb.c.obj
 .ARM.attributes
                0x00000316       0x3a CMakeFiles/Astrum.dir/Core/Src/main.c.obj
 .ARM.attributes
                0x00000350       0x3a CMakeFiles/Astrum.dir/Core/Src/gpio.c.obj
 .ARM.attributes
                0x0000038a       0x3a CMakeFiles/Astrum.dir/Core/Src/crc.c.obj
 .ARM.attributes
                0x000003c4       0x3a CMakeFiles/Astrum.dir/Core/Src/usb.c.obj
 .ARM.attributes
                0x000003fe       0x3a CMakeFiles/Astrum.dir/Core/Src/stm32h5xx_it.c.obj
 .ARM.attributes
                0x00000438       0x3a CMakeFiles/Astrum.dir/Core/Src/stm32h5xx_hal_msp.c.obj
 .ARM.attributes
                0x00000472       0x24 CMakeFiles/Astrum.dir/startup_stm32h523xx.s.obj
 .ARM.attributes
                0x00000496       0x3a CMakeFiles/Astrum.dir/Core/Src/app.cpp.obj
 .ARM.attributes
                0x000004d0       0x3a CMakeFiles/Astrum.dir/TINYUSB-SRC/tusb.c.obj
 .ARM.attributes
                0x0000050a       0x3a CMakeFiles/Astrum.dir/TINYUSB-SRC/common/tusb_fifo.c.obj
 .ARM.attributes
                0x00000544       0x3a CMakeFiles/Astrum.dir/TINYUSB-SRC/device/usbd.c.obj
 .ARM.attributes
                0x0000057e       0x3a CMakeFiles/Astrum.dir/TINYUSB-SRC/device/usbd_control.c.obj
 .ARM.attributes
                0x000005b8       0x3a CMakeFiles/Astrum.dir/TINYUSB-SRC/class/cdc/cdc_device.c.obj
 .ARM.attributes
                0x000005f2       0x3a CMakeFiles/Astrum.dir/TINYUSB-SRC/portable/st/stm32_fsdev/dcd_stm32_fsdev.c.obj
 .ARM.attributes
                0x0000062c       0x3a CMakeFiles/Astrum.dir/TINYUSB-SRC/portable/st/stm32_fsdev/fsdev_common.c.obj
 .ARM.attributes
                0x00000666       0x3a CMakeFiles/Astrum.dir/Core/Src/USB/usb_descriptors.c.obj
 .ARM.attributes
                0x000006a0       0x38 C:/ST/STM32CubeCLT_1.19.0/GNU-tools-for-STM32/bin/../lib/gcc/arm-none-eabi/13.3.1/../../../../arm-none-eabi/lib/thumb/v8-m.main+fp/hard\libg_nano.a(libc_a-memset.o)
 .ARM.attributes
                0x000006d8       0x38 C:/ST/STM32CubeCLT_1.19.0/GNU-tools-for-STM32/bin/../lib/gcc/arm-none-eabi/13.3.1/../../../../arm-none-eabi/lib/thumb/v8-m.main+fp/hard\libg_nano.a(libc_a-init.o)
 .ARM.attributes
                0x00000710       0x38 C:/ST/STM32CubeCLT_1.19.0/GNU-tools-for-STM32/bin/../lib/gcc/arm-none-eabi/13.3.1/../../../../arm-none-eabi/lib/thumb/v8-m.main+fp/hard\libg_nano.a(libc_a-memcpy-stub.o)
 .ARM.attributes
                0x00000748       0x24 C:/ST/STM32CubeCLT_1.19.0/GNU-tools-for-STM32/bin/../lib/gcc/arm-none-eabi/13.3.1/../../../../arm-none-eabi/lib/thumb/v8-m.main+fp/hard\libg_nano.a(libc_a-strlen.o)
 .ARM.attributes
                0x0000076c       0x26 C:/ST/STM32CubeCLT_1.19.0/GNU-tools-for-STM32/bin/../lib/gcc/arm-none-eabi/13.3.1/thumb/v8-m.main+fp/hard/crtn.o
OUTPUT(Astrum.elf elf32-littlearm)
LOAD linker stubs

.debug_info     0x00000000    0x1b38b
 .debug_info    0x00000000      0xce0 cmake/stm32cubemx/CMakeFiles/STM32_Drivers.dir/__/__/Core/Src/system_stm32h5xx.c.obj
 .debug_info    0x00000ce0     0x1009 cmake/stm32cubemx/CMakeFiles/STM32_Drivers.dir/__/__/Drivers/STM32H5xx_HAL_Driver/Src/stm32h5xx_hal_rcc.c.obj
 .debug_info    0x00001ce9     0x1204 cmake/stm32cubemx/CMakeFiles/STM32_Drivers.dir/__/__/Drivers/STM32H5xx_HAL_Driver/Src/stm32h5xx_hal_rcc_ex.c.obj
 .debug_info    0x00002eed      0x6b6 cmake/stm32cubemx/CMakeFiles/STM32_Drivers.dir/__/__/Drivers/STM32H5xx_HAL_Driver/Src/stm32h5xx_hal_gpio.c.obj
 .debug_info    0x000035a3      0x928 cmake/stm32cubemx/CMakeFiles/STM32_Drivers.dir/__/__/Drivers/STM32H5xx_HAL_Driver/Src/stm32h5xx_hal_pwr_ex.c.obj
 .debug_info    0x00003ecb     0x15ce cmake/stm32cubemx/CMakeFiles/STM32_Drivers.dir/__/__/Drivers/STM32H5xx_HAL_Driver/Src/stm32h5xx_hal_cortex.c.obj
 .debug_info    0x00005499     0x12f0 cmake/stm32cubemx/CMakeFiles/STM32_Drivers.dir/__/__/Drivers/STM32H5xx_HAL_Driver/Src/stm32h5xx_hal.c.obj
 .debug_info    0x00006789      0x531 cmake/stm32cubemx/CMakeFiles/STM32_Drivers.dir/__/__/Drivers/STM32H5xx_HAL_Driver/Src/stm32h5xx_hal_crc.c.obj
 .debug_info    0x00006cba      0x344 cmake/stm32cubemx/CMakeFiles/STM32_Drivers.dir/__/__/Drivers/STM32H5xx_HAL_Driver/Src/stm32h5xx_hal_crc_ex.c.obj
 .debug_info    0x00006ffe     0x1560 cmake/stm32cubemx/CMakeFiles/STM32_Drivers.dir/__/__/Drivers/STM32H5xx_HAL_Driver/Src/stm32h5xx_hal_pcd.c.obj
 .debug_info    0x0000855e      0x7eb cmake/stm32cubemx/CMakeFiles/STM32_Drivers.dir/__/__/Drivers/STM32H5xx_HAL_Driver/Src/stm32h5xx_hal_pcd_ex.c.obj
 .debug_info    0x00008d49     0x1a08 cmake/stm32cubemx/CMakeFiles/STM32_Drivers.dir/__/__/Drivers/STM32H5xx_HAL_Driver/Src/stm32h5xx_ll_usb.c.obj
 .debug_info    0x0000a751      0x9c6 CMakeFiles/Astrum.dir/Core/Src/main.c.obj
 .debug_info    0x0000b117      0x5ac CMakeFiles/Astrum.dir/Core/Src/gpio.c.obj
 .debug_info    0x0000b6c3      0x652 CMakeFiles/Astrum.dir/Core/Src/crc.c.obj
 .debug_info    0x0000bd15     0x104b CMakeFiles/Astrum.dir/Core/Src/usb.c.obj
 .debug_info    0x0000cd60      0x16c CMakeFiles/Astrum.dir/Core/Src/stm32h5xx_it.c.obj
 .debug_info    0x0000cecc       0x9f CMakeFiles/Astrum.dir/Core/Src/stm32h5xx_hal_msp.c.obj
 .debug_info    0x0000cf6b       0x30 CMakeFiles/Astrum.dir/startup_stm32h523xx.s.obj
 .debug_info    0x0000cf9b     0x16e3 CMakeFiles/Astrum.dir/Core/Src/app.cpp.obj
 .debug_info    0x0000e67e     0x15b3 CMakeFiles/Astrum.dir/TINYUSB-SRC/tusb.c.obj
 .debug_info    0x0000fc31     0x14b8 CMakeFiles/Astrum.dir/TINYUSB-SRC/common/tusb_fifo.c.obj
 .debug_info    0x000110e9     0x33a1 CMakeFiles/Astrum.dir/TINYUSB-SRC/device/usbd.c.obj
 .debug_info    0x0001448a      0x773 CMakeFiles/Astrum.dir/TINYUSB-SRC/device/usbd_control.c.obj
 .debug_info    0x00014bfd     0x1f5f CMakeFiles/Astrum.dir/TINYUSB-SRC/class/cdc/cdc_device.c.obj
 .debug_info    0x00016b5c     0x367b CMakeFiles/Astrum.dir/TINYUSB-SRC/portable/st/stm32_fsdev/dcd_stm32_fsdev.c.obj
 .debug_info    0x0001a1d7      0x6e9 CMakeFiles/Astrum.dir/TINYUSB-SRC/portable/st/stm32_fsdev/fsdev_common.c.obj
 .debug_info    0x0001a8c0      0x78e CMakeFiles/Astrum.dir/Core/Src/USB/usb_descriptors.c.obj
 .debug_info    0x0001b04e       0xe0 C:/ST/STM32CubeCLT_1.19.0/GNU-tools-for-STM32/bin/../lib/gcc/arm-none-eabi/13.3.1/../../../../arm-none-eabi/lib/thumb/v8-m.main+fp/hard\libg_nano.a(libc_a-memset.o)
 .debug_info    0x0001b12e      0x10b C:/ST/STM32CubeCLT_1.19.0/GNU-tools-for-STM32/bin/../lib/gcc/arm-none-eabi/13.3.1/../../../../arm-none-eabi/lib/thumb/v8-m.main+fp/hard\libg_nano.a(libc_a-init.o)
 .debug_info    0x0001b239      0x121 C:/ST/STM32CubeCLT_1.19.0/GNU-tools-for-STM32/bin/../lib/gcc/arm-none-eabi/13.3.1/../../../../arm-none-eabi/lib/thumb/v8-m.main+fp/hard\libg_nano.a(libc_a-memcpy-stub.o)
 .debug_info    0x0001b35a       0x31 C:/ST/STM32CubeCLT_1.19.0/GNU-tools-for-STM32/bin/../lib/gcc/arm-none-eabi/13.3.1/../../../../arm-none-eabi/lib/thumb/v8-m.main+fp/hard\libg_nano.a(libc_a-strlen.o)

.debug_abbrev   0x00000000     0x45be
 .debug_abbrev  0x00000000      0x13a cmake/stm32cubemx/CMakeFiles/STM32_Drivers.dir/__/__/Core/Src/system_stm32h5xx.c.obj
 .debug_abbrev  0x0000013a      0x290 cmake/stm32cubemx/CMakeFiles/STM32_Drivers.dir/__/__/Drivers/STM32H5xx_HAL_Driver/Src/stm32h5xx_hal_rcc.c.obj
 .debug_abbrev  0x000003ca      0x25c cmake/stm32cubemx/CMakeFiles/STM32_Drivers.dir/__/__/Drivers/STM32H5xx_HAL_Driver/Src/stm32h5xx_hal_rcc_ex.c.obj
 .debug_abbrev  0x00000626      0x1db cmake/stm32cubemx/CMakeFiles/STM32_Drivers.dir/__/__/Drivers/STM32H5xx_HAL_Driver/Src/stm32h5xx_hal_gpio.c.obj
 .debug_abbrev  0x00000801      0x299 cmake/stm32cubemx/CMakeFiles/STM32_Drivers.dir/__/__/Drivers/STM32H5xx_HAL_Driver/Src/stm32h5xx_hal_pwr_ex.c.obj
 .debug_abbrev  0x00000a9a      0x311 cmake/stm32cubemx/CMakeFiles/STM32_Drivers.dir/__/__/Drivers/STM32H5xx_HAL_Driver/Src/stm32h5xx_hal_cortex.c.obj
 .debug_abbrev  0x00000dab      0x2af cmake/stm32cubemx/CMakeFiles/STM32_Drivers.dir/__/__/Drivers/STM32H5xx_HAL_Driver/Src/stm32h5xx_hal.c.obj
 .debug_abbrev  0x0000105a      0x1bb cmake/stm32cubemx/CMakeFiles/STM32_Drivers.dir/__/__/Drivers/STM32H5xx_HAL_Driver/Src/stm32h5xx_hal_crc.c.obj
 .debug_abbrev  0x00001215      0x11e cmake/stm32cubemx/CMakeFiles/STM32_Drivers.dir/__/__/Drivers/STM32H5xx_HAL_Driver/Src/stm32h5xx_hal_crc_ex.c.obj
 .debug_abbrev  0x00001333      0x302 cmake/stm32cubemx/CMakeFiles/STM32_Drivers.dir/__/__/Drivers/STM32H5xx_HAL_Driver/Src/stm32h5xx_hal_pcd.c.obj
 .debug_abbrev  0x00001635      0x1e8 cmake/stm32cubemx/CMakeFiles/STM32_Drivers.dir/__/__/Drivers/STM32H5xx_HAL_Driver/Src/stm32h5xx_hal_pcd_ex.c.obj
 .debug_abbrev  0x0000181d      0x237 cmake/stm32cubemx/CMakeFiles/STM32_Drivers.dir/__/__/Drivers/STM32H5xx_HAL_Driver/Src/stm32h5xx_ll_usb.c.obj
 .debug_abbrev  0x00001a54      0x247 CMakeFiles/Astrum.dir/Core/Src/main.c.obj
 .debug_abbrev  0x00001c9b      0x15b CMakeFiles/Astrum.dir/Core/Src/gpio.c.obj
 .debug_abbrev  0x00001df6      0x1bd CMakeFiles/Astrum.dir/Core/Src/crc.c.obj
 .debug_abbrev  0x00001fb3      0x240 CMakeFiles/Astrum.dir/Core/Src/usb.c.obj
 .debug_abbrev  0x000021f3       0xa0 CMakeFiles/Astrum.dir/Core/Src/stm32h5xx_it.c.obj
 .debug_abbrev  0x00002293       0x45 CMakeFiles/Astrum.dir/Core/Src/stm32h5xx_hal_msp.c.obj
 .debug_abbrev  0x000022d8       0x24 CMakeFiles/Astrum.dir/startup_stm32h523xx.s.obj
 .debug_abbrev  0x000022fc      0x227 CMakeFiles/Astrum.dir/Core/Src/app.cpp.obj
 .debug_abbrev  0x00002523      0x3b9 CMakeFiles/Astrum.dir/TINYUSB-SRC/tusb.c.obj
 .debug_abbrev  0x000028dc      0x356 CMakeFiles/Astrum.dir/TINYUSB-SRC/common/tusb_fifo.c.obj
 .debug_abbrev  0x00002c32      0x58c CMakeFiles/Astrum.dir/TINYUSB-SRC/device/usbd.c.obj
 .debug_abbrev  0x000031be      0x327 CMakeFiles/Astrum.dir/TINYUSB-SRC/device/usbd_control.c.obj
 .debug_abbrev  0x000034e5      0x479 CMakeFiles/Astrum.dir/TINYUSB-SRC/class/cdc/cdc_device.c.obj
 .debug_abbrev  0x0000395e      0x606 CMakeFiles/Astrum.dir/TINYUSB-SRC/portable/st/stm32_fsdev/dcd_stm32_fsdev.c.obj
 .debug_abbrev  0x00003f64      0x23c CMakeFiles/Astrum.dir/TINYUSB-SRC/portable/st/stm32_fsdev/fsdev_common.c.obj
 .debug_abbrev  0x000041a0      0x1ce CMakeFiles/Astrum.dir/Core/Src/USB/usb_descriptors.c.obj
 .debug_abbrev  0x0000436e       0x9e C:/ST/STM32CubeCLT_1.19.0/GNU-tools-for-STM32/bin/../lib/gcc/arm-none-eabi/13.3.1/../../../../arm-none-eabi/lib/thumb/v8-m.main+fp/hard\libg_nano.a(libc_a-memset.o)
 .debug_abbrev  0x0000440c       0xc9 C:/ST/STM32CubeCLT_1.19.0/GNU-tools-for-STM32/bin/../lib/gcc/arm-none-eabi/13.3.1/../../../../arm-none-eabi/lib/thumb/v8-m.main+fp/hard\libg_nano.a(libc_a-init.o)
 .debug_abbrev  0x000044d5       0xc1 C:/ST/STM32CubeCLT_1.19.0/GNU-tools-for-STM32/bin/../lib/gcc/arm-none-eabi/13.3.1/../../../../arm-none-eabi/lib/thumb/v8-m.main+fp/hard\libg_nano.a(libc_a-memcpy-stub.o)
 .debug_abbrev  0x00004596       0x28 C:/ST/STM32CubeCLT_1.19.0/GNU-tools-for-STM32/bin/../lib/gcc/arm-none-eabi/13.3.1/../../../../arm-none-eabi/lib/thumb/v8-m.main+fp/hard\libg_nano.a(libc_a-strlen.o)

.debug_aranges  0x00000000     0x12a8
 .debug_aranges
                0x00000000       0x28 cmake/stm32cubemx/CMakeFiles/STM32_Drivers.dir/__/__/Core/Src/system_stm32h5xx.c.obj
 .debug_aranges
                0x00000028       0xa0 cmake/stm32cubemx/CMakeFiles/STM32_Drivers.dir/__/__/Drivers/STM32H5xx_HAL_Driver/Src/stm32h5xx_hal_rcc.c.obj
 .debug_aranges
                0x000000c8      0x108 cmake/stm32cubemx/CMakeFiles/STM32_Drivers.dir/__/__/Drivers/STM32H5xx_HAL_Driver/Src/stm32h5xx_hal_rcc_ex.c.obj
 .debug_aranges
                0x000001d0       0x78 cmake/stm32cubemx/CMakeFiles/STM32_Drivers.dir/__/__/Drivers/STM32H5xx_HAL_Driver/Src/stm32h5xx_hal_gpio.c.obj
 .debug_aranges
                0x00000248      0x148 cmake/stm32cubemx/CMakeFiles/STM32_Drivers.dir/__/__/Drivers/STM32H5xx_HAL_Driver/Src/stm32h5xx_hal_pwr_ex.c.obj
 .debug_aranges
                0x00000390      0x140 cmake/stm32cubemx/CMakeFiles/STM32_Drivers.dir/__/__/Drivers/STM32H5xx_HAL_Driver/Src/stm32h5xx_hal_cortex.c.obj
 .debug_aranges
                0x000004d0      0x1f8 cmake/stm32cubemx/CMakeFiles/STM32_Drivers.dir/__/__/Drivers/STM32H5xx_HAL_Driver/Src/stm32h5xx_hal.c.obj
 .debug_aranges
                0x000006c8       0x60 cmake/stm32cubemx/CMakeFiles/STM32_Drivers.dir/__/__/Drivers/STM32H5xx_HAL_Driver/Src/stm32h5xx_hal_crc.c.obj
 .debug_aranges
                0x00000728       0x30 cmake/stm32cubemx/CMakeFiles/STM32_Drivers.dir/__/__/Drivers/STM32H5xx_HAL_Driver/Src/stm32h5xx_hal_crc_ex.c.obj
 .debug_aranges
                0x00000758      0x150 cmake/stm32cubemx/CMakeFiles/STM32_Drivers.dir/__/__/Drivers/STM32H5xx_HAL_Driver/Src/stm32h5xx_hal_pcd.c.obj
 .debug_aranges
                0x000008a8       0x58 cmake/stm32cubemx/CMakeFiles/STM32_Drivers.dir/__/__/Drivers/STM32H5xx_HAL_Driver/Src/stm32h5xx_hal_pcd_ex.c.obj
 .debug_aranges
                0x00000900      0x130 cmake/stm32cubemx/CMakeFiles/STM32_Drivers.dir/__/__/Drivers/STM32H5xx_HAL_Driver/Src/stm32h5xx_ll_usb.c.obj
 .debug_aranges
                0x00000a30       0x30 CMakeFiles/Astrum.dir/Core/Src/main.c.obj
 .debug_aranges
                0x00000a60       0x20 CMakeFiles/Astrum.dir/Core/Src/gpio.c.obj
 .debug_aranges
                0x00000a80       0x30 CMakeFiles/Astrum.dir/Core/Src/crc.c.obj
 .debug_aranges
                0x00000ab0       0x30 CMakeFiles/Astrum.dir/Core/Src/usb.c.obj
 .debug_aranges
                0x00000ae0       0x68 CMakeFiles/Astrum.dir/Core/Src/stm32h5xx_it.c.obj
 .debug_aranges
                0x00000b48       0x20 CMakeFiles/Astrum.dir/Core/Src/stm32h5xx_hal_msp.c.obj
 .debug_aranges
                0x00000b68       0x28 CMakeFiles/Astrum.dir/startup_stm32h523xx.s.obj
 .debug_aranges
                0x00000b90       0x28 CMakeFiles/Astrum.dir/Core/Src/app.cpp.obj
 .debug_aranges
                0x00000bb8       0xd0 CMakeFiles/Astrum.dir/TINYUSB-SRC/tusb.c.obj
 .debug_aranges
                0x00000c88       0xe0 CMakeFiles/Astrum.dir/TINYUSB-SRC/common/tusb_fifo.c.obj
 .debug_aranges
                0x00000d68      0x1e8 CMakeFiles/Astrum.dir/TINYUSB-SRC/device/usbd.c.obj
 .debug_aranges
                0x00000f50       0x68 CMakeFiles/Astrum.dir/TINYUSB-SRC/device/usbd_control.c.obj
 .debug_aranges
                0x00000fb8       0xf0 CMakeFiles/Astrum.dir/TINYUSB-SRC/class/cdc/cdc_device.c.obj
 .debug_aranges
                0x000010a8      0x108 CMakeFiles/Astrum.dir/TINYUSB-SRC/portable/st/stm32_fsdev/dcd_stm32_fsdev.c.obj
 .debug_aranges
                0x000011b0       0x38 CMakeFiles/Astrum.dir/TINYUSB-SRC/portable/st/stm32_fsdev/fsdev_common.c.obj
 .debug_aranges
                0x000011e8       0x40 CMakeFiles/Astrum.dir/Core/Src/USB/usb_descriptors.c.obj
 .debug_aranges
                0x00001228       0x20 C:/ST/STM32CubeCLT_1.19.0/GNU-tools-for-STM32/bin/../lib/gcc/arm-none-eabi/13.3.1/../../../../arm-none-eabi/lib/thumb/v8-m.main+fp/hard\libg_nano.a(libc_a-memset.o)
 .debug_aranges
                0x00001248       0x20 C:/ST/STM32CubeCLT_1.19.0/GNU-tools-for-STM32/bin/../lib/gcc/arm-none-eabi/13.3.1/../../../../arm-none-eabi/lib/thumb/v8-m.main+fp/hard\libg_nano.a(libc_a-init.o)
 .debug_aranges
                0x00001268       0x20 C:/ST/STM32CubeCLT_1.19.0/GNU-tools-for-STM32/bin/../lib/gcc/arm-none-eabi/13.3.1/../../../../arm-none-eabi/lib/thumb/v8-m.main+fp/hard\libg_nano.a(libc_a-memcpy-stub.o)
 .debug_aranges
                0x00001288       0x20 C:/ST/STM32CubeCLT_1.19.0/GNU-tools-for-STM32/bin/../lib/gcc/arm-none-eabi/13.3.1/../../../../arm-none-eabi/lib/thumb/v8-m.main+fp/hard\libg_nano.a(libc_a-strlen.o)

.debug_rnglists
                0x00000000      0xe64
 .debug_rnglists
                0x00000000       0x1b cmake/stm32cubemx/CMakeFiles/STM32_Drivers.dir/__/__/Core/Src/system_stm32h5xx.c.obj
 .debug_rnglists
                0x0000001b       0x79 cmake/stm32cubemx/CMakeFiles/STM32_Drivers.dir/__/__/Drivers/STM32H5xx_HAL_Driver/Src/stm32h5xx_hal_rcc.c.obj
 .debug_rnglists
                0x00000094       0xcf cmake/stm32cubemx/CMakeFiles/STM32_Drivers.dir/__/__/Drivers/STM32H5xx_HAL_Driver/Src/stm32h5xx_hal_rcc_ex.c.obj
 .debug_rnglists
                0x00000163       0x57 cmake/stm32cubemx/CMakeFiles/STM32_Drivers.dir/__/__/Drivers/STM32H5xx_HAL_Driver/Src/stm32h5xx_hal_gpio.c.obj
 .debug_rnglists
                0x000001ba       0xf3 cmake/stm32cubemx/CMakeFiles/STM32_Drivers.dir/__/__/Drivers/STM32H5xx_HAL_Driver/Src/stm32h5xx_hal_pwr_ex.c.obj
 .debug_rnglists
                0x000002ad       0xec cmake/stm32cubemx/CMakeFiles/STM32_Drivers.dir/__/__/Drivers/STM32H5xx_HAL_Driver/Src/stm32h5xx_hal_cortex.c.obj
 .debug_rnglists
                0x00000399      0x177 cmake/stm32cubemx/CMakeFiles/STM32_Drivers.dir/__/__/Drivers/STM32H5xx_HAL_Driver/Src/stm32h5xx_hal.c.obj
 .debug_rnglists
                0x00000510       0x47 cmake/stm32cubemx/CMakeFiles/STM32_Drivers.dir/__/__/Drivers/STM32H5xx_HAL_Driver/Src/stm32h5xx_hal_crc.c.obj
 .debug_rnglists
                0x00000557       0x20 cmake/stm32cubemx/CMakeFiles/STM32_Drivers.dir/__/__/Drivers/STM32H5xx_HAL_Driver/Src/stm32h5xx_hal_crc_ex.c.obj
 .debug_rnglists
                0x00000577      0x100 cmake/stm32cubemx/CMakeFiles/STM32_Drivers.dir/__/__/Drivers/STM32H5xx_HAL_Driver/Src/stm32h5xx_hal_pcd.c.obj
 .debug_rnglists
                0x00000677       0x3f cmake/stm32cubemx/CMakeFiles/STM32_Drivers.dir/__/__/Drivers/STM32H5xx_HAL_Driver/Src/stm32h5xx_hal_pcd_ex.c.obj
 .debug_rnglists
                0x000006b6       0xeb cmake/stm32cubemx/CMakeFiles/STM32_Drivers.dir/__/__/Drivers/STM32H5xx_HAL_Driver/Src/stm32h5xx_ll_usb.c.obj
 .debug_rnglists
                0x000007a1       0x20 CMakeFiles/Astrum.dir/Core/Src/main.c.obj
 .debug_rnglists
                0x000007c1       0x14 CMakeFiles/Astrum.dir/Core/Src/gpio.c.obj
 .debug_rnglists
                0x000007d5       0x1f CMakeFiles/Astrum.dir/Core/Src/crc.c.obj
 .debug_rnglists
                0x000007f4       0x20 CMakeFiles/Astrum.dir/Core/Src/usb.c.obj
 .debug_rnglists
                0x00000814       0x49 CMakeFiles/Astrum.dir/Core/Src/stm32h5xx_it.c.obj
 .debug_rnglists
                0x0000085d       0x13 CMakeFiles/Astrum.dir/Core/Src/stm32h5xx_hal_msp.c.obj
 .debug_rnglists
                0x00000870       0x19 CMakeFiles/Astrum.dir/startup_stm32h523xx.s.obj
 .debug_rnglists
                0x00000889       0x19 CMakeFiles/Astrum.dir/Core/Src/app.cpp.obj
 .debug_rnglists
                0x000008a2       0x9d CMakeFiles/Astrum.dir/TINYUSB-SRC/tusb.c.obj
 .debug_rnglists
                0x0000093f       0xae CMakeFiles/Astrum.dir/TINYUSB-SRC/common/tusb_fifo.c.obj
 .debug_rnglists
                0x000009ed      0x1fb CMakeFiles/Astrum.dir/TINYUSB-SRC/device/usbd.c.obj
 .debug_rnglists
                0x00000be8       0x4c CMakeFiles/Astrum.dir/TINYUSB-SRC/device/usbd_control.c.obj
 .debug_rnglists
                0x00000c34       0xc6 CMakeFiles/Astrum.dir/TINYUSB-SRC/class/cdc/cdc_device.c.obj
 .debug_rnglists
                0x00000cfa       0xde CMakeFiles/Astrum.dir/TINYUSB-SRC/portable/st/stm32_fsdev/dcd_stm32_fsdev.c.obj
 .debug_rnglists
                0x00000dd8       0x26 CMakeFiles/Astrum.dir/TINYUSB-SRC/portable/st/stm32_fsdev/fsdev_common.c.obj
 .debug_rnglists
                0x00000dfe       0x2d CMakeFiles/Astrum.dir/Core/Src/USB/usb_descriptors.c.obj
 .debug_rnglists
                0x00000e2b       0x13 C:/ST/STM32CubeCLT_1.19.0/GNU-tools-for-STM32/bin/../lib/gcc/arm-none-eabi/13.3.1/../../../../arm-none-eabi/lib/thumb/v8-m.main+fp/hard\libg_nano.a(libc_a-memset.o)
 .debug_rnglists
                0x00000e3e       0x13 C:/ST/STM32CubeCLT_1.19.0/GNU-tools-for-STM32/bin/../lib/gcc/arm-none-eabi/13.3.1/../../../../arm-none-eabi/lib/thumb/v8-m.main+fp/hard\libg_nano.a(libc_a-init.o)
 .debug_rnglists
                0x00000e51       0x13 C:/ST/STM32CubeCLT_1.19.0/GNU-tools-for-STM32/bin/../lib/gcc/arm-none-eabi/13.3.1/../../../../arm-none-eabi/lib/thumb/v8-m.main+fp/hard\libg_nano.a(libc_a-memcpy-stub.o)

.debug_macro    0x00000000    0x31b99
 .debug_macro   0x00000000      0x28e cmake/stm32cubemx/CMakeFiles/STM32_Drivers.dir/__/__/Core/Src/system_stm32h5xx.c.obj
 .debug_macro   0x0000028e      0xade cmake/stm32cubemx/CMakeFiles/STM32_Drivers.dir/__/__/Core/Src/system_stm32h5xx.c.obj
 .debug_macro   0x00000d6c       0x22 cmake/stm32cubemx/CMakeFiles/STM32_Drivers.dir/__/__/Core/Src/system_stm32h5xx.c.obj
 .debug_macro   0x00000d8e       0x6e cmake/stm32cubemx/CMakeFiles/STM32_Drivers.dir/__/__/Core/Src/system_stm32h5xx.c.obj
 .debug_macro   0x00000dfc       0x2a cmake/stm32cubemx/CMakeFiles/STM32_Drivers.dir/__/__/Core/Src/system_stm32h5xx.c.obj
 .debug_macro   0x00000e26       0x94 cmake/stm32cubemx/CMakeFiles/STM32_Drivers.dir/__/__/Core/Src/system_stm32h5xx.c.obj
 .debug_macro   0x00000eba       0x3c cmake/stm32cubemx/CMakeFiles/STM32_Drivers.dir/__/__/Core/Src/system_stm32h5xx.c.obj
 .debug_macro   0x00000ef6       0x34 cmake/stm32cubemx/CMakeFiles/STM32_Drivers.dir/__/__/Core/Src/system_stm32h5xx.c.obj
 .debug_macro   0x00000f2a      0x190 cmake/stm32cubemx/CMakeFiles/STM32_Drivers.dir/__/__/Core/Src/system_stm32h5xx.c.obj
 .debug_macro   0x000010ba       0x57 cmake/stm32cubemx/CMakeFiles/STM32_Drivers.dir/__/__/Core/Src/system_stm32h5xx.c.obj
 .debug_macro   0x00001111      0x370 cmake/stm32cubemx/CMakeFiles/STM32_Drivers.dir/__/__/Core/Src/system_stm32h5xx.c.obj
 .debug_macro   0x00001481       0x16 cmake/stm32cubemx/CMakeFiles/STM32_Drivers.dir/__/__/Core/Src/system_stm32h5xx.c.obj
 .debug_macro   0x00001497       0x4a cmake/stm32cubemx/CMakeFiles/STM32_Drivers.dir/__/__/Core/Src/system_stm32h5xx.c.obj
 .debug_macro   0x000014e1       0x34 cmake/stm32cubemx/CMakeFiles/STM32_Drivers.dir/__/__/Core/Src/system_stm32h5xx.c.obj
 .debug_macro   0x00001515       0x10 cmake/stm32cubemx/CMakeFiles/STM32_Drivers.dir/__/__/Core/Src/system_stm32h5xx.c.obj
 .debug_macro   0x00001525       0x58 cmake/stm32cubemx/CMakeFiles/STM32_Drivers.dir/__/__/Core/Src/system_stm32h5xx.c.obj
 .debug_macro   0x0000157d      0x1e5 cmake/stm32cubemx/CMakeFiles/STM32_Drivers.dir/__/__/Core/Src/system_stm32h5xx.c.obj
 .debug_macro   0x00001762      0x19b cmake/stm32cubemx/CMakeFiles/STM32_Drivers.dir/__/__/Core/Src/system_stm32h5xx.c.obj
 .debug_macro   0x000018fd       0x28 cmake/stm32cubemx/CMakeFiles/STM32_Drivers.dir/__/__/Core/Src/system_stm32h5xx.c.obj
 .debug_macro   0x00001925       0x42 cmake/stm32cubemx/CMakeFiles/STM32_Drivers.dir/__/__/Core/Src/system_stm32h5xx.c.obj
 .debug_macro   0x00001967      0x103 cmake/stm32cubemx/CMakeFiles/STM32_Drivers.dir/__/__/Core/Src/system_stm32h5xx.c.obj
 .debug_macro   0x00001a6a       0x6a cmake/stm32cubemx/CMakeFiles/STM32_Drivers.dir/__/__/Core/Src/system_stm32h5xx.c.obj
 .debug_macro   0x00001ad4      0x1df cmake/stm32cubemx/CMakeFiles/STM32_Drivers.dir/__/__/Core/Src/system_stm32h5xx.c.obj
 .debug_macro   0x00001cb3       0x1c cmake/stm32cubemx/CMakeFiles/STM32_Drivers.dir/__/__/Core/Src/system_stm32h5xx.c.obj
 .debug_macro   0x00001ccf       0x29 cmake/stm32cubemx/CMakeFiles/STM32_Drivers.dir/__/__/Core/Src/system_stm32h5xx.c.obj
 .debug_macro   0x00001cf8       0xfb cmake/stm32cubemx/CMakeFiles/STM32_Drivers.dir/__/__/Core/Src/system_stm32h5xx.c.obj
 .debug_macro   0x00001df3     0x1685 cmake/stm32cubemx/CMakeFiles/STM32_Drivers.dir/__/__/Core/Src/system_stm32h5xx.c.obj
 .debug_macro   0x00003478       0x5e cmake/stm32cubemx/CMakeFiles/STM32_Drivers.dir/__/__/Core/Src/system_stm32h5xx.c.obj
 .debug_macro   0x000034d6    0x1b39d cmake/stm32cubemx/CMakeFiles/STM32_Drivers.dir/__/__/Core/Src/system_stm32h5xx.c.obj
 .debug_macro   0x0001e873       0x6d cmake/stm32cubemx/CMakeFiles/STM32_Drivers.dir/__/__/Core/Src/system_stm32h5xx.c.obj
 .debug_macro   0x0001e8e0      0x1bb cmake/stm32cubemx/CMakeFiles/STM32_Drivers.dir/__/__/Core/Src/system_stm32h5xx.c.obj
 .debug_macro   0x0001ea9b     0x388a cmake/stm32cubemx/CMakeFiles/STM32_Drivers.dir/__/__/Core/Src/system_stm32h5xx.c.obj
 .debug_macro   0x00022325       0x63 cmake/stm32cubemx/CMakeFiles/STM32_Drivers.dir/__/__/Core/Src/system_stm32h5xx.c.obj
 .debug_macro   0x00022388     0x19b8 cmake/stm32cubemx/CMakeFiles/STM32_Drivers.dir/__/__/Core/Src/system_stm32h5xx.c.obj
 .debug_macro   0x00023d40      0xa9f cmake/stm32cubemx/CMakeFiles/STM32_Drivers.dir/__/__/Core/Src/system_stm32h5xx.c.obj
 .debug_macro   0x000247df      0x166 cmake/stm32cubemx/CMakeFiles/STM32_Drivers.dir/__/__/Core/Src/system_stm32h5xx.c.obj
 .debug_macro   0x00024945      0x262 cmake/stm32cubemx/CMakeFiles/STM32_Drivers.dir/__/__/Core/Src/system_stm32h5xx.c.obj
 .debug_macro   0x00024ba7      0x72d cmake/stm32cubemx/CMakeFiles/STM32_Drivers.dir/__/__/Core/Src/system_stm32h5xx.c.obj
 .debug_macro   0x000252d4      0x424 cmake/stm32cubemx/CMakeFiles/STM32_Drivers.dir/__/__/Core/Src/system_stm32h5xx.c.obj
 .debug_macro   0x000256f8       0xd6 cmake/stm32cubemx/CMakeFiles/STM32_Drivers.dir/__/__/Core/Src/system_stm32h5xx.c.obj
 .debug_macro   0x000257ce      0x1cd cmake/stm32cubemx/CMakeFiles/STM32_Drivers.dir/__/__/Core/Src/system_stm32h5xx.c.obj
 .debug_macro   0x0002599b       0xc7 cmake/stm32cubemx/CMakeFiles/STM32_Drivers.dir/__/__/Core/Src/system_stm32h5xx.c.obj
 .debug_macro   0x00025a62       0x4c cmake/stm32cubemx/CMakeFiles/STM32_Drivers.dir/__/__/Core/Src/system_stm32h5xx.c.obj
 .debug_macro   0x00025aae      0x2bb cmake/stm32cubemx/CMakeFiles/STM32_Drivers.dir/__/__/Core/Src/system_stm32h5xx.c.obj
 .debug_macro   0x00025d69      0x57b cmake/stm32cubemx/CMakeFiles/STM32_Drivers.dir/__/__/Core/Src/system_stm32h5xx.c.obj
 .debug_macro   0x000262e4       0x7b cmake/stm32cubemx/CMakeFiles/STM32_Drivers.dir/__/__/Core/Src/system_stm32h5xx.c.obj
 .debug_macro   0x0002635f      0x22c cmake/stm32cubemx/CMakeFiles/STM32_Drivers.dir/__/__/Core/Src/system_stm32h5xx.c.obj
 .debug_macro   0x0002658b       0x35 cmake/stm32cubemx/CMakeFiles/STM32_Drivers.dir/__/__/Core/Src/system_stm32h5xx.c.obj
 .debug_macro   0x000265c0       0xa5 cmake/stm32cubemx/CMakeFiles/STM32_Drivers.dir/__/__/Core/Src/system_stm32h5xx.c.obj
 .debug_macro   0x00026665      0x313 cmake/stm32cubemx/CMakeFiles/STM32_Drivers.dir/__/__/Core/Src/system_stm32h5xx.c.obj
 .debug_macro   0x00026978      0x1bb cmake/stm32cubemx/CMakeFiles/STM32_Drivers.dir/__/__/Core/Src/system_stm32h5xx.c.obj
 .debug_macro   0x00026b33      0x23f cmake/stm32cubemx/CMakeFiles/STM32_Drivers.dir/__/__/Core/Src/system_stm32h5xx.c.obj
 .debug_macro   0x00026d72      0x177 cmake/stm32cubemx/CMakeFiles/STM32_Drivers.dir/__/__/Core/Src/system_stm32h5xx.c.obj
 .debug_macro   0x00026ee9      0x253 cmake/stm32cubemx/CMakeFiles/STM32_Drivers.dir/__/__/Core/Src/system_stm32h5xx.c.obj
 .debug_macro   0x0002713c      0x469 cmake/stm32cubemx/CMakeFiles/STM32_Drivers.dir/__/__/Core/Src/system_stm32h5xx.c.obj
 .debug_macro   0x000275a5      0x2c9 cmake/stm32cubemx/CMakeFiles/STM32_Drivers.dir/__/__/Drivers/STM32H5xx_HAL_Driver/Src/stm32h5xx_hal_rcc.c.obj
 .debug_macro   0x0002786e      0x299 cmake/stm32cubemx/CMakeFiles/STM32_Drivers.dir/__/__/Drivers/STM32H5xx_HAL_Driver/Src/stm32h5xx_hal_rcc_ex.c.obj
 .debug_macro   0x00027b07      0x2bd cmake/stm32cubemx/CMakeFiles/STM32_Drivers.dir/__/__/Drivers/STM32H5xx_HAL_Driver/Src/stm32h5xx_hal_gpio.c.obj
 .debug_macro   0x00027dc4      0x2b1 cmake/stm32cubemx/CMakeFiles/STM32_Drivers.dir/__/__/Drivers/STM32H5xx_HAL_Driver/Src/stm32h5xx_hal_pwr_ex.c.obj
 .debug_macro   0x00028075      0x287 cmake/stm32cubemx/CMakeFiles/STM32_Drivers.dir/__/__/Drivers/STM32H5xx_HAL_Driver/Src/stm32h5xx_hal_cortex.c.obj
 .debug_macro   0x000282fc      0x2bd cmake/stm32cubemx/CMakeFiles/STM32_Drivers.dir/__/__/Drivers/STM32H5xx_HAL_Driver/Src/stm32h5xx_hal.c.obj
 .debug_macro   0x000285b9      0x287 cmake/stm32cubemx/CMakeFiles/STM32_Drivers.dir/__/__/Drivers/STM32H5xx_HAL_Driver/Src/stm32h5xx_hal_crc.c.obj
 .debug_macro   0x00028840      0x287 cmake/stm32cubemx/CMakeFiles/STM32_Drivers.dir/__/__/Drivers/STM32H5xx_HAL_Driver/Src/stm32h5xx_hal_crc_ex.c.obj
 .debug_macro   0x00028ac7      0x293 cmake/stm32cubemx/CMakeFiles/STM32_Drivers.dir/__/__/Drivers/STM32H5xx_HAL_Driver/Src/stm32h5xx_hal_pcd.c.obj
 .debug_macro   0x00028d5a      0x287 cmake/stm32cubemx/CMakeFiles/STM32_Drivers.dir/__/__/Drivers/STM32H5xx_HAL_Driver/Src/stm32h5xx_hal_pcd_ex.c.obj
 .debug_macro   0x00028fe1      0x287 cmake/stm32cubemx/CMakeFiles/STM32_Drivers.dir/__/__/Drivers/STM32H5xx_HAL_Driver/Src/stm32h5xx_ll_usb.c.obj
 .debug_macro   0x00029268      0x3d0 CMakeFiles/Astrum.dir/Core/Src/main.c.obj
 .debug_macro   0x00029638       0xa0 CMakeFiles/Astrum.dir/Core/Src/main.c.obj
 .debug_macro   0x000296d8       0x22 CMakeFiles/Astrum.dir/Core/Src/main.c.obj
 .debug_macro   0x000296fa       0x10 CMakeFiles/Astrum.dir/Core/Src/main.c.obj
 .debug_macro   0x0002970a      0x4cc CMakeFiles/Astrum.dir/Core/Src/main.c.obj
 .debug_macro   0x00029bd6      0x192 CMakeFiles/Astrum.dir/Core/Src/main.c.obj
 .debug_macro   0x00029d68      0x3b7 CMakeFiles/Astrum.dir/Core/Src/main.c.obj
 .debug_macro   0x0002a11f       0x88 CMakeFiles/Astrum.dir/Core/Src/main.c.obj
 .debug_macro   0x0002a1a7       0x49 CMakeFiles/Astrum.dir/Core/Src/main.c.obj
 .debug_macro   0x0002a1f0      0x242 CMakeFiles/Astrum.dir/Core/Src/main.c.obj
 .debug_macro   0x0002a432       0x48 CMakeFiles/Astrum.dir/Core/Src/main.c.obj
 .debug_macro   0x0002a47a       0x48 CMakeFiles/Astrum.dir/Core/Src/main.c.obj
 .debug_macro   0x0002a4c2       0xc7 CMakeFiles/Astrum.dir/Core/Src/main.c.obj
 .debug_macro   0x0002a589       0x10 CMakeFiles/Astrum.dir/Core/Src/main.c.obj
 .debug_macro   0x0002a599       0x28 CMakeFiles/Astrum.dir/Core/Src/main.c.obj
 .debug_macro   0x0002a5c1       0x25 CMakeFiles/Astrum.dir/Core/Src/main.c.obj
 .debug_macro   0x0002a5e6       0x25 CMakeFiles/Astrum.dir/Core/Src/main.c.obj
 .debug_macro   0x0002a60b      0x461 CMakeFiles/Astrum.dir/Core/Src/main.c.obj
 .debug_macro   0x0002aa6c       0x42 CMakeFiles/Astrum.dir/Core/Src/main.c.obj
 .debug_macro   0x0002aaae       0x2e CMakeFiles/Astrum.dir/Core/Src/main.c.obj
 .debug_macro   0x0002aadc       0x20 CMakeFiles/Astrum.dir/Core/Src/main.c.obj
 .debug_macro   0x0002aafc      0x29b CMakeFiles/Astrum.dir/Core/Src/gpio.c.obj
 .debug_macro   0x0002ad97      0x29b CMakeFiles/Astrum.dir/Core/Src/crc.c.obj
 .debug_macro   0x0002b032      0x29b CMakeFiles/Astrum.dir/Core/Src/usb.c.obj
 .debug_macro   0x0002b2cd      0x3b4 CMakeFiles/Astrum.dir/Core/Src/stm32h5xx_it.c.obj
 .debug_macro   0x0002b681      0x291 CMakeFiles/Astrum.dir/Core/Src/stm32h5xx_hal_msp.c.obj
 .debug_macro   0x0002b912      0x5af CMakeFiles/Astrum.dir/Core/Src/app.cpp.obj
 .debug_macro   0x0002bec1      0xc22 CMakeFiles/Astrum.dir/Core/Src/app.cpp.obj
 .debug_macro   0x0002cae3       0x16 CMakeFiles/Astrum.dir/Core/Src/app.cpp.obj
 .debug_macro   0x0002caf9       0x1c CMakeFiles/Astrum.dir/Core/Src/app.cpp.obj
 .debug_macro   0x0002cb15       0x3a CMakeFiles/Astrum.dir/Core/Src/app.cpp.obj
 .debug_macro   0x0002cb4f       0x89 CMakeFiles/Astrum.dir/Core/Src/app.cpp.obj
 .debug_macro   0x0002cbd8      0x120 CMakeFiles/Astrum.dir/Core/Src/app.cpp.obj
 .debug_macro   0x0002ccf8      0x38c CMakeFiles/Astrum.dir/Core/Src/app.cpp.obj
 .debug_macro   0x0002d084       0x4a CMakeFiles/Astrum.dir/Core/Src/app.cpp.obj
 .debug_macro   0x0002d0ce       0x10 CMakeFiles/Astrum.dir/Core/Src/app.cpp.obj
 .debug_macro   0x0002d0de       0x3c CMakeFiles/Astrum.dir/Core/Src/app.cpp.obj
 .debug_macro   0x0002d11a      0x192 CMakeFiles/Astrum.dir/Core/Src/app.cpp.obj
 .debug_macro   0x0002d2ac      0x1f2 CMakeFiles/Astrum.dir/Core/Src/app.cpp.obj
 .debug_macro   0x0002d49e       0x10 CMakeFiles/Astrum.dir/Core/Src/app.cpp.obj
 .debug_macro   0x0002d4ae       0xc8 CMakeFiles/Astrum.dir/Core/Src/app.cpp.obj
 .debug_macro   0x0002d576      0x103 CMakeFiles/Astrum.dir/Core/Src/app.cpp.obj
 .debug_macro   0x0002d679      0x368 CMakeFiles/Astrum.dir/Core/Src/app.cpp.obj
 .debug_macro   0x0002d9e1       0x18 CMakeFiles/Astrum.dir/Core/Src/app.cpp.obj
 .debug_macro   0x0002d9f9      0x194 CMakeFiles/Astrum.dir/Core/Src/app.cpp.obj
 .debug_macro   0x0002db8d       0x10 CMakeFiles/Astrum.dir/Core/Src/app.cpp.obj
 .debug_macro   0x0002db9d       0x10 CMakeFiles/Astrum.dir/Core/Src/app.cpp.obj
 .debug_macro   0x0002dbad      0x3ce CMakeFiles/Astrum.dir/Core/Src/app.cpp.obj
 .debug_macro   0x0002df7b       0x16 CMakeFiles/Astrum.dir/Core/Src/app.cpp.obj
 .debug_macro   0x0002df91       0x1c CMakeFiles/Astrum.dir/Core/Src/app.cpp.obj
 .debug_macro   0x0002dfad       0x4f CMakeFiles/Astrum.dir/Core/Src/app.cpp.obj
 .debug_macro   0x0002dffc       0x6a CMakeFiles/Astrum.dir/Core/Src/app.cpp.obj
 .debug_macro   0x0002e066       0x25 CMakeFiles/Astrum.dir/Core/Src/app.cpp.obj
 .debug_macro   0x0002e08b       0x18 CMakeFiles/Astrum.dir/Core/Src/app.cpp.obj
 .debug_macro   0x0002e0a3       0x27 CMakeFiles/Astrum.dir/Core/Src/app.cpp.obj
 .debug_macro   0x0002e0ca       0x28 CMakeFiles/Astrum.dir/Core/Src/app.cpp.obj
 .debug_macro   0x0002e0f2       0x2e CMakeFiles/Astrum.dir/Core/Src/app.cpp.obj
 .debug_macro   0x0002e120       0x1f CMakeFiles/Astrum.dir/Core/Src/app.cpp.obj
 .debug_macro   0x0002e13f       0x88 CMakeFiles/Astrum.dir/Core/Src/app.cpp.obj